  console.error
    Received `true` for a non-boolean attribute `fill`.
    
    If you want to write it to the DOM, pass a string instead: fill="true" or fill={value.toString()}.

    [0m [90m 126 |[39m     [36mreturn[39m
     [90m 127 |[39m   }
    [31m[1m>[22m[39m[90m 128 |[39m   originalConsoleError[33m.[39mcall(console[33m,[39m [33m...[39margs)
     [90m     |[39m                        [31m[1m^[22m[39m
     [90m 129 |[39m }
     [90m 130 |[39m
     [90m 131 |[39m [90m// Clean up after each test[39m[0m

      at console.call [as error] (jest.setup.js:128:24)
      at validateProperty (node_modules/react-dom/cjs/react-dom-client.development.js:3070:27)
      at warnUnknownProperties (node_modules/react-dom/cjs/react-dom-client.development.js:3146:9)
      at validatePropertiesInDevelopment (node_modules/react-dom/cjs/react-dom-client.development.js:19868:9)
      at setInitialProperties (node_modules/react-dom/cjs/react-dom-client.development.js:20491:7)
      at completeWork (node_modules/react-dom/cjs/react-dom-client.development.js:12662:18)
      at runWithFiberInDEV (node_modules/react-dom/cjs/react-dom-client.development.js:874:13)
      at completeUnitOfWork (node_modules/react-dom/cjs/react-dom-client.development.js:17777:19)
      at performUnitOfWork (node_modules/react-dom/cjs/react-dom-client.development.js:17658:11)
      at workLoopSync (node_modules/react-dom/cjs/react-dom-client.development.js:17469:41)
      at renderRootSync (node_modules/react-dom/cjs/react-dom-client.development.js:17450:11)
      at performWorkOnRoot (node_modules/react-dom/cjs/react-dom-client.development.js:16504:11)
      at performWorkOnRootViaSchedulerTask (node_modules/react-dom/cjs/react-dom-client.development.js:18957:7)
      at flushActQueue (node_modules/react/cjs/react.development.js:590:34)
      at process.env.NODE_ENV.exports.act (node_modules/react/cjs/react.development.js:884:10)
      at node_modules/@testing-library/react/dist/act-compat.js:47:25
      at renderRoot (node_modules/@testing-library/react/dist/pure.js:190:26)
      at render (node_modules/@testing-library/react/dist/pure.js:292:10)
      at Object.<anonymous> (src/__tests__/components/UserAvatar.test.tsx:7:13)

PASS src/__tests__/components/UserAvatar.test.tsx
  UserAvatar
    with image
      ΓêÜ renders image when provided (111 ms)
      ΓêÜ uses "User" as alt when name is not provided (12 ms)
      ΓêÜ handles null name (8 ms)
    without image
      ΓêÜ renders default SVG avatar (4 ms)
      ΓêÜ renders SVG when image is null (5 ms)
      ΓêÜ renders SVG when image is undefined (3 ms)
      ΓêÜ does not render img element (3 ms)
      ΓêÜ renders SVG when image is empty string (2 ms)
      ΓêÜ renders SVG when image is whitespace only (4 ms)
      ΓêÜ renders initials when image is empty string but name is provided (2 ms)
      ΓêÜ renders initials when image is invalid URL but name is provided (3 ms)
    sizes
      ΓêÜ renders sm size (6 ms)
      ΓêÜ renders md size by default (2 ms)
      ΓêÜ renders lg size (3 ms)
      ΓêÜ renders xl size (2 ms)
    with image and sizes
      ΓêÜ renders sm size with image (5 ms)
      ΓêÜ renders lg size with image (2 ms)
    className prop
      ΓêÜ applies custom className with image (4 ms)
      ΓêÜ applies custom className without image (2 ms)
      ΓêÜ merges custom className with size classes (2 ms)
    styling
      ΓêÜ has rounded-full class with image (3 ms)
      ΓêÜ has rounded-full class without image (2 ms)
      ΓêÜ has overflow-hidden with image (3 ms)
      ΓêÜ has flex and center classes without image (2 ms)
    image styling
      ΓêÜ image has correct classes (5 ms)
    SVG avatar
      ΓêÜ SVG has correct viewBox (1 ms)
      ΓêÜ SVG has correct sizing classes (3 ms)
      ΓêÜ SVG contains circle and path elements (2 ms)

Test Suites: 1 passed, 1 total
Tests:       28 passed, 28 total
Snapshots:   0 total
Time:        2.191 s
Ran all test suites matching src/__tests__/components/UserAvatar.test.tsx.
