[dotenv@17.2.3] injecting env (0) from .env.local -- tip: 👥 sync secrets across teammates & machines: https://dotenvx.com/ops
[dotenv@17.2.3] injecting env (23) from .env -- tip: 🔐 encrypt with Dotenvx: https://dotenvx.com

Running 857 tests using 4 workers

  -    1 [setup] › tests\e2e\auth.setup.ts:88:8 › admin auth › authenticate as admin
[dotenv@17.2.3] injecting env (0) from .env.local -- tip: 🛠️  run anywhere with `dotenvx run -- yourcommand`
[dotenv@17.2.3] injecting env (0) from .env -- tip: ⚙️  write to custom object with { processEnv: myObject }
  ✓    2 [setup] › tests\e2e\auth.setup.ts:16:6 › authenticate (10.0s)
[dotenv@17.2.3] injecting env (0) from .env.local -- tip: ⚙️  suppress all logs with { quiet: true }
[dotenv@17.2.3] injecting env (0) from .env -- tip: 🔑 add access controls to secrets: https://dotenvx.com/ops
[dotenv@17.2.3] injecting env (0) from .env.local -- tip: 🗂️ backup and recover secrets: https://dotenvx.com/ops
[dotenv@17.2.3] injecting env (0) from .env -- tip: 📡 add observability to secrets: https://dotenvx.com/ops
[dotenv@17.2.3] injecting env (0) from .env.local -- tip: ⚙️  write to custom object with { processEnv: myObject }
[dotenv@17.2.3] injecting env (0) from .env -- tip: 📡 add observability to secrets: https://dotenvx.com/ops
[dotenv@17.2.3] injecting env (0) from .env.local -- tip: 🛠️  run anywhere with `dotenvx run -- yourcommand`
[dotenv@17.2.3] injecting env (0) from .env -- tip: 🗂️ backup and recover secrets: https://dotenvx.com/ops
  ✓    6 [chromium] › tests\e2e\journeys\01-discovery-search.spec.ts:62:9 › Discovery & Search Journeys › J001: Anonymous user browses home page › @anon - Empty state when no featured listings (1.4s)
  ✓    5 [chromium] › tests\e2e\journeys\01-discovery-search.spec.ts:116:9 › Discovery & Search Journeys › J002: Search with multiple filters › @anon - Zero results shows suggestions (5.5s)
  ✓    4 [chromium] › tests\e2e\journeys\01-discovery-search.spec.ts:87:9 › Discovery & Search Journeys › J002: Search with multiple filters › @anon @mobile - Filter search results (8.3s)
  ✓    7 [chromium] › tests\e2e\journeys\01-discovery-search.spec.ts:133:9 › Discovery & Search Journeys › J003: Listing detail with image gallery › @anon @a11y - View listing details and gallery (7.2s)
  ✓    8 [chromium] › tests\e2e\journeys\01-discovery-search.spec.ts:176:9 › Discovery & Search Journeys › J003: Listing detail with image gallery › @anon - 404 for non-existent listing (3.4s)
  ✓    3 [chromium] › tests\e2e\journeys\01-discovery-search.spec.ts:16:9 › Discovery & Search Journeys › J001: Anonymous user browses home page › @anon @mobile @a11y - Home page discovery flow (11.9s)
  ✓   10 [chromium] › tests\e2e\journeys\01-discovery-search.spec.ts:225:9 › Discovery & Search Journeys › J005: Sort search results › @anon - Sort by price and date (4.7s)
  ✓   11 [chromium] › tests\e2e\journeys\01-discovery-search.spec.ts:251:9 › Discovery & Search Journeys › J006: Pagination through results › @anon @mobile - Navigate through pages (4.6s)
  ✓    9 [chromium] › tests\e2e\journeys\01-discovery-search.spec.ts:187:9 › Discovery & Search Journeys › J004: Map view with pan and zoom › @anon @slow - Map interaction (5.9s)
  ✓   12 [chromium] › tests\e2e\journeys\01-discovery-search.spec.ts:284:9 › Discovery & Search Journeys › J007-J010: Accessibility checks for search › @a11y - Search page accessibility (3.3s)
  ✓   14 [chromium] › tests\e2e\journeys\02-auth.spec.ts:70:9 › Authentication Journeys › J007: User signup with email › @auth - Signup with existing email shows error (3.5s)
  ✘   17 [chromium] › tests\e2e\journeys\02-auth.spec.ts:157:9 › Authentication Journeys › J008: User login › @auth - Invalid credentials show error (1.8s)
[dotenv@17.2.3] injecting env (0) from .env.local -- tip: ⚙️  enable debug logging with { debug: true }
[dotenv@17.2.3] injecting env (0) from .env -- tip: ⚙️  enable debug logging with { debug: true }
  ✓   15 [chromium] › tests\e2e\journeys\02-auth.spec.ts:103:9 › Authentication Journeys › J007: User signup with email › @auth - Weak password validation (7.8s)
  ✘   19 [chromium] › tests\e2e\journeys\02-auth.spec.ts:176:9 › Authentication Journeys › J009: User logout › @auth - Logout clears session (1.3s)
  ✘   18 [chromium] › tests\e2e\journeys\02-auth.spec.ts:157:9 › Authentication Journeys › J008: User login › @auth - Invalid credentials show error (retry #1) (2.0s)
[dotenv@17.2.3] injecting env (0) from .env.local -- tip: 👥 sync secrets across teammates & machines: https://dotenvx.com/ops
[dotenv@17.2.3] injecting env (0) from .env -- tip: 🔐 prevent building .env in docker: https://dotenvx.com/prebuild
[dotenv@17.2.3] injecting env (0) from .env.local -- tip: 🔐 prevent building .env in docker: https://dotenvx.com/prebuild
[dotenv@17.2.3] injecting env (0) from .env -- tip: 🔐 prevent committing .env to code: https://dotenvx.com/precommit
  ✘   16 [chromium] › tests\e2e\journeys\02-auth.spec.ts:130:9 › Authentication Journeys › J008: User login › @auth - Successful login flow (11.5s)
  ✘   13 [chromium] › tests\e2e\journeys\02-auth.spec.ts:16:9 › Authentication Journeys › J007: User signup with email › @auth @a11y - Complete signup flow (13.3s)
  ✘   20 [chromium] › tests\e2e\journeys\02-auth.spec.ts:176:9 › Authentication Journeys › J009: User logout › @auth - Logout clears session (retry #1) (1.5s)
[dotenv@17.2.3] injecting env (0) from .env.local -- tip: ✅ audit secrets and track compliance: https://dotenvx.com/ops
[dotenv@17.2.3] injecting env (0) from .env -- tip: ⚙️  write to custom object with { processEnv: myObject }
[dotenv@17.2.3] injecting env (0) from .env.local -- tip: 🛠️  run anywhere with `dotenvx run -- yourcommand`
[dotenv@17.2.3] injecting env (0) from .env -- tip: ⚙️  specify custom .env file path with { path: '/custom/path/.env' }
[dotenv@17.2.3] injecting env (0) from .env.local -- tip: 🛠️  run anywhere with `dotenvx run -- yourcommand`
[dotenv@17.2.3] injecting env (0) from .env -- tip: ✅ audit secrets and track compliance: https://dotenvx.com/ops
  ✘   24 [chromium] › tests\e2e\journeys\02-auth.spec.ts:226:9 › Authentication Journeys › J011-J012: Protected route access › @auth - Unauthenticated user redirected from protected routes (3.4s)
[dotenv@17.2.3] injecting env (0) from .env.local -- tip: ⚙️  suppress all logs with { quiet: true }
[dotenv@17.2.3] injecting env (0) from .env -- tip: ⚙️  specify custom .env file path with { path: '/custom/path/.env' }
  ✘   25 [chromium] › tests\e2e\journeys\02-auth.spec.ts:226:9 › Authentication Journeys › J011-J012: Protected route access › @auth - Unauthenticated user redirected from protected routes (retry #1) (1.9s)
[dotenv@17.2.3] injecting env (0) from .env.local -- tip: 👥 sync secrets across teammates & machines: https://dotenvx.com/ops
[dotenv@17.2.3] injecting env (0) from .env -- tip: ✅ audit secrets and track compliance: https://dotenvx.com/ops
  ✘   23 [chromium] › tests\e2e\journeys\02-auth.spec.ts:16:9 › Authentication Journeys › J007: User signup with email › @auth @a11y - Complete signup flow (retry #1) (11.5s)
  ✘   22 [chromium] › tests\e2e\journeys\02-auth.spec.ts:130:9 › Authentication Journeys › J008: User login › @auth - Successful login flow (retry #1) (11.6s)
[dotenv@17.2.3] injecting env (0) from .env.local -- tip: 🗂️ backup and recover secrets: https://dotenvx.com/ops
[dotenv@17.2.3] injecting env (0) from .env -- tip: 🔑 add access controls to secrets: https://dotenvx.com/ops
[dotenv@17.2.3] injecting env (0) from .env.local -- tip: 🗂️ backup and recover secrets: https://dotenvx.com/ops
[dotenv@17.2.3] injecting env (0) from .env -- tip: 🔐 prevent building .env in docker: https://dotenvx.com/prebuild
  ✘   21 [chromium] › tests\e2e\journeys\02-auth.spec.ts:196:9 › Authentication Journeys › J010: Password reset › @auth @flaky - Request password reset (17.2s)
  ✘   28 [chromium] › tests\e2e\journeys\02-auth.spec.ts:282:9 › Authentication Journeys › J015-J016: Rate limiting on auth › @auth @flaky - Rate limit on failed logins (1.0s)
  ✘   27 [chromium] › tests\e2e\journeys\02-auth.spec.ts:262:9 › Authentication Journeys › J013-J014: Session management › @auth - Session persists across tabs (1.0s)
[dotenv@17.2.3] injecting env (0) from .env.local -- tip: 🔐 encrypt with Dotenvx: https://dotenvx.com
[dotenv@17.2.3] injecting env (0) from .env -- tip: 🛠️  run anywhere with `dotenvx run -- yourcommand`
[dotenv@17.2.3] injecting env (0) from .env.local -- tip: 🔐 encrypt with Dotenvx: https://dotenvx.com
[dotenv@17.2.3] injecting env (0) from .env -- tip: 🛠️  run anywhere with `dotenvx run -- yourcommand`
[dotenv@17.2.3] injecting env (0) from .env.local -- tip: 🛠️  run anywhere with `dotenvx run -- yourcommand`
[dotenv@17.2.3] injecting env (0) from .env -- tip: 🔐 encrypt with Dotenvx: https://dotenvx.com
  ✘   30 [chromium] › tests\e2e\journeys\02-auth.spec.ts:282:9 › Authentication Journeys › J015-J016: Rate limiting on auth › @auth @flaky - Rate limit on failed logins (retry #1) (1.3s)
  ✘   31 [chromium] › tests\e2e\journeys\02-auth.spec.ts:262:9 › Authentication Journeys › J013-J014: Session management › @auth - Session persists across tabs (retry #1) (1.4s)
[dotenv@17.2.3] injecting env (0) from .env.local -- tip: 🔐 prevent committing .env to code: https://dotenvx.com/precommit
[dotenv@17.2.3] injecting env (0) from .env -- tip: 🗂️ backup and recover secrets: https://dotenvx.com/ops
[dotenv@17.2.3] injecting env (0) from .env.local -- tip: 📡 add observability to secrets: https://dotenvx.com/ops
[dotenv@17.2.3] injecting env (0) from .env -- tip: ⚙️  suppress all logs with { quiet: true }
  ✘   26 [chromium] › tests\e2e\journeys\02-auth.spec.ts:243:9 › Authentication Journeys › J011-J012: Protected route access › @auth - Callback URL preserved after login (10.6s)
[dotenv@17.2.3] injecting env (0) from .env.local -- tip: 📡 add observability to secrets: https://dotenvx.com/ops
[dotenv@17.2.3] injecting env (0) from .env -- tip: ⚙️  enable debug logging with { debug: true }
  ✘   32 [chromium] › tests\e2e\journeys\03-listing-management.spec.ts:16:9 › Listing Management Journeys › J017: Create new listing › @auth @mobile - Complete listing creation flow (12.0s)
  ✘   29 [chromium] › tests\e2e\journeys\02-auth.spec.ts:196:9 › Authentication Journeys › J010: Password reset › @auth @flaky - Request password reset (retry #1) (16.7s)
[dotenv@17.2.3] injecting env (0) from .env.local -- tip: 👥 sync secrets across teammates & machines: https://dotenvx.com/ops
[dotenv@17.2.3] injecting env (0) from .env -- tip: 🔐 encrypt with Dotenvx: https://dotenvx.com
[dotenv@17.2.3] injecting env (0) from .env.local -- tip: 🛠️  run anywhere with `dotenvx run -- yourcommand`
[dotenv@17.2.3] injecting env (0) from .env -- tip: 📡 add observability to secrets: https://dotenvx.com/ops
  ✘   34 [chromium] › tests\e2e\journeys\02-auth.spec.ts:243:9 › Authentication Journeys › J011-J012: Protected route access › @auth - Callback URL preserved after login (retry #1) (11.3s)
[dotenv@17.2.3] injecting env (0) from .env.local -- tip: 🔐 encrypt with Dotenvx: https://dotenvx.com
[dotenv@17.2.3] injecting env (0) from .env -- tip: ⚙️  write to custom object with { processEnv: myObject }
  ✘   33 [chromium] › tests\e2e\journeys\03-listing-management.spec.ts:82:9 › Listing Management Journeys › J017: Create new listing › @auth - Validation errors for missing required fields (17.0s)
[dotenv@17.2.3] injecting env (0) from .env.local -- tip: 🔄 add secrets lifecycle management: https://dotenvx.com/ops
[dotenv@17.2.3] injecting env (0) from .env -- tip: ⚙️  load multiple .env files with { path: ['.env.local', '.env'] }
  ✓   37 [chromium] › tests\e2e\journeys\03-listing-management.spec.ts:142:9 › Listing Management Journeys › J019: Delete listing › @auth - Delete listing with confirmation (2.2s)
  ✓   39 [chromium] › tests\e2e\journeys\03-listing-management.spec.ts:169:9 › Listing Management Journeys › J019: Delete listing › @auth - Cancel delete confirmation (1.7s)
  ✓   40 [chromium] › tests\e2e\journeys\03-listing-management.spec.ts:193:9 › Listing Management Journeys › J020: Pause and reactivate listing › @auth - Toggle listing status (1.7s)
  ✓   41 [chromium] › tests\e2e\journeys\03-listing-management.spec.ts:222:9 › Listing Management Journeys › J021-J022: Image upload › @auth @slow - Upload images to listing (980ms)
  ✘   42 [chromium] › tests\e2e\journeys\03-listing-management.spec.ts:245:9 › Listing Management Journeys › J023-J024: Listing from profile access › @auth - Access listing management from profile (1.5s)
  ✘   35 [chromium] › tests\e2e\journeys\03-listing-management.spec.ts:16:9 › Listing Management Journeys › J017: Create new listing › @auth @mobile - Complete listing creation flow (retry #1) (12.8s)
[dotenv@17.2.3] injecting env (0) from .env.local -- tip: ⚙️  write to custom object with { processEnv: myObject }
[dotenv@17.2.3] injecting env (0) from .env -- tip: 🔐 prevent committing .env to code: https://dotenvx.com/precommit
[dotenv@17.2.3] injecting env (0) from .env.local -- tip: ⚙️  suppress all logs with { quiet: true }
[dotenv@17.2.3] injecting env (0) from .env -- tip: ✅ audit secrets and track compliance: https://dotenvx.com/ops
  ✘   36 [chromium] › tests\e2e\journeys\03-listing-management.spec.ts:102:9 › Listing Management Journeys › J018: Edit existing listing › @auth - Edit listing details (15.0s)
[dotenv@17.2.3] injecting env (0) from .env.local -- tip: ⚙️  enable debug logging with { debug: true }
[dotenv@17.2.3] injecting env (0) from .env -- tip: 🔑 add access controls to secrets: https://dotenvx.com/ops
  ✘   43 [chromium] › tests\e2e\journeys\03-listing-management.spec.ts:245:9 › Listing Management Journeys › J023-J024: Listing from profile access › @auth - Access listing management from profile (retry #1) (2.5s)
[dotenv@17.2.3] injecting env (0) from .env.local -- tip: ⚙️  load multiple .env files with { path: ['.env.local', '.env'] }
[dotenv@17.2.3] injecting env (0) from .env -- tip: ⚙️  specify custom .env file path with { path: '/custom/path/.env' }
  ✓   46 [chromium] › tests\e2e\journeys\03-listing-management.spec.ts:288:9 › Listing Management Journeys › J025-J026: Listing creation edge cases › @auth - Draft persistence (2.7s)
  ✓   47 [chromium] › tests\e2e\journeys\04-favorites-saved-searches.spec.ts:15:9 › Favorites & Saved Searches Journeys › J027: Save and unsave listing › @auth @mobile - Toggle favorite on listing (1.0s)
  ✘   38 [chromium] › tests\e2e\journeys\03-listing-management.spec.ts:82:9 › Listing Management Journeys › J017: Create new listing › @auth - Validation errors for missing required fields (retry #1) (17.4s)
  ✓   48 [chromium] › tests\e2e\journeys\04-favorites-saved-searches.spec.ts:46:9 › Favorites & Saved Searches Journeys › J027: Save and unsave listing › @auth - View saved listings page (1.5s)
[dotenv@17.2.3] injecting env (0) from .env.local -- tip: ⚙️  enable debug logging with { debug: true }
[dotenv@17.2.3] injecting env (0) from .env -- tip: ⚙️  load multiple .env files with { path: ['.env.local', '.env'] }
  ✓   49 [chromium] › tests\e2e\journeys\04-favorites-saved-searches.spec.ts:93:9 › Favorites & Saved Searches Journeys › J029-J030: Create saved search › @auth - Save search with filters (1.4s)
  ✓   50 [chromium] › tests\e2e\journeys\04-favorites-saved-searches.spec.ts:66:9 › Favorites & Saved Searches Journeys › J028: Manage saved listings › @auth - Remove from saved page (1.1s)
  ✓   51 [chromium] › tests\e2e\journeys\04-favorites-saved-searches.spec.ts:129:9 › Favorites & Saved Searches Journeys › J029-J030: Create saved search › @auth - View saved searches (2.0s)
  ✓   52 [chromium] › tests\e2e\journeys\04-favorites-saved-searches.spec.ts:145:9 › Favorites & Saved Searches Journeys › J031-J032: Manage saved searches › @auth - Delete saved search (2.4s)
  ✓   54 [chromium] › tests\e2e\journeys\04-favorites-saved-searches.spec.ts:192:9 › Favorites & Saved Searches Journeys › J033-J034: Alert configuration › @auth - Toggle search alerts (1.1s)
  ✓   53 [chromium] › tests\e2e\journeys\04-favorites-saved-searches.spec.ts:170:9 › Favorites & Saved Searches Journeys › J031-J032: Manage saved searches › @auth - Run saved search (2.4s)
  ✘   44 [chromium] › tests\e2e\journeys\03-listing-management.spec.ts:264:9 › Listing Management Journeys › J025-J026: Listing creation edge cases › @auth - Address geocoding validation (17.0s)
  ✘   45 [chromium] › tests\e2e\journeys\03-listing-management.spec.ts:102:9 › Listing Management Journeys › J018: Edit existing listing › @auth - Edit listing details (retry #1) (14.6s)
  ✓   56 [chromium] › tests\e2e\journeys\05-booking.spec.ts:15:9 › Booking Journeys › J037: Submit booking request › @auth - Request to book a listing (3.9s)
[dotenv@17.2.3] injecting env (0) from .env.local -- tip: 🔄 add secrets lifecycle management: https://dotenvx.com/ops
  ✓   55 [chromium] › tests\e2e\journeys\04-favorites-saved-searches.spec.ts:209:9 › Favorites & Saved Searches Journeys › J035-J036: Recently viewed › @auth - View recently viewed listings (5.2s)
[dotenv@17.2.3] injecting env (0) from .env -- tip: ⚙️  load multiple .env files with { path: ['.env.local', '.env'] }
[dotenv@17.2.3] injecting env (0) from .env.local -- tip: 📡 add observability to secrets: https://dotenvx.com/ops
[dotenv@17.2.3] injecting env (0) from .env -- tip: ✅ audit secrets and track compliance: https://dotenvx.com/ops
  ✓   57 [chromium] › tests\e2e\journeys\05-booking.spec.ts:79:9 › Booking Journeys › J038: View booking requests › @auth - View pending bookings (2.7s)
  ✓   58 [chromium] › tests\e2e\journeys\05-booking.spec.ts:100:9 › Booking Journeys › J039-J040: Accept/Reject booking › @auth - Accept a booking request (1.7s)
  ✓   60 [chromium] › tests\e2e\journeys\05-booking.spec.ts:55:9 › Booking Journeys › J037: Submit booking request › @auth - Cannot book own listing (3.5s)
  ✓   61 [chromium] › tests\e2e\journeys\05-booking.spec.ts:123:9 › Booking Journeys › J039-J040: Accept/Reject booking › @auth - Reject a booking request (3.0s)
  ✓   62 [chromium] › tests\e2e\journeys\05-booking.spec.ts:151:9 › Booking Journeys › J041-J042: Cancel booking › @auth - Cancel own booking request (3.2s)
  ✓   64 [chromium] › tests\e2e\journeys\05-booking.spec.ts:197:9 › Booking Journeys › J043-J044: Booking calendar › @auth - Date picker validation (5.4s)
  ✘   63 [chromium] › tests\e2e\journeys\05-booking.spec.ts:177:9 › Booking Journeys › J043-J044: Booking calendar › @auth - View booking calendar on listing (5.6s)
  ✘   65 [chromium] › tests\e2e\journeys\05-booking.spec.ts:222:9 › Booking Journeys › J045-J046: Booking notifications › @auth - View booking in notifications (5.6s)
  ✓   66 [chromium] › tests\e2e\journeys\05-booking.spec.ts:235:9 › Booking Journeys › J045-J046: Booking notifications › @auth - Booking status in email (mock check) (2.9s)
[dotenv@17.2.3] injecting env (0) from .env.local -- tip: 🔑 add access controls to secrets: https://dotenvx.com/ops
[dotenv@17.2.3] injecting env (0) from .env -- tip: ⚙️  load multiple .env files with { path: ['.env.local', '.env'] }
[dotenv@17.2.3] injecting env (0) from .env.local -- tip: 🔄 add secrets lifecycle management: https://dotenvx.com/ops
[dotenv@17.2.3] injecting env (0) from .env -- tip: 🛠️  run anywhere with `dotenvx run -- yourcommand`
  ✓   67 [chromium] › tests\e2e\journeys\06-messaging.spec.ts:15:9 › Messaging Journeys › J047: Start new conversation › @auth - Contact host from listing (5.2s)
  ✘   59 [chromium] › tests\e2e\journeys\03-listing-management.spec.ts:264:9 › Listing Management Journeys › J025-J026: Listing creation edge cases › @auth - Address geocoding validation (retry #1) (19.3s)
  ✘   69 [chromium] › tests\e2e\journeys\05-booking.spec.ts:222:9 › Booking Journeys › J045-J046: Booking notifications › @auth - View booking in notifications (retry #1) (7.1s)
  ✘   70 [chromium] › tests\e2e\journeys\06-messaging.spec.ts:49:9 › Messaging Journeys › J048: View conversations › @auth - View messages inbox (7.7s)
[dotenv@17.2.3] injecting env (0) from .env.local -- tip: ✅ audit secrets and track compliance: https://dotenvx.com/ops
[dotenv@17.2.3] injecting env (0) from .env -- tip: ⚙️  override existing env vars with { override: true }
  ✘   68 [chromium] › tests\e2e\journeys\05-booking.spec.ts:177:9 › Booking Journeys › J043-J044: Booking calendar › @auth - View booking calendar on listing (retry #1) (14.3s)
[dotenv@17.2.3] injecting env (0) from .env.local -- tip: 📡 add observability to secrets: https://dotenvx.com/ops
[dotenv@17.2.3] injecting env (0) from .env -- tip: ⚙️  enable debug logging with { debug: true }
  ✓   71 [chromium] › tests\e2e\journeys\06-messaging.spec.ts:66:9 › Messaging Journeys › J048: View conversations › @auth - Click conversation to view messages (2.9s)
  ✓   72 [chromium] › tests\e2e\journeys\06-messaging.spec.ts:88:9 › Messaging Journeys › J049: Send message in conversation › @auth - Send and receive message (2.8s)
[dotenv@17.2.3] injecting env (0) from .env.local -- tip: 👥 sync secrets across teammates & machines: https://dotenvx.com/ops
[dotenv@17.2.3] injecting env (0) from .env -- tip: 🗂️ backup and recover secrets: https://dotenvx.com/ops
  ✘   73 [chromium] › tests\e2e\journeys\06-messaging.spec.ts:142:9 › Messaging Journeys › J051-J052: Unread message indicators › @auth - Unread badge in navigation (3.2s)
[dotenv@17.2.3] injecting env (0) from .env.local -- tip: 👥 sync secrets across teammates & machines: https://dotenvx.com/ops
[dotenv@17.2.3] injecting env (0) from .env -- tip: ⚙️  enable debug logging with { debug: true }
  ✓   74 [chromium] › tests\e2e\journeys\06-messaging.spec.ts:158:9 › Messaging Journeys › J051-J052: Unread message indicators › @auth - Mark conversation as read (3.6s)
  ✓   77 [chromium] › tests\e2e\journeys\06-messaging.spec.ts:179:9 › Messaging Journeys › J053-J054: Block user in messaging › @auth - Block user from conversation (6.9s)
  ✘   75 [chromium] › tests\e2e\journeys\06-messaging.spec.ts:49:9 › Messaging Journeys › J048: View conversations › @auth - View messages inbox (retry #1) (8.3s)
  ✓   76 [chromium] › tests\e2e\journeys\06-messaging.spec.ts:120:9 › Messaging Journeys › J050: Real-time message updates › @auth @slow - Message polling check (7.8s)
[dotenv@17.2.3] injecting env (0) from .env.local -- tip: 🔐 prevent building .env in docker: https://dotenvx.com/prebuild
[dotenv@17.2.3] injecting env (0) from .env -- tip: ⚙️  suppress all logs with { quiet: true }
  ✓   78 [chromium] › tests\e2e\journeys\06-messaging.spec.ts:218:9 › Messaging Journeys › J055-J056: Message edge cases › @auth - Empty message not sent (6.5s)
[dotenv@17.2.3] injecting env (0) from .env.local -- tip: 🔐 prevent committing .env to code: https://dotenvx.com/precommit
[dotenv@17.2.3] injecting env (0) from .env -- tip: ⚙️  write to custom object with { processEnv: myObject }
  ✘   80 [chromium] › tests\e2e\journeys\06-messaging.spec.ts:142:9 › Messaging Journeys › J051-J052: Unread message indicators › @auth - Unread badge in navigation (retry #1) (11.0s)
  ✓   79 [chromium] › tests\e2e\journeys\07-reviews.spec.ts:15:9 › Reviews Journeys › J057: View listing reviews › undefined - Display reviews on listing page (15.1s)
  ✓   82 [chromium] › tests\e2e\journeys\06-messaging.spec.ts:239:9 › Messaging Journeys › J055-J056: Message edge cases › @auth @offline - Message queue on network error (13.5s)
  ✓   81 [chromium] › tests\e2e\journeys\07-reviews.spec.ts:41:9 › Reviews Journeys › J057: View listing reviews › undefined - Review pagination (19.0s)
  ✓   83 [chromium] › tests\e2e\journeys\07-reviews.spec.ts:107:9 › Reviews Journeys › J058: Write a review › @auth - Star rating interaction (10.3s)
[dotenv@17.2.3] injecting env (0) from .env.local -- tip: 🔐 prevent committing .env to code: https://dotenvx.com/precommit
[dotenv@17.2.3] injecting env (0) from .env -- tip: ⚙️  specify custom .env file path with { path: '/custom/path/.env' }
  ✓   85 [chromium] › tests\e2e\journeys\07-reviews.spec.ts:165:9 › Reviews Journeys › J060: Delete review › @auth - Delete own review (16.1s)
  ✓   87 [chromium] › tests\e2e\journeys\07-reviews.spec.ts:66:9 › Reviews Journeys › J058: Write a review › @auth - Submit review for completed booking (14.9s)
  ✓   86 [chromium] › tests\e2e\journeys\07-reviews.spec.ts:195:9 › Reviews Journeys › J061-J062: Review responses › @auth - Host responds to review (17.3s)
  ✘   84 [chromium] › tests\e2e\journeys\07-reviews.spec.ts:131:9 › Reviews Journeys › J059: Edit review › @auth - Edit own review (27.4s)
  ✓   88 [chromium] › tests\e2e\journeys\07-reviews.spec.ts:218:9 › Reviews Journeys › J061-J062: Review responses › undefined - View host response on review (13.0s)
  ✓   89 [chromium] › tests\e2e\journeys\07-reviews.spec.ts:234:9 › Reviews Journeys › J063-J064: Review filtering and sorting › undefined - Filter reviews by rating (12.1s)
  ✓   90 [chromium] › tests\e2e\journeys\07-reviews.spec.ts:250:9 › Reviews Journeys › J063-J064: Review filtering and sorting › undefined - Sort reviews by date (11.5s)
[dotenv@17.2.3] injecting env (0) from .env.local -- tip: 🔐 encrypt with Dotenvx: https://dotenvx.com
[dotenv@17.2.3] injecting env (0) from .env -- tip: ⚙️  override existing env vars with { override: true }
  ✓   91 [chromium] › tests\e2e\journeys\07-reviews.spec.ts:265:9 › Reviews Journeys › J065-J066: Review validation and edge cases › @auth - Review character limit (3.3s)
  ✓   93 [chromium] › tests\e2e\journeys\08-profile-settings.spec.ts:15:9 › Profile & Settings Journeys › J067: View user profile › @auth - View own profile (3.2s)
  ✓   92 [chromium] › tests\e2e\journeys\07-reviews.spec.ts:289:9 › Reviews Journeys › J065-J066: Review validation and edge cases › @auth - Cannot review without completed booking (5.5s)
  ✘   95 [chromium] › tests\e2e\journeys\08-profile-settings.spec.ts:39:9 › Profile & Settings Journeys › J067: View user profile › undefined - View other user's public profile (8.0s)
  ✓   97 [chromium] › tests\e2e\journeys\08-profile-settings.spec.ts:93:9 › Profile & Settings Journeys › J068: Edit profile information › @auth - Upload profile picture (6.8s)
  ✘   96 [chromium] › tests\e2e\journeys\08-profile-settings.spec.ts:55:9 › Profile & Settings Journeys › J068: Edit profile information › @auth - Update profile name and bio (10.0s)
  ✓   98 [chromium] › tests\e2e\journeys\08-profile-settings.spec.ts:114:9 › Profile & Settings Journeys › J069: Notification settings › @auth - Toggle email notifications (2.2s)
[dotenv@17.2.3] injecting env (0) from .env.local -- tip: 📡 add observability to secrets: https://dotenvx.com/ops
[dotenv@17.2.3] injecting env (0) from .env -- tip: ⚙️  load multiple .env files with { path: ['.env.local', '.env'] }
  ✓   99 [chromium] › tests\e2e\journeys\08-profile-settings.spec.ts:143:9 › Profile & Settings Journeys › J069: Notification settings › @auth - Configure notification preferences (1.3s)
[dotenv@17.2.3] injecting env (0) from .env.local -- tip: ⚙️  suppress all logs with { quiet: true }
[dotenv@17.2.3] injecting env (0) from .env -- tip: 🔐 encrypt with Dotenvx: https://dotenvx.com
  ✓  101 [chromium] › tests\e2e\journeys\08-profile-settings.spec.ts:167:9 › Profile & Settings Journeys › J070: Privacy settings › @auth - Toggle profile visibility (1.5s)
  ✘  100 [chromium] › tests\e2e\journeys\08-profile-settings.spec.ts:39:9 › Profile & Settings Journeys › J067: View user profile › undefined - View other user's public profile (retry #1) (2.1s)
  ✘   94 [chromium] › tests\e2e\journeys\07-reviews.spec.ts:131:9 › Reviews Journeys › J059: Edit review › @auth - Edit own review (retry #1) (12.5s)
  ✘  103 [chromium] › tests\e2e\journeys\08-profile-settings.spec.ts:187:9 › Profile & Settings Journeys › J071: Change password › @auth - Change password flow (1.9s)
[dotenv@17.2.3] injecting env (0) from .env.local -- tip: 🔄 add secrets lifecycle management: https://dotenvx.com/ops
[dotenv@17.2.3] injecting env (0) from .env -- tip: ✅ audit secrets and track compliance: https://dotenvx.com/ops
[dotenv@17.2.3] injecting env (0) from .env.local -- tip: 🛠️  run anywhere with `dotenvx run -- yourcommand`
[dotenv@17.2.3] injecting env (0) from .env -- tip: ⚙️  specify custom .env file path with { path: '/custom/path/.env' }
[dotenv@17.2.3] injecting env (0) from .env.local -- tip: 🔑 add access controls to secrets: https://dotenvx.com/ops
[dotenv@17.2.3] injecting env (0) from .env -- tip: ⚙️  write to custom object with { processEnv: myObject }
  ✓  104 [chromium] › tests\e2e\journeys\08-profile-settings.spec.ts:222:9 › Profile & Settings Journeys › J071: Change password › @auth - Password strength validation (2.4s)
  ✓  105 [chromium] › tests\e2e\journeys\08-profile-settings.spec.ts:247:9 › Profile & Settings Journeys › J072: Connected accounts › @auth - View connected OAuth providers (2.1s)
  ✘  102 [chromium] › tests\e2e\journeys\08-profile-settings.spec.ts:55:9 › Profile & Settings Journeys › J068: Edit profile information › @auth - Update profile name and bio (retry #1) (7.9s)
  ✓  106 [chromium] › tests\e2e\journeys\08-profile-settings.spec.ts:262:9 › Profile & Settings Journeys › J073-J074: Account management › @auth - Deactivate account option (4.4s)
  ✘  108 [chromium] › tests\e2e\journeys\08-profile-settings.spec.ts:187:9 › Profile & Settings Journeys › J071: Change password › @auth - Change password flow (retry #1) (4.8s)
  ✓  109 [chromium] › tests\e2e\journeys\08-profile-settings.spec.ts:337:9 › Profile & Settings Journeys › J075-J076: Theme and preferences › @auth - Language preference (1.8s)
[dotenv@17.2.3] injecting env (0) from .env.local -- tip: ⚙️  enable debug logging with { debug: true }
[dotenv@17.2.3] injecting env (0) from .env -- tip: ⚙️  suppress all logs with { quiet: true }
[dotenv@17.2.3] injecting env (0) from .env.local -- tip: ⚙️  override existing env vars with { override: true }
[dotenv@17.2.3] injecting env (0) from .env -- tip: ⚙️  suppress all logs with { quiet: true }
  ✓  110 [chromium] › tests\e2e\journeys\09-verification-admin.spec.ts:35:9 › Verification Journeys › J077: Identity verification submission › @auth @slow - Upload verification documents (1.9s)
  ✓  111 [chromium] › tests\e2e\journeys\08-profile-settings.spec.ts:314:9 › Profile & Settings Journeys › J075-J076: Theme and preferences › @auth - Toggle dark mode (1.6s)
  ✓  114 [chromium] › tests\e2e\journeys\09-verification-admin.spec.ts:73:9 › Verification Journeys › J078: Verification status tracking › @auth - Cancel pending verification (1.4s)
  ✘  107 [chromium] › tests\e2e\journeys\08-profile-settings.spec.ts:288:9 › Profile & Settings Journeys › J073-J074: Account management › @auth - Delete account warning (9.6s)
  ✘  112 [chromium] › tests\e2e\journeys\09-verification-admin.spec.ts:15:9 › Verification Journeys › J077: Identity verification submission › @auth - Start verification process (1.6s)
  ✓  115 [chromium] › tests\e2e\journeys\09-verification-admin.spec.ts:98:9 › Verification Journeys › J079: Verified badge display › undefined - Verified badge on profile (1.1s)
  ✓  116 [chromium] › tests\e2e\journeys\09-verification-admin.spec.ts:111:9 › Verification Journeys › J079: Verified badge display › undefined - Verified badge on listings (1.3s)
[dotenv@17.2.3] injecting env (0) from .env.local -- tip: 🛠️  run anywhere with `dotenvx run -- yourcommand`
[dotenv@17.2.3] injecting env (0) from .env -- tip: ⚙️  suppress all logs with { quiet: true }
[dotenv@17.2.3] injecting env (0) from .env.local -- tip: 🛠️  run anywhere with `dotenvx run -- yourcommand`
[dotenv@17.2.3] injecting env (0) from .env -- tip: 🗂️ backup and recover secrets: https://dotenvx.com/ops
  ✘  119 [chromium] › tests\e2e\journeys\09-verification-admin.spec.ts:15:9 › Verification Journeys › J077: Identity verification submission › @auth - Start verification process (retry #1) (2.5s)
[dotenv@17.2.3] injecting env (0) from .env.local -- tip: ✅ audit secrets and track compliance: https://dotenvx.com/ops
[dotenv@17.2.3] injecting env (0) from .env -- tip: ⚙️  load multiple .env files with { path: ['.env.local', '.env'] }
  ✓  120 [chromium] › tests\e2e\journeys\09-verification-admin.spec.ts:143:9 › Admin Journeys › J080: Admin dashboard access › @auth - Admin dashboard overview (947ms)
  ✘  113 [chromium] › tests\e2e\journeys\09-verification-admin.spec.ts:63:9 › Verification Journeys › J078: Verification status tracking › @auth - View verification status (11.4s)
  ✘  118 [chromium] › tests\e2e\journeys\08-profile-settings.spec.ts:288:9 › Profile & Settings Journeys › J073-J074: Account management › @auth - Delete account warning (retry #1) (8.5s)
[dotenv@17.2.3] injecting env (0) from .env.local -- tip: 🛠️  run anywhere with `dotenvx run -- yourcommand`
[dotenv@17.2.3] injecting env (0) from .env -- tip: ✅ audit secrets and track compliance: https://dotenvx.com/ops
[dotenv@17.2.3] injecting env (0) from .env.local -- tip: ⚙️  suppress all logs with { quiet: true }
[dotenv@17.2.3] injecting env (0) from .env -- tip: 🔑 add access controls to secrets: https://dotenvx.com/ops
  ✘  117 [chromium] › tests\e2e\journeys\09-verification-admin.spec.ts:130:9 › Admin Journeys › J080: Admin dashboard access › @auth - Access admin panel (12.8s)
  ✓  123 [chromium] › tests\e2e\journeys\09-verification-admin.spec.ts:168:9 › Admin Journeys › J081: User management › @auth - Suspend user action (1.4s)
[dotenv@17.2.3] injecting env (0) from .env.local -- tip: ⚙️  suppress all logs with { quiet: true }
[dotenv@17.2.3] injecting env (0) from .env -- tip: 🔄 add secrets lifecycle management: https://dotenvx.com/ops
  ✘  121 [chromium] › tests\e2e\journeys\09-verification-admin.spec.ts:157:9 › Admin Journeys › J081: User management › @auth - View users list (12.5s)
  ✘  122 [chromium] › tests\e2e\journeys\09-verification-admin.spec.ts:63:9 › Verification Journeys › J078: Verification status tracking › @auth - View verification status (retry #1) (14.0s)
[dotenv@17.2.3] injecting env (0) from .env.local -- tip: 📡 add observability to secrets: https://dotenvx.com/ops
[dotenv@17.2.3] injecting env (0) from .env -- tip: 🛠️  run anywhere with `dotenvx run -- yourcommand`
  ✘  124 [chromium] › tests\e2e\journeys\09-verification-admin.spec.ts:188:9 › Admin Journeys › J082: Content moderation › @auth - View reported content (13.4s)
[dotenv@17.2.3] injecting env (0) from .env.local -- tip: 🔐 encrypt with Dotenvx: https://dotenvx.com
[dotenv@17.2.3] injecting env (0) from .env -- tip: 🔄 add secrets lifecycle management: https://dotenvx.com/ops
  ✘  125 [chromium] › tests\e2e\journeys\09-verification-admin.spec.ts:130:9 › Admin Journeys › J080: Admin dashboard access › @auth - Access admin panel (retry #1) (20.0s)
[dotenv@17.2.3] injecting env (0) from .env.local -- tip: ⚙️  specify custom .env file path with { path: '/custom/path/.env' }
[dotenv@17.2.3] injecting env (0) from .env -- tip: 🛠️  run anywhere with `dotenvx run -- yourcommand`
  ✓  127 [chromium] › tests\e2e\journeys\09-verification-admin.spec.ts:199:9 › Admin Journeys › J082: Content moderation › @auth - Review flagged listing (14.8s)
[dotenv@17.2.3] injecting env (0) from .env.local -- tip: ⚙️  load multiple .env files with { path: ['.env.local', '.env'] }
[dotenv@17.2.3] injecting env (0) from .env -- tip: 🔄 add secrets lifecycle management: https://dotenvx.com/ops
  ✘  126 [chromium] › tests\e2e\journeys\09-verification-admin.spec.ts:157:9 › Admin Journeys › J081: User management › @auth - View users list (retry #1) (20.7s)
[dotenv@17.2.3] injecting env (0) from .env.local -- tip: 🛠️  run anywhere with `dotenvx run -- yourcommand`
[dotenv@17.2.3] injecting env (0) from .env -- tip: ⚙️  specify custom .env file path with { path: '/custom/path/.env' }
  ✓  129 [chromium] › tests\e2e\journeys\09-verification-admin.spec.ts:229:9 › Admin Journeys › J083: Verification review › @auth - Approve verification request (22.2s)
  ✘  128 [chromium] › tests\e2e\journeys\09-verification-admin.spec.ts:188:9 › Admin Journeys › J082: Content moderation › @auth - View reported content (retry #1) (29.6s)
  ✓  131 [chromium] › tests\e2e\journeys\09-verification-admin.spec.ts:245:9 › Admin Journeys › J083: Verification review › @auth - Reject verification with reason (13.1s)
[dotenv@17.2.3] injecting env (0) from .env.local -- tip: 🔑 add access controls to secrets: https://dotenvx.com/ops
[dotenv@17.2.3] injecting env (0) from .env -- tip: 🛠️  run anywhere with `dotenvx run -- yourcommand`
  ✘  130 [chromium] › tests\e2e\journeys\09-verification-admin.spec.ts:218:9 › Admin Journeys › J083: Verification review › @auth - View pending verifications (31.2s)
[dotenv@17.2.3] injecting env (0) from .env.local -- tip: 🔐 prevent building .env in docker: https://dotenvx.com/prebuild
[dotenv@17.2.3] injecting env (0) from .env -- tip: 🔄 add secrets lifecycle management: https://dotenvx.com/ops
  ✓  133 [chromium] › tests\e2e\journeys\09-verification-admin.spec.ts:295:9 › Admin Journeys › J085-J086: Report handling › @auth - Submit content report (20.0s)
  ✘  132 [chromium] › tests\e2e\journeys\09-verification-admin.spec.ts:270:9 › Admin Journeys › J084: Audit logs › @auth - View admin audit log (27.4s)
  ✓  134 [chromium] › tests\e2e\journeys\09-verification-admin.spec.ts:281:9 › Admin Journeys › J084: Audit logs › @auth - Filter audit logs (20.3s)
[dotenv@17.2.3] injecting env (0) from .env.local -- tip: 🔐 prevent committing .env to code: https://dotenvx.com/precommit
[dotenv@17.2.3] injecting env (0) from .env -- tip: 👥 sync secrets across teammates & machines: https://dotenvx.com/ops
  ✓  136 [chromium] › tests\e2e\journeys\09-verification-admin.spec.ts:330:9 › Admin Journeys › J085-J086: Report handling › @auth - Admin resolves report (14.2s)
  ✓  137 [chromium] › tests\e2e\journeys\10-accessibility-edge-cases.spec.ts:16:9 › Accessibility Journeys › J087: Keyboard navigation › @a11y undefined - Tab navigation through main interface (8.6s)
  ✓  140 [chromium] › tests\e2e\journeys\10-accessibility-edge-cases.spec.ts:55:9 › Accessibility Journeys › J087: Keyboard navigation › @a11y - Form keyboard interaction (9.3s)
  ✓  139 [chromium] › tests\e2e\journeys\10-accessibility-edge-cases.spec.ts:38:9 › Accessibility Journeys › J087: Keyboard navigation › @a11y - Skip to main content link (11.1s)
  ✘  135 [chromium] › tests\e2e\journeys\09-verification-admin.spec.ts:218:9 › Admin Journeys › J083: Verification review › @auth - View pending verifications (retry #1) (30.0s)
  ✓  142 [chromium] › tests\e2e\journeys\10-accessibility-edge-cases.spec.ts:98:9 › Accessibility Journeys › J088: Screen reader compatibility › @a11y - Images have alt text (12.6s)
  ✘  141 [chromium] › tests\e2e\journeys\10-accessibility-edge-cases.spec.ts:82:9 › Accessibility Journeys › J088: Screen reader compatibility › @a11y - ARIA landmarks present (12.0s)
  ✓  143 [chromium] › tests\e2e\journeys\10-accessibility-edge-cases.spec.ts:140:9 › Accessibility Journeys › J089: Color contrast › @a11y - Text is readable (8.0s)
[dotenv@17.2.3] injecting env (0) from .env.local -- tip: ⚙️  load multiple .env files with { path: ['.env.local', '.env'] }
[dotenv@17.2.3] injecting env (0) from .env -- tip: 🔐 encrypt with Dotenvx: https://dotenvx.com
  ✘  138 [chromium] › tests\e2e\journeys\09-verification-admin.spec.ts:270:9 › Admin Journeys › J084: Audit logs › @auth - View admin audit log (retry #1) (33.3s)
[dotenv@17.2.3] injecting env (0) from .env.local -- tip: 🔐 prevent building .env in docker: https://dotenvx.com/prebuild
[dotenv@17.2.3] injecting env (0) from .env -- tip: 🗂️ backup and recover secrets: https://dotenvx.com/ops
  ✓  145 [chromium] › tests\e2e\journeys\10-accessibility-edge-cases.spec.ts:116:9 › Accessibility Journeys › J088: Screen reader compatibility › @a11y - Form labels present (2.7s)
  ✓  144 [chromium] › tests\e2e\journeys\10-accessibility-edge-cases.spec.ts:162:9 › Accessibility Journeys › J090: Focus indicators › @a11y - Focus states visible (4.2s)
  ✓  147 [chromium] › tests\e2e\journeys\10-accessibility-edge-cases.spec.ts:194:9 › Edge Case Journeys › J091: Empty states › @auth - Empty bookings list (2.8s)
[dotenv@17.2.3] injecting env (0) from .env.local -- tip: 🔐 encrypt with Dotenvx: https://dotenvx.com
[dotenv@17.2.3] injecting env (0) from .env -- tip: ⚙️  suppress all logs with { quiet: true }
  ✘  146 [chromium] › tests\e2e\journeys\10-accessibility-edge-cases.spec.ts:82:9 › Accessibility Journeys › J088: Screen reader compatibility › @a11y - ARIA landmarks present (retry #1) (3.4s)
[dotenv@17.2.3] injecting env (0) from .env.local -- tip: 🛠️  run anywhere with `dotenvx run -- yourcommand`
[dotenv@17.2.3] injecting env (0) from .env -- tip: 🔑 add access controls to secrets: https://dotenvx.com/ops
  ✓  151 [chromium] › tests\e2e\journeys\10-accessibility-edge-cases.spec.ts:231:9 › Edge Case Journeys › J092: Error handling › @auth @offline - Network error handling (4.5s)
  ✓  152 [chromium] › tests\e2e\journeys\10-accessibility-edge-cases.spec.ts:251:9 › Edge Case Journeys › J093: Long content handling › undefined - Long listing title display (969ms)
  ✓  153 [chromium] › tests\e2e\journeys\10-accessibility-edge-cases.spec.ts:269:9 › Edge Case Journeys › J093: Long content handling › undefined - Long description truncation (1.8s)
  ✘  148 [chromium] › tests\e2e\journeys\10-accessibility-edge-cases.spec.ts:209:9 › Edge Case Journeys › J092: Error handling › undefined - 404 page handling (15.0s)
  ✘  149 [chromium] › tests\e2e\journeys\10-accessibility-edge-cases.spec.ts:222:9 › Edge Case Journeys › J092: Error handling › undefined - Invalid listing ID (13.5s)
  ✘  150 [chromium] › tests\e2e\journeys\10-accessibility-edge-cases.spec.ts:184:9 › Edge Case Journeys › J091: Empty states › undefined - Search with no results (13.6s)
[dotenv@17.2.3] injecting env (0) from .env.local -- tip: 🗂️ backup and recover secrets: https://dotenvx.com/ops
[dotenv@17.2.3] injecting env (0) from .env -- tip: ✅ audit secrets and track compliance: https://dotenvx.com/ops
[dotenv@17.2.3] injecting env (0) from .env.local -- tip: 🔑 add access controls to secrets: https://dotenvx.com/ops
[dotenv@17.2.3] injecting env (0) from .env -- tip: 🔄 add secrets lifecycle management: https://dotenvx.com/ops
[dotenv@17.2.3] injecting env (0) from .env.local -- tip: 🔐 prevent committing .env to code: https://dotenvx.com/precommit
[dotenv@17.2.3] injecting env (0) from .env -- tip: ⚙️  write to custom object with { processEnv: myObject }
  ✘  155 [chromium] › tests\e2e\journeys\10-accessibility-edge-cases.spec.ts:209:9 › Edge Case Journeys › J092: Error handling › undefined - 404 page handling (retry #1) (11.3s)
  ✘  156 [chromium] › tests\e2e\journeys\10-accessibility-edge-cases.spec.ts:222:9 › Edge Case Journeys › J092: Error handling › undefined - Invalid listing ID (retry #1) (11.8s)
  ✘  154 [chromium] › tests\e2e\journeys\10-accessibility-edge-cases.spec.ts:288:9 › Edge Case Journeys › J094: Concurrent actions › @auth - Double submit prevention (16.3s)
[dotenv@17.2.3] injecting env (0) from .env.local -- tip: ✅ audit secrets and track compliance: https://dotenvx.com/ops
[dotenv@17.2.3] injecting env (0) from .env -- tip: ✅ audit secrets and track compliance: https://dotenvx.com/ops
[dotenv@17.2.3] injecting env (0) from .env.local -- tip: 👥 sync secrets across teammates & machines: https://dotenvx.com/ops
[dotenv@17.2.3] injecting env (0) from .env -- tip: 🔄 add secrets lifecycle management: https://dotenvx.com/ops
  ✘  157 [chromium] › tests\e2e\journeys\10-accessibility-edge-cases.spec.ts:184:9 › Edge Case Journeys › J091: Empty states › undefined - Search with no results (retry #1) (13.9s)
[dotenv@17.2.3] injecting env (0) from .env.local -- tip: ⚙️  suppress all logs with { quiet: true }
[dotenv@17.2.3] injecting env (0) from .env -- tip: 🗂️ backup and recover secrets: https://dotenvx.com/ops
  ✓  159 [chromium] › tests\e2e\journeys\10-accessibility-edge-cases.spec.ts:331:9 › Edge Case Journeys › J096: Mobile responsiveness › @mobile - Mobile navigation menu (3.9s)
[dotenv@17.2.3] injecting env (0) from .env.local -- tip: ⚙️  suppress all logs with { quiet: true }
[dotenv@17.2.3] injecting env (0) from .env -- tip: 🔄 add secrets lifecycle management: https://dotenvx.com/ops
  ✓  158 [chromium] › tests\e2e\journeys\10-accessibility-edge-cases.spec.ts:308:9 › Edge Case Journeys › J095: Browser compatibility › undefined - Page renders without JavaScript errors (8.0s)
  ✓  161 [chromium] › tests\e2e\journeys\10-accessibility-edge-cases.spec.ts:374:9 › Edge Case Journeys › J097: Session handling › @auth - Session timeout handling (4.3s)
  ✓  162 [chromium] › tests\e2e\journeys\10-accessibility-edge-cases.spec.ts:351:9 › Edge Case Journeys › J096: Mobile responsiveness › @mobile - Touch-friendly buttons (4.2s)
  ✓  163 [chromium] › tests\e2e\journeys\10-accessibility-edge-cases.spec.ts:391:9 › Edge Case Journeys › J098: Data validation › @auth - XSS prevention in inputs (5.1s)
  ✓  165 [chromium] › tests\e2e\journeys\10-accessibility-edge-cases.spec.ts:430:9 › Edge Case Journeys › J099: Performance edge cases › undefined @slow - Large image handling (7.2s)
  ✓  166 [chromium] › tests\e2e\journeys\10-accessibility-edge-cases.spec.ts:447:9 › Edge Case Journeys › J099: Performance edge cases › undefined @slow - Scroll performance (11.3s)
  ✘  164 [chromium] › tests\e2e\journeys\10-accessibility-edge-cases.spec.ts:412:9 › Edge Case Journeys › J098: Data validation › @auth - SQL injection prevention (19.1s)
  ✘  160 [chromium] › tests\e2e\journeys\10-accessibility-edge-cases.spec.ts:288:9 › Edge Case Journeys › J094: Concurrent actions › @auth - Double submit prevention (retry #1) (23.6s)
  ✓  168 [chromium] › tests\e2e\journeys\11-nearby-places.spec.ts:105:9 › Nearby Places Feature › Authentication › unauthenticated user sees login prompt (4.3s)
  ✘  167 [chromium] › tests\e2e\journeys\10-accessibility-edge-cases.spec.ts:467:9 › Edge Case Journeys › J100: Complete user journey › @auth @slow - Full user flow: search → view → save → unsave (16.2s)
[dotenv@17.2.3] injecting env (0) from .env.local -- tip: ⚙️  override existing env vars with { override: true }
[dotenv@17.2.3] injecting env (0) from .env -- tip: 🔑 add access controls to secrets: https://dotenvx.com/ops
[dotenv@17.2.3] injecting env (0) from .env.local -- tip: ⚙️  override existing env vars with { override: true }
[dotenv@17.2.3] injecting env (0) from .env -- tip: ✅ audit secrets and track compliance: https://dotenvx.com/ops
[dotenv@17.2.3] injecting env (0) from .env.local -- tip: 🔄 add secrets lifecycle management: https://dotenvx.com/ops
[dotenv@17.2.3] injecting env (0) from .env -- tip: 👥 sync secrets across teammates & machines: https://dotenvx.com/ops
  ✘  172 [chromium] › tests\e2e\journeys\10-accessibility-edge-cases.spec.ts:467:9 › Edge Case Journeys › J100: Complete user journey › @auth @slow - Full user flow: search → view → save → unsave (retry #1) (15.2s)
  ✘  170 [chromium] › tests\e2e\journeys\10-accessibility-edge-cases.spec.ts:412:9 › Edge Case Journeys › J098: Data validation › @auth - SQL injection prevention (retry #1) (23.9s)
  ✘  171 [chromium] › tests\e2e\journeys\11-nearby-places.spec.ts:233:9 › Nearby Places Feature › Category Search › radius change updates results (22.6s)
[dotenv@17.2.3] injecting env (0) from .env.local -- tip: ⚙️  load multiple .env files with { path: ['.env.local', '.env'] }
[dotenv@17.2.3] injecting env (0) from .env -- tip: ⚙️  load multiple .env files with { path: ['.env.local', '.env'] }
  ✘  169 [chromium] › tests\e2e\journeys\11-nearby-places.spec.ts:142:9 › Nearby Places Feature › Authentication › authenticated user sees search panel (34.5s)
[dotenv@17.2.3] injecting env (0) from .env.local -- tip: ⚙️  suppress all logs with { quiet: true }
[dotenv@17.2.3] injecting env (0) from .env -- tip: 🔐 prevent committing .env to code: https://dotenvx.com/precommit
[dotenv@17.2.3] injecting env (0) from .env.local -- tip: ⚙️  override existing env vars with { override: true }
[dotenv@17.2.3] injecting env (0) from .env -- tip: ⚙️  load multiple .env files with { path: ['.env.local', '.env'] }
[dotenv@17.2.3] injecting env (0) from .env.local -- tip: ⚙️  suppress all logs with { quiet: true }
[dotenv@17.2.3] injecting env (0) from .env -- tip: 🔄 add secrets lifecycle management: https://dotenvx.com/ops
  ✓  174 [chromium] › tests\e2e\journeys\11-nearby-places.spec.ts:578:9 › Nearby Places Feature › Accessibility › keyboard navigation works on chips (7.7s)
  ✘  173 [chromium] › tests\e2e\journeys\11-nearby-places.spec.ts:411:9 › Nearby Places Feature › Directions › click on result opens Google Maps directions (18.9s)
  ✓  177 [chromium] › tests\e2e\journeys\11-nearby-places.spec.ts:604:9 › Nearby Places Feature › Accessibility › screen reader announces loading state (8.6s)
[dotenv@17.2.3] injecting env (0) from .env.local -- tip: ⚙️  specify custom .env file path with { path: '/custom/path/.env' }
[dotenv@17.2.3] injecting env (0) from .env -- tip: 🔄 add secrets lifecycle management: https://dotenvx.com/ops
  ✓  178 [chromium] › tests\e2e\journeys\11-nearby-places.spec.ts:635:9 › Nearby Places Feature › Accessibility › dark mode renders correctly (16.6s)
  ✘  175 [chromium] › tests\e2e\journeys\11-nearby-places.spec.ts:233:9 › Nearby Places Feature › Category Search › radius change updates results (retry #1) (26.0s)
[dotenv@17.2.3] injecting env (0) from .env.local -- tip: ✅ audit secrets and track compliance: https://dotenvx.com/ops
[dotenv@17.2.3] injecting env (0) from .env -- tip: 🗂️ backup and recover secrets: https://dotenvx.com/ops
  ✓  180 [chromium] › tests\e2e\nearby\nearby-accessibility.spec.ts:65:7 › Nearby Places Accessibility › F2: Focus outline is visible on category chips (8.3s)
  ✘  179 [chromium] › tests\e2e\journeys\11-nearby-places.spec.ts:411:9 › Nearby Places Feature › Directions › click on result opens Google Maps directions (retry #1) (25.4s)
  ✘  176 [chromium] › tests\e2e\journeys\11-nearby-places.spec.ts:142:9 › Nearby Places Feature › Authentication › authenticated user sees search panel (retry #1) (54.4s)
  ✓  182 [chromium] › tests\e2e\nearby\nearby-accessibility.spec.ts:122:7 › Nearby Places Accessibility › F6: Escape key closes map popup (19.7s)
[dotenv@17.2.3] injecting env (0) from .env.local -- tip: 🛠️  run anywhere with `dotenvx run -- yourcommand`
[dotenv@17.2.3] injecting env (0) from .env -- tip: ⚙️  suppress all logs with { quiet: true }
  ✘  181 [chromium] › tests\e2e\journeys\11-nearby-places.spec.ts:287:9 › Nearby Places Feature › Search Input › search input triggers search after debounce (20.6s)
[dotenv@17.2.3] injecting env (0) from .env.local -- tip: ⚙️  write to custom object with { processEnv: myObject }
[dotenv@17.2.3] injecting env (0) from .env -- tip: 🛠️  run anywhere with `dotenvx run -- yourcommand`
[dotenv@17.2.3] injecting env (0) from .env.local -- tip: 🔐 prevent building .env in docker: https://dotenvx.com/prebuild
[dotenv@17.2.3] injecting env (0) from .env -- tip: ⚙️  override existing env vars with { override: true }
  ✓  184 [chromium] › tests\e2e\journeys\11-nearby-places.spec.ts:434:9 › Nearby Places Feature › Mobile View › mobile view toggle works (list/map) (2.3s)
  ✓  183 [chromium] › tests\e2e\nearby\nearby-accessibility.spec.ts:178:7 › Nearby Places Accessibility › F8: Component is visible in high contrast mode (6.3s)
  ✓  187 [chromium] › tests\e2e\journeys\11-nearby-places.spec.ts:488:9 › Nearby Places Feature › Empty and Error States › empty results show appropriate message (2.3s)
  ✓  189 [chromium] › tests\e2e\journeys\11-nearby-places.spec.ts:524:9 › Nearby Places Feature › Empty and Error States › error state displays error message (2.3s)
  ✓  188 [chromium] › tests\e2e\nearby\nearby-accessibility.spec.ts:231:7 › Nearby Places Accessibility › F10: Layout remains usable at 200% font scaling (7.3s)
  ✓  190 [chromium] › tests\e2e\nearby\nearby-accessibility.spec.ts:334:7 › Nearby Places Keyboard Navigation › All interactive elements are reachable via keyboard (4.2s)
  ✘  186 [chromium] › tests\e2e\journeys\11-nearby-places.spec.ts:287:9 › Nearby Places Feature › Search Input › search input triggers search after debounce (retry #1) (17.7s)
[dotenv@17.2.3] injecting env (0) from .env.local -- tip: ⚙️  specify custom .env file path with { path: '/custom/path/.env' }
[dotenv@17.2.3] injecting env (0) from .env -- tip: 🛠️  run anywhere with `dotenvx run -- yourcommand`
  ✘  191 [chromium] › tests\e2e\nearby\nearby-accessibility.spec.ts:414:7 › Nearby Places Keyboard Navigation › Space key activates focused buttons (18.8s)
[dotenv@17.2.3] injecting env (0) from .env.local -- tip: 🔄 add secrets lifecycle management: https://dotenvx.com/ops
[dotenv@17.2.3] injecting env (0) from .env -- tip: 📡 add observability to secrets: https://dotenvx.com/ops
  ✘  192 [chromium] › tests\e2e\nearby\nearby-accessibility.spec.ts:373:7 › Nearby Places Keyboard Navigation › Enter key activates focused buttons (18.9s)
[dotenv@17.2.3] injecting env (0) from .env.local -- tip: 🗂️ backup and recover secrets: https://dotenvx.com/ops
[dotenv@17.2.3] injecting env (0) from .env -- tip: ✅ audit secrets and track compliance: https://dotenvx.com/ops
  ✘  185 [chromium] › tests\e2e\journeys\11-nearby-places.spec.ts:198:9 › Nearby Places Feature › Category Search › category chip click loads results (32.2s)
[dotenv@17.2.3] injecting env (0) from .env.local -- tip: 🔐 prevent building .env in docker: https://dotenvx.com/prebuild
[dotenv@17.2.3] injecting env (0) from .env -- tip: 🔐 prevent committing .env to code: https://dotenvx.com/precommit
  ✘  193 [chromium] › tests\e2e\journeys\11-nearby-places.spec.ts:338:9 › Nearby Places Feature › Map Markers › map markers appear for search results (15.9s)
[dotenv@17.2.3] injecting env (0) from .env.local -- tip: ⚙️  suppress all logs with { quiet: true }
[dotenv@17.2.3] injecting env (0) from .env -- tip: ⚙️  override existing env vars with { override: true }
  ✘  194 [chromium] › tests\e2e\nearby\nearby-accessibility.spec.ts:414:7 › Nearby Places Keyboard Navigation › Space key activates focused buttons (retry #1) (21.5s)
[dotenv@17.2.3] injecting env (0) from .env.local -- tip: 🔑 add access controls to secrets: https://dotenvx.com/ops
[dotenv@17.2.3] injecting env (0) from .env -- tip: ⚙️  write to custom object with { processEnv: myObject }
  ✘  195 [chromium] › tests\e2e\nearby\nearby-accessibility.spec.ts:373:7 › Nearby Places Keyboard Navigation › Enter key activates focused buttons (retry #1) (23.1s)
[dotenv@17.2.3] injecting env (0) from .env.local -- tip: ⚙️  enable debug logging with { debug: true }
[dotenv@17.2.3] injecting env (0) from .env -- tip: ⚙️  enable debug logging with { debug: true }
  ✘  197 [chromium] › tests\e2e\journeys\11-nearby-places.spec.ts:338:9 › Nearby Places Feature › Map Markers › map markers appear for search results (retry #1) (16.9s)
[dotenv@17.2.3] injecting env (0) from .env.local -- tip: ⚙️  override existing env vars with { override: true }
[dotenv@17.2.3] injecting env (0) from .env -- tip: 🔄 add secrets lifecycle management: https://dotenvx.com/ops
  ✓  199 [chromium] › tests\e2e\nearby\nearby-attribution.spec.ts:143:7 › Nearby Places Attribution Compliance › J3: Map tile attribution is present (3.0s)
  ✓  201 [chromium] › tests\e2e\nearby\nearby-attribution.spec.ts:173:7 › Nearby Places Attribution Compliance › J9: Attribution links are functional (5.3s)
  ✘  196 [chromium] › tests\e2e\journeys\11-nearby-places.spec.ts:198:9 › Nearby Places Feature › Category Search › category chip click loads results (retry #1) (34.2s)
[dotenv@17.2.3] injecting env (0) from .env.local -- tip: 🔐 encrypt with Dotenvx: https://dotenvx.com
[dotenv@17.2.3] injecting env (0) from .env -- tip: 🗂️ backup and recover secrets: https://dotenvx.com/ops
  ✓  202 [chromium] › tests\e2e\nearby\nearby-attribution.spec.ts:213:7 › Nearby Places Attribution Compliance › J10: Map renders without CSP violations (5.9s)
  ✘  200 [chromium] › tests\e2e\journeys\11-nearby-places.spec.ts:359:9 › Nearby Places Feature › Map Markers › hover on list item highlights marker (16.1s)
  ✓  204 [chromium] › tests\e2e\nearby\nearby-attribution.spec.ts:285:7 › Nearby Places Privacy Compliance › API responses do not leak to browser console (5.0s)
[dotenv@17.2.3] injecting env (0) from .env.local -- tip: 🛠️  run anywhere with `dotenvx run -- yourcommand`
[dotenv@17.2.3] injecting env (0) from .env -- tip: 📡 add observability to secrets: https://dotenvx.com/ops
  ✘  198 [chromium] › tests\e2e\nearby\nearby-attribution.spec.ts:66:7 › Nearby Places Attribution Compliance › J1: Radar attribution is visible on mobile viewport (25.8s)
[dotenv@17.2.3] injecting env (0) from .env.local -- tip: ⚙️  override existing env vars with { override: true }
[dotenv@17.2.3] injecting env (0) from .env -- tip: 🛠️  run anywhere with `dotenvx run -- yourcommand`
  ✓  205 [chromium] › tests\e2e\nearby\nearby-attribution.spec.ts:312:7 › Nearby Places Privacy Compliance › Network requests use appropriate privacy headers (10.9s)
  ✘  203 [chromium] › tests\e2e\journeys\11-nearby-places.spec.ts:216:9 › Nearby Places Feature › Category Search › results display with distance badges (16.2s)
[dotenv@17.2.3] injecting env (0) from .env.local -- tip: ⚙️  write to custom object with { processEnv: myObject }
[dotenv@17.2.3] injecting env (0) from .env -- tip: 📡 add observability to secrets: https://dotenvx.com/ops
  ✓  208 [chromium] › tests\e2e\nearby\nearby-layout.spec.ts:74:7 › Nearby Places Layout › G1: Map renders correctly inside transformed container (6.3s)
  ✘  206 [chromium] › tests\e2e\journeys\11-nearby-places.spec.ts:359:9 › Nearby Places Feature › Map Markers › hover on list item highlights marker (retry #1) (19.4s)
[dotenv@17.2.3] injecting env (0) from .env.local -- tip: 🔐 prevent committing .env to code: https://dotenvx.com/precommit
[dotenv@17.2.3] injecting env (0) from .env -- tip: ⚙️  specify custom .env file path with { path: '/custom/path/.env' }
  ✓  210 [chromium] › tests\e2e\nearby\nearby-layout.spec.ts:111:7 › Nearby Places Layout › G2: Handles zero-height container gracefully (9.9s)
  ✓  212 [chromium] › tests\e2e\nearby\nearby-layout.spec.ts:146:7 › Nearby Places Layout › G3: Sticky header does not overlap map controls (4.1s)
  ✘  207 [chromium] › tests\e2e\nearby\nearby-attribution.spec.ts:66:7 › Nearby Places Attribution Compliance › J1: Radar attribution is visible on mobile viewport (retry #1) (35.7s)
  ✘  209 [chromium] › tests\e2e\journeys\11-nearby-places.spec.ts:216:9 › Nearby Places Feature › Category Search › results display with distance badges (retry #1) (23.2s)
  ✓  211 [chromium] › tests\e2e\nearby\nearby-layout.spec.ts:189:7 › Nearby Places Layout › G4: Map popup appears above other overlays (17.0s)
  ✓  213 [chromium] › tests\e2e\nearby\nearby-layout.spec.ts:294:7 › Nearby Places Layout › G7: Touch zoom handling on Safari (10.6s)
[dotenv@17.2.3] injecting env (0) from .env.local -- tip: ⚙️  load multiple .env files with { path: ['.env.local', '.env'] }
[dotenv@17.2.3] injecting env (0) from .env -- tip: 🔑 add access controls to secrets: https://dotenvx.com/ops
[dotenv@17.2.3] injecting env (0) from .env.local -- tip: 🗂️ backup and recover secrets: https://dotenvx.com/ops
[dotenv@17.2.3] injecting env (0) from .env -- tip: ⚙️  specify custom .env file path with { path: '/custom/path/.env' }
  ✓  214 [chromium] › tests\e2e\nearby\nearby-layout.spec.ts:226:7 › Nearby Places Layout › G5: Pointer events allow map interaction (8.8s)
  ✓  215 [chromium] › tests\e2e\nearby\nearby-layout.spec.ts:326:7 › Nearby Places Layout › G8: Map updates after viewport rotation/resize (9.4s)
  ✓  216 [chromium] › tests\e2e\nearby\nearby-attribution.spec.ts:102:7 › Nearby Places Attribution Compliance › J2: Dark mode attribution has sufficient contrast (8.4s)
  ✓  217 [chromium] › tests\e2e\nearby\nearby-layout.spec.ts:441:7 › Nearby Places Mobile Layout › Layout adapts to mobile viewport (9.1s)
  ✓  218 [chromium] › tests\e2e\nearby\nearby-layout.spec.ts:259:7 › Nearby Places Layout › G6: Panel scrolling is contained (10.7s)
  ✓  219 [chromium] › tests\e2e\nearby\nearby-layout.spec.ts:363:7 › Nearby Places Layout › G9: Markers render sharply on high-DPI displays (10.1s)
[dotenv@17.2.3] injecting env (0) from .env.local -- tip: 🔐 prevent committing .env to code: https://dotenvx.com/precommit
[dotenv@17.2.3] injecting env (0) from .env -- tip: 📡 add observability to secrets: https://dotenvx.com/ops
  ✘  221 [firefox] › tests\e2e\journeys\01-discovery-search.spec.ts:16:9 › Discovery & Search Journeys › J001: Anonymous user browses home page › @anon @mobile @a11y - Home page discovery flow (7ms)
[dotenv@17.2.3] injecting env (0) from .env.local -- tip: ⚙️  suppress all logs with { quiet: true }
[dotenv@17.2.3] injecting env (0) from .env -- tip: 📡 add observability to secrets: https://dotenvx.com/ops
  ✘  222 [firefox] › tests\e2e\journeys\01-discovery-search.spec.ts:62:9 › Discovery & Search Journeys › J001: Anonymous user browses home page › @anon - Empty state when no featured listings (8ms)
[dotenv@17.2.3] injecting env (0) from .env.local -- tip: ⚙️  specify custom .env file path with { path: '/custom/path/.env' }
[dotenv@17.2.3] injecting env (0) from .env -- tip: 🔑 add access controls to secrets: https://dotenvx.com/ops
  ✘  223 [firefox] › tests\e2e\journeys\01-discovery-search.spec.ts:87:9 › Discovery & Search Journeys › J002: Search with multiple filters › @anon @mobile - Filter search results (6ms)
[dotenv@17.2.3] injecting env (0) from .env.local -- tip: 🔐 encrypt with Dotenvx: https://dotenvx.com
[dotenv@17.2.3] injecting env (0) from .env -- tip: ⚙️  write to custom object with { processEnv: myObject }
  ✘  224 [firefox] › tests\e2e\journeys\01-discovery-search.spec.ts:16:9 › Discovery & Search Journeys › J001: Anonymous user browses home page › @anon @mobile @a11y - Home page discovery flow (retry #1) (6ms)
[dotenv@17.2.3] injecting env (0) from .env.local -- tip: 🔑 add access controls to secrets: https://dotenvx.com/ops
[dotenv@17.2.3] injecting env (0) from .env -- tip: ⚙️  specify custom .env file path with { path: '/custom/path/.env' }
  ✘  225 [firefox] › tests\e2e\journeys\01-discovery-search.spec.ts:62:9 › Discovery & Search Journeys › J001: Anonymous user browses home page › @anon - Empty state when no featured listings (retry #1) (6ms)
[dotenv@17.2.3] injecting env (0) from .env.local -- tip: 🔑 add access controls to secrets: https://dotenvx.com/ops
[dotenv@17.2.3] injecting env (0) from .env -- tip: 🔑 add access controls to secrets: https://dotenvx.com/ops
  ✘  226 [firefox] › tests\e2e\journeys\01-discovery-search.spec.ts:87:9 › Discovery & Search Journeys › J002: Search with multiple filters › @anon @mobile - Filter search results (retry #1) (6ms)
[dotenv@17.2.3] injecting env (0) from .env.local -- tip: 👥 sync secrets across teammates & machines: https://dotenvx.com/ops
[dotenv@17.2.3] injecting env (0) from .env -- tip: 📡 add observability to secrets: https://dotenvx.com/ops
  ✘  227 [firefox] › tests\e2e\journeys\01-discovery-search.spec.ts:116:9 › Discovery & Search Journeys › J002: Search with multiple filters › @anon - Zero results shows suggestions (6ms)
[dotenv@17.2.3] injecting env (0) from .env.local -- tip: 🔐 prevent building .env in docker: https://dotenvx.com/prebuild
[dotenv@17.2.3] injecting env (0) from .env -- tip: ⚙️  suppress all logs with { quiet: true }
  ✘  228 [firefox] › tests\e2e\journeys\01-discovery-search.spec.ts:133:9 › Discovery & Search Journeys › J003: Listing detail with image gallery › @anon @a11y - View listing details and gallery (6ms)
[dotenv@17.2.3] injecting env (0) from .env.local -- tip: 🔐 prevent building .env in docker: https://dotenvx.com/prebuild
[dotenv@17.2.3] injecting env (0) from .env -- tip: 👥 sync secrets across teammates & machines: https://dotenvx.com/ops
  ✘  229 [firefox] › tests\e2e\journeys\01-discovery-search.spec.ts:176:9 › Discovery & Search Journeys › J003: Listing detail with image gallery › @anon - 404 for non-existent listing (6ms)
[dotenv@17.2.3] injecting env (0) from .env.local -- tip: ⚙️  override existing env vars with { override: true }
[dotenv@17.2.3] injecting env (0) from .env -- tip: ⚙️  specify custom .env file path with { path: '/custom/path/.env' }
  ✘  230 [firefox] › tests\e2e\journeys\01-discovery-search.spec.ts:116:9 › Discovery & Search Journeys › J002: Search with multiple filters › @anon - Zero results shows suggestions (retry #1) (6ms)
[dotenv@17.2.3] injecting env (0) from .env.local -- tip: ✅ audit secrets and track compliance: https://dotenvx.com/ops
[dotenv@17.2.3] injecting env (0) from .env -- tip: 🔐 prevent committing .env to code: https://dotenvx.com/precommit
  ✘  231 [firefox] › tests\e2e\journeys\01-discovery-search.spec.ts:133:9 › Discovery & Search Journeys › J003: Listing detail with image gallery › @anon @a11y - View listing details and gallery (retry #1) (6ms)
[dotenv@17.2.3] injecting env (0) from .env.local -- tip: 🔐 encrypt with Dotenvx: https://dotenvx.com
[dotenv@17.2.3] injecting env (0) from .env -- tip: 📡 add observability to secrets: https://dotenvx.com/ops
  ✘  232 [firefox] › tests\e2e\journeys\01-discovery-search.spec.ts:176:9 › Discovery & Search Journeys › J003: Listing detail with image gallery › @anon - 404 for non-existent listing (retry #1) (8ms)
[dotenv@17.2.3] injecting env (0) from .env.local -- tip: ✅ audit secrets and track compliance: https://dotenvx.com/ops
[dotenv@17.2.3] injecting env (0) from .env -- tip: 🔐 prevent building .env in docker: https://dotenvx.com/prebuild
  ✘  233 [firefox] › tests\e2e\journeys\01-discovery-search.spec.ts:187:9 › Discovery & Search Journeys › J004: Map view with pan and zoom › @anon @slow - Map interaction (6ms)
[dotenv@17.2.3] injecting env (0) from .env.local -- tip: ⚙️  suppress all logs with { quiet: true }
[dotenv@17.2.3] injecting env (0) from .env -- tip: ⚙️  write to custom object with { processEnv: myObject }
  ✘  234 [firefox] › tests\e2e\journeys\01-discovery-search.spec.ts:225:9 › Discovery & Search Journeys › J005: Sort search results › @anon - Sort by price and date (7ms)
[dotenv@17.2.3] injecting env (0) from .env.local -- tip: 📡 add observability to secrets: https://dotenvx.com/ops
[dotenv@17.2.3] injecting env (0) from .env -- tip: ⚙️  load multiple .env files with { path: ['.env.local', '.env'] }
  ✘  235 [firefox] › tests\e2e\journeys\01-discovery-search.spec.ts:251:9 › Discovery & Search Journeys › J006: Pagination through results › @anon @mobile - Navigate through pages (6ms)
[dotenv@17.2.3] injecting env (0) from .env.local -- tip: ⚙️  write to custom object with { processEnv: myObject }
[dotenv@17.2.3] injecting env (0) from .env -- tip: 🔐 prevent committing .env to code: https://dotenvx.com/precommit
  ✘  236 [firefox] › tests\e2e\journeys\01-discovery-search.spec.ts:187:9 › Discovery & Search Journeys › J004: Map view with pan and zoom › @anon @slow - Map interaction (retry #1) (6ms)
[dotenv@17.2.3] injecting env (0) from .env.local -- tip: ⚙️  override existing env vars with { override: true }
[dotenv@17.2.3] injecting env (0) from .env -- tip: ⚙️  specify custom .env file path with { path: '/custom/path/.env' }
  ✘  237 [firefox] › tests\e2e\journeys\01-discovery-search.spec.ts:225:9 › Discovery & Search Journeys › J005: Sort search results › @anon - Sort by price and date (retry #1) (6ms)
[dotenv@17.2.3] injecting env (0) from .env.local -- tip: 🔐 prevent committing .env to code: https://dotenvx.com/precommit
[dotenv@17.2.3] injecting env (0) from .env -- tip: ⚙️  suppress all logs with { quiet: true }
  ✘  238 [firefox] › tests\e2e\journeys\01-discovery-search.spec.ts:251:9 › Discovery & Search Journeys › J006: Pagination through results › @anon @mobile - Navigate through pages (retry #1) (6ms)
[dotenv@17.2.3] injecting env (0) from .env.local -- tip: ⚙️  write to custom object with { processEnv: myObject }
[dotenv@17.2.3] injecting env (0) from .env -- tip: ⚙️  write to custom object with { processEnv: myObject }
  ✘  239 [firefox] › tests\e2e\journeys\01-discovery-search.spec.ts:284:9 › Discovery & Search Journeys › J007-J010: Accessibility checks for search › @a11y - Search page accessibility (6ms)
[dotenv@17.2.3] injecting env (0) from .env.local -- tip: ⚙️  suppress all logs with { quiet: true }
[dotenv@17.2.3] injecting env (0) from .env -- tip: 🔐 prevent committing .env to code: https://dotenvx.com/precommit
  ✘  240 [firefox] › tests\e2e\journeys\02-auth.spec.ts:16:9 › Authentication Journeys › J007: User signup with email › @auth @a11y - Complete signup flow (6ms)
[dotenv@17.2.3] injecting env (0) from .env.local -- tip: ⚙️  specify custom .env file path with { path: '/custom/path/.env' }
[dotenv@17.2.3] injecting env (0) from .env -- tip: ⚙️  specify custom .env file path with { path: '/custom/path/.env' }
  ✘  241 [firefox] › tests\e2e\journeys\02-auth.spec.ts:70:9 › Authentication Journeys › J007: User signup with email › @auth - Signup with existing email shows error (5ms)
[dotenv@17.2.3] injecting env (0) from .env.local -- tip: 👥 sync secrets across teammates & machines: https://dotenvx.com/ops
[dotenv@17.2.3] injecting env (0) from .env -- tip: 🔄 add secrets lifecycle management: https://dotenvx.com/ops
  ✘  242 [firefox] › tests\e2e\journeys\01-discovery-search.spec.ts:284:9 › Discovery & Search Journeys › J007-J010: Accessibility checks for search › @a11y - Search page accessibility (retry #1) (5ms)
[dotenv@17.2.3] injecting env (0) from .env.local -- tip: 🔄 add secrets lifecycle management: https://dotenvx.com/ops
[dotenv@17.2.3] injecting env (0) from .env -- tip: ⚙️  override existing env vars with { override: true }
  ✘  243 [firefox] › tests\e2e\journeys\02-auth.spec.ts:16:9 › Authentication Journeys › J007: User signup with email › @auth @a11y - Complete signup flow (retry #1) (4ms)
[dotenv@17.2.3] injecting env (0) from .env.local -- tip: ⚙️  write to custom object with { processEnv: myObject }
[dotenv@17.2.3] injecting env (0) from .env -- tip: 📡 add observability to secrets: https://dotenvx.com/ops
  ✘  244 [firefox] › tests\e2e\journeys\02-auth.spec.ts:70:9 › Authentication Journeys › J007: User signup with email › @auth - Signup with existing email shows error (retry #1) (5ms)
[dotenv@17.2.3] injecting env (0) from .env.local -- tip: ⚙️  override existing env vars with { override: true }
[dotenv@17.2.3] injecting env (0) from .env -- tip: 📡 add observability to secrets: https://dotenvx.com/ops
  ✘  245 [firefox] › tests\e2e\journeys\02-auth.spec.ts:103:9 › Authentication Journeys › J007: User signup with email › @auth - Weak password validation (5ms)
[dotenv@17.2.3] injecting env (0) from .env.local -- tip: ⚙️  enable debug logging with { debug: true }
[dotenv@17.2.3] injecting env (0) from .env -- tip: ⚙️  write to custom object with { processEnv: myObject }
  ✘  246 [firefox] › tests\e2e\journeys\02-auth.spec.ts:130:9 › Authentication Journeys › J008: User login › @auth - Successful login flow (5ms)
[dotenv@17.2.3] injecting env (0) from .env.local -- tip: ✅ audit secrets and track compliance: https://dotenvx.com/ops
[dotenv@17.2.3] injecting env (0) from .env -- tip: ⚙️  load multiple .env files with { path: ['.env.local', '.env'] }
  ✘  247 [firefox] › tests\e2e\journeys\02-auth.spec.ts:157:9 › Authentication Journeys › J008: User login › @auth - Invalid credentials show error (5ms)
[dotenv@17.2.3] injecting env (0) from .env.local -- tip: ⚙️  suppress all logs with { quiet: true }
[dotenv@17.2.3] injecting env (0) from .env -- tip: 🔄 add secrets lifecycle management: https://dotenvx.com/ops
  ✘  248 [firefox] › tests\e2e\journeys\02-auth.spec.ts:103:9 › Authentication Journeys › J007: User signup with email › @auth - Weak password validation (retry #1) (7ms)
[dotenv@17.2.3] injecting env (0) from .env.local -- tip: 🗂️ backup and recover secrets: https://dotenvx.com/ops
[dotenv@17.2.3] injecting env (0) from .env -- tip: 🔄 add secrets lifecycle management: https://dotenvx.com/ops
  ✘  220 [chromium] › tests\e2e\nearby\nearby-layout.spec.ts:480:7 › Nearby Places Mobile Layout › Map/list toggle works on mobile (20.0s)
  ✘  249 [firefox] › tests\e2e\journeys\02-auth.spec.ts:130:9 › Authentication Journeys › J008: User login › @auth - Successful login flow (retry #1) (5ms)
[dotenv@17.2.3] injecting env (0) from .env.local -- tip: 🔐 encrypt with Dotenvx: https://dotenvx.com
[dotenv@17.2.3] injecting env (0) from .env -- tip: 📡 add observability to secrets: https://dotenvx.com/ops
  ✘  250 [firefox] › tests\e2e\journeys\02-auth.spec.ts:157:9 › Authentication Journeys › J008: User login › @auth - Invalid credentials show error (retry #1) (7ms)
[dotenv@17.2.3] injecting env (0) from .env.local -- tip: 🔐 prevent building .env in docker: https://dotenvx.com/prebuild
[dotenv@17.2.3] injecting env (0) from .env -- tip: ✅ audit secrets and track compliance: https://dotenvx.com/ops
  ✘  251 [firefox] › tests\e2e\journeys\02-auth.spec.ts:176:9 › Authentication Journeys › J009: User logout › @auth - Logout clears session (8ms)
[dotenv@17.2.3] injecting env (0) from .env.local -- tip: 🔐 prevent building .env in docker: https://dotenvx.com/prebuild
[dotenv@17.2.3] injecting env (0) from .env -- tip: 🔄 add secrets lifecycle management: https://dotenvx.com/ops
[dotenv@17.2.3] injecting env (0) from .env.local -- tip: ⚙️  enable debug logging with { debug: true }
[dotenv@17.2.3] injecting env (0) from .env -- tip: ⚙️  enable debug logging with { debug: true }
  ✘  253 [firefox] › tests\e2e\journeys\02-auth.spec.ts:196:9 › Authentication Journeys › J010: Password reset › @auth @flaky - Request password reset (9ms)
[dotenv@17.2.3] injecting env (0) from .env.local -- tip: 🔑 add access controls to secrets: https://dotenvx.com/ops
[dotenv@17.2.3] injecting env (0) from .env -- tip: ⚙️  specify custom .env file path with { path: '/custom/path/.env' }
  ✘  254 [firefox] › tests\e2e\journeys\02-auth.spec.ts:226:9 › Authentication Journeys › J011-J012: Protected route access › @auth - Unauthenticated user redirected from protected routes (11ms)
[dotenv@17.2.3] injecting env (0) from .env.local -- tip: 🔄 add secrets lifecycle management: https://dotenvx.com/ops
[dotenv@17.2.3] injecting env (0) from .env -- tip: 🔄 add secrets lifecycle management: https://dotenvx.com/ops
  ✘  255 [firefox] › tests\e2e\journeys\02-auth.spec.ts:176:9 › Authentication Journeys › J009: User logout › @auth - Logout clears session (retry #1) (9ms)
[dotenv@17.2.3] injecting env (0) from .env.local -- tip: ⚙️  specify custom .env file path with { path: '/custom/path/.env' }
[dotenv@17.2.3] injecting env (0) from .env -- tip: 🛠️  run anywhere with `dotenvx run -- yourcommand`
  ✘  256 [firefox] › tests\e2e\journeys\02-auth.spec.ts:196:9 › Authentication Journeys › J010: Password reset › @auth @flaky - Request password reset (retry #1) (10ms)
[dotenv@17.2.3] injecting env (0) from .env.local -- tip: 🗂️ backup and recover secrets: https://dotenvx.com/ops
[dotenv@17.2.3] injecting env (0) from .env -- tip: ✅ audit secrets and track compliance: https://dotenvx.com/ops
  ✘  257 [firefox] › tests\e2e\journeys\02-auth.spec.ts:226:9 › Authentication Journeys › J011-J012: Protected route access › @auth - Unauthenticated user redirected from protected routes (retry #1) (9ms)
[dotenv@17.2.3] injecting env (0) from .env.local -- tip: 🔐 encrypt with Dotenvx: https://dotenvx.com
[dotenv@17.2.3] injecting env (0) from .env -- tip: 👥 sync secrets across teammates & machines: https://dotenvx.com/ops
  ✘  258 [firefox] › tests\e2e\journeys\02-auth.spec.ts:243:9 › Authentication Journeys › J011-J012: Protected route access › @auth - Callback URL preserved after login (10ms)
[dotenv@17.2.3] injecting env (0) from .env.local -- tip: 🔐 prevent building .env in docker: https://dotenvx.com/prebuild
[dotenv@17.2.3] injecting env (0) from .env -- tip: ⚙️  override existing env vars with { override: true }
  ✘  259 [firefox] › tests\e2e\journeys\02-auth.spec.ts:262:9 › Authentication Journeys › J013-J014: Session management › @auth - Session persists across tabs (8ms)
[dotenv@17.2.3] injecting env (0) from .env.local -- tip: 👥 sync secrets across teammates & machines: https://dotenvx.com/ops
[dotenv@17.2.3] injecting env (0) from .env -- tip: 🔐 prevent committing .env to code: https://dotenvx.com/precommit
  ✘  260 [firefox] › tests\e2e\journeys\02-auth.spec.ts:282:9 › Authentication Journeys › J015-J016: Rate limiting on auth › @auth @flaky - Rate limit on failed logins (6ms)
[dotenv@17.2.3] injecting env (0) from .env.local -- tip: ⚙️  suppress all logs with { quiet: true }
[dotenv@17.2.3] injecting env (0) from .env -- tip: 🔐 encrypt with Dotenvx: https://dotenvx.com
  ✘  261 [firefox] › tests\e2e\journeys\02-auth.spec.ts:243:9 › Authentication Journeys › J011-J012: Protected route access › @auth - Callback URL preserved after login (retry #1) (7ms)
[dotenv@17.2.3] injecting env (0) from .env.local -- tip: ⚙️  enable debug logging with { debug: true }
[dotenv@17.2.3] injecting env (0) from .env -- tip: 🔐 prevent building .env in docker: https://dotenvx.com/prebuild
  ✘  262 [firefox] › tests\e2e\journeys\02-auth.spec.ts:262:9 › Authentication Journeys › J013-J014: Session management › @auth - Session persists across tabs (retry #1) (5ms)
[dotenv@17.2.3] injecting env (0) from .env.local -- tip: 🔄 add secrets lifecycle management: https://dotenvx.com/ops
[dotenv@17.2.3] injecting env (0) from .env -- tip: ⚙️  suppress all logs with { quiet: true }
  ✘  263 [firefox] › tests\e2e\journeys\02-auth.spec.ts:282:9 › Authentication Journeys › J015-J016: Rate limiting on auth › @auth @flaky - Rate limit on failed logins (retry #1) (4ms)
[dotenv@17.2.3] injecting env (0) from .env.local -- tip: 👥 sync secrets across teammates & machines: https://dotenvx.com/ops
[dotenv@17.2.3] injecting env (0) from .env -- tip: 🗂️ backup and recover secrets: https://dotenvx.com/ops
  ✘  264 [firefox] › tests\e2e\journeys\03-listing-management.spec.ts:16:9 › Listing Management Journeys › J017: Create new listing › @auth @mobile - Complete listing creation flow (5ms)
[dotenv@17.2.3] injecting env (0) from .env.local -- tip: 🔐 prevent building .env in docker: https://dotenvx.com/prebuild
[dotenv@17.2.3] injecting env (0) from .env -- tip: 🔑 add access controls to secrets: https://dotenvx.com/ops
  ✘  265 [firefox] › tests\e2e\journeys\03-listing-management.spec.ts:82:9 › Listing Management Journeys › J017: Create new listing › @auth - Validation errors for missing required fields (7ms)
[dotenv@17.2.3] injecting env (0) from .env.local -- tip: 🛠️  run anywhere with `dotenvx run -- yourcommand`
[dotenv@17.2.3] injecting env (0) from .env -- tip: 👥 sync secrets across teammates & machines: https://dotenvx.com/ops
  ✘  266 [firefox] › tests\e2e\journeys\03-listing-management.spec.ts:102:9 › Listing Management Journeys › J018: Edit existing listing › @auth - Edit listing details (6ms)
[dotenv@17.2.3] injecting env (0) from .env.local -- tip: ⚙️  write to custom object with { processEnv: myObject }
[dotenv@17.2.3] injecting env (0) from .env -- tip: ⚙️  suppress all logs with { quiet: true }
  ✘  267 [firefox] › tests\e2e\journeys\03-listing-management.spec.ts:16:9 › Listing Management Journeys › J017: Create new listing › @auth @mobile - Complete listing creation flow (retry #1) (5ms)
[dotenv@17.2.3] injecting env (0) from .env.local -- tip: 📡 add observability to secrets: https://dotenvx.com/ops
[dotenv@17.2.3] injecting env (0) from .env -- tip: 👥 sync secrets across teammates & machines: https://dotenvx.com/ops
  ✘  268 [firefox] › tests\e2e\journeys\03-listing-management.spec.ts:82:9 › Listing Management Journeys › J017: Create new listing › @auth - Validation errors for missing required fields (retry #1) (5ms)
[dotenv@17.2.3] injecting env (0) from .env.local -- tip: ⚙️  specify custom .env file path with { path: '/custom/path/.env' }
[dotenv@17.2.3] injecting env (0) from .env -- tip: ⚙️  specify custom .env file path with { path: '/custom/path/.env' }
  ✘  269 [firefox] › tests\e2e\journeys\03-listing-management.spec.ts:102:9 › Listing Management Journeys › J018: Edit existing listing › @auth - Edit listing details (retry #1) (5ms)
[dotenv@17.2.3] injecting env (0) from .env.local -- tip: ⚙️  write to custom object with { processEnv: myObject }
[dotenv@17.2.3] injecting env (0) from .env -- tip: 🔐 prevent building .env in docker: https://dotenvx.com/prebuild
  ✘  270 [firefox] › tests\e2e\journeys\03-listing-management.spec.ts:142:9 › Listing Management Journeys › J019: Delete listing › @auth - Delete listing with confirmation (5ms)
[dotenv@17.2.3] injecting env (0) from .env.local -- tip: 👥 sync secrets across teammates & machines: https://dotenvx.com/ops
[dotenv@17.2.3] injecting env (0) from .env -- tip: 🔐 prevent building .env in docker: https://dotenvx.com/prebuild
  ✘  271 [firefox] › tests\e2e\journeys\03-listing-management.spec.ts:169:9 › Listing Management Journeys › J019: Delete listing › @auth - Cancel delete confirmation (5ms)
[dotenv@17.2.3] injecting env (0) from .env.local -- tip: 🔐 prevent building .env in docker: https://dotenvx.com/prebuild
[dotenv@17.2.3] injecting env (0) from .env -- tip: ⚙️  load multiple .env files with { path: ['.env.local', '.env'] }
  ✘  272 [firefox] › tests\e2e\journeys\03-listing-management.spec.ts:193:9 › Listing Management Journeys › J020: Pause and reactivate listing › @auth - Toggle listing status (4ms)
[dotenv@17.2.3] injecting env (0) from .env.local -- tip: 🔐 prevent committing .env to code: https://dotenvx.com/precommit
[dotenv@17.2.3] injecting env (0) from .env -- tip: ⚙️  load multiple .env files with { path: ['.env.local', '.env'] }
  ✘  273 [firefox] › tests\e2e\journeys\03-listing-management.spec.ts:142:9 › Listing Management Journeys › J019: Delete listing › @auth - Delete listing with confirmation (retry #1) (5ms)
[dotenv@17.2.3] injecting env (0) from .env.local -- tip: 📡 add observability to secrets: https://dotenvx.com/ops
[dotenv@17.2.3] injecting env (0) from .env -- tip: 📡 add observability to secrets: https://dotenvx.com/ops
  ✘  274 [firefox] › tests\e2e\journeys\03-listing-management.spec.ts:169:9 › Listing Management Journeys › J019: Delete listing › @auth - Cancel delete confirmation (retry #1) (5ms)
[dotenv@17.2.3] injecting env (0) from .env.local -- tip: ✅ audit secrets and track compliance: https://dotenvx.com/ops
[dotenv@17.2.3] injecting env (0) from .env -- tip: ⚙️  override existing env vars with { override: true }
  ✘  275 [firefox] › tests\e2e\journeys\03-listing-management.spec.ts:193:9 › Listing Management Journeys › J020: Pause and reactivate listing › @auth - Toggle listing status (retry #1) (6ms)
[dotenv@17.2.3] injecting env (0) from .env.local -- tip: ⚙️  suppress all logs with { quiet: true }
[dotenv@17.2.3] injecting env (0) from .env -- tip: 🗂️ backup and recover secrets: https://dotenvx.com/ops
  ✘  276 [firefox] › tests\e2e\journeys\03-listing-management.spec.ts:222:9 › Listing Management Journeys › J021-J022: Image upload › @auth @slow - Upload images to listing (5ms)
[dotenv@17.2.3] injecting env (0) from .env.local -- tip: 🔑 add access controls to secrets: https://dotenvx.com/ops
[dotenv@17.2.3] injecting env (0) from .env -- tip: ⚙️  suppress all logs with { quiet: true }
  ✘  277 [firefox] › tests\e2e\journeys\03-listing-management.spec.ts:245:9 › Listing Management Journeys › J023-J024: Listing from profile access › @auth - Access listing management from profile (4ms)
[dotenv@17.2.3] injecting env (0) from .env.local -- tip: 🛠️  run anywhere with `dotenvx run -- yourcommand`
[dotenv@17.2.3] injecting env (0) from .env -- tip: 🗂️ backup and recover secrets: https://dotenvx.com/ops
  ✘  278 [firefox] › tests\e2e\journeys\03-listing-management.spec.ts:264:9 › Listing Management Journeys › J025-J026: Listing creation edge cases › @auth - Address geocoding validation (5ms)
[dotenv@17.2.3] injecting env (0) from .env.local -- tip: ⚙️  load multiple .env files with { path: ['.env.local', '.env'] }
[dotenv@17.2.3] injecting env (0) from .env -- tip: 🔐 prevent building .env in docker: https://dotenvx.com/prebuild
  ✘  279 [firefox] › tests\e2e\journeys\03-listing-management.spec.ts:222:9 › Listing Management Journeys › J021-J022: Image upload › @auth @slow - Upload images to listing (retry #1) (6ms)
[dotenv@17.2.3] injecting env (0) from .env.local -- tip: 🔐 prevent committing .env to code: https://dotenvx.com/precommit
[dotenv@17.2.3] injecting env (0) from .env -- tip: 🔐 encrypt with Dotenvx: https://dotenvx.com
  ✘  280 [firefox] › tests\e2e\journeys\03-listing-management.spec.ts:245:9 › Listing Management Journeys › J023-J024: Listing from profile access › @auth - Access listing management from profile (retry #1) (6ms)
[dotenv@17.2.3] injecting env (0) from .env.local -- tip: ⚙️  enable debug logging with { debug: true }
[dotenv@17.2.3] injecting env (0) from .env -- tip: 🔐 prevent committing .env to code: https://dotenvx.com/precommit
  ✘  281 [firefox] › tests\e2e\journeys\03-listing-management.spec.ts:264:9 › Listing Management Journeys › J025-J026: Listing creation edge cases › @auth - Address geocoding validation (retry #1) (5ms)
[dotenv@17.2.3] injecting env (0) from .env.local -- tip: 🔄 add secrets lifecycle management: https://dotenvx.com/ops
[dotenv@17.2.3] injecting env (0) from .env -- tip: 🛠️  run anywhere with `dotenvx run -- yourcommand`
  ✘  282 [firefox] › tests\e2e\journeys\03-listing-management.spec.ts:288:9 › Listing Management Journeys › J025-J026: Listing creation edge cases › @auth - Draft persistence (6ms)
[dotenv@17.2.3] injecting env (0) from .env.local -- tip: 📡 add observability to secrets: https://dotenvx.com/ops
[dotenv@17.2.3] injecting env (0) from .env -- tip: 👥 sync secrets across teammates & machines: https://dotenvx.com/ops
  ✘  283 [firefox] › tests\e2e\journeys\04-favorites-saved-searches.spec.ts:15:9 › Favorites & Saved Searches Journeys › J027: Save and unsave listing › @auth @mobile - Toggle favorite on listing (4ms)
[dotenv@17.2.3] injecting env (0) from .env.local -- tip: ⚙️  load multiple .env files with { path: ['.env.local', '.env'] }
[dotenv@17.2.3] injecting env (0) from .env -- tip: ⚙️  load multiple .env files with { path: ['.env.local', '.env'] }
  ✘  284 [firefox] › tests\e2e\journeys\04-favorites-saved-searches.spec.ts:46:9 › Favorites & Saved Searches Journeys › J027: Save and unsave listing › @auth - View saved listings page (5ms)
[dotenv@17.2.3] injecting env (0) from .env.local -- tip: ⚙️  enable debug logging with { debug: true }
[dotenv@17.2.3] injecting env (0) from .env -- tip: ⚙️  write to custom object with { processEnv: myObject }
  ✘  285 [firefox] › tests\e2e\journeys\03-listing-management.spec.ts:288:9 › Listing Management Journeys › J025-J026: Listing creation edge cases › @auth - Draft persistence (retry #1) (5ms)
[dotenv@17.2.3] injecting env (0) from .env.local -- tip: ⚙️  override existing env vars with { override: true }
[dotenv@17.2.3] injecting env (0) from .env -- tip: 🗂️ backup and recover secrets: https://dotenvx.com/ops
  ✘  286 [firefox] › tests\e2e\journeys\04-favorites-saved-searches.spec.ts:15:9 › Favorites & Saved Searches Journeys › J027: Save and unsave listing › @auth @mobile - Toggle favorite on listing (retry #1) (4ms)
[dotenv@17.2.3] injecting env (0) from .env.local -- tip: ⚙️  write to custom object with { processEnv: myObject }
[dotenv@17.2.3] injecting env (0) from .env -- tip: 🔄 add secrets lifecycle management: https://dotenvx.com/ops
  ✘  287 [firefox] › tests\e2e\journeys\04-favorites-saved-searches.spec.ts:46:9 › Favorites & Saved Searches Journeys › J027: Save and unsave listing › @auth - View saved listings page (retry #1) (5ms)
[dotenv@17.2.3] injecting env (0) from .env.local -- tip: 🔐 prevent committing .env to code: https://dotenvx.com/precommit
[dotenv@17.2.3] injecting env (0) from .env -- tip: 🔄 add secrets lifecycle management: https://dotenvx.com/ops
  ✘  288 [firefox] › tests\e2e\journeys\04-favorites-saved-searches.spec.ts:66:9 › Favorites & Saved Searches Journeys › J028: Manage saved listings › @auth - Remove from saved page (5ms)
[dotenv@17.2.3] injecting env (0) from .env.local -- tip: ✅ audit secrets and track compliance: https://dotenvx.com/ops
[dotenv@17.2.3] injecting env (0) from .env -- tip: 🔐 encrypt with Dotenvx: https://dotenvx.com
  ✘  289 [firefox] › tests\e2e\journeys\04-favorites-saved-searches.spec.ts:93:9 › Favorites & Saved Searches Journeys › J029-J030: Create saved search › @auth - Save search with filters (6ms)
[dotenv@17.2.3] injecting env (0) from .env.local -- tip: 🔐 prevent building .env in docker: https://dotenvx.com/prebuild
[dotenv@17.2.3] injecting env (0) from .env -- tip: ⚙️  specify custom .env file path with { path: '/custom/path/.env' }
  ✘  290 [firefox] › tests\e2e\journeys\04-favorites-saved-searches.spec.ts:129:9 › Favorites & Saved Searches Journeys › J029-J030: Create saved search › @auth - View saved searches (5ms)
[dotenv@17.2.3] injecting env (0) from .env.local -- tip: 🛠️  run anywhere with `dotenvx run -- yourcommand`
[dotenv@17.2.3] injecting env (0) from .env -- tip: ⚙️  suppress all logs with { quiet: true }
  ✘  291 [firefox] › tests\e2e\journeys\04-favorites-saved-searches.spec.ts:66:9 › Favorites & Saved Searches Journeys › J028: Manage saved listings › @auth - Remove from saved page (retry #1) (6ms)
[dotenv@17.2.3] injecting env (0) from .env.local -- tip: ⚙️  write to custom object with { processEnv: myObject }
[dotenv@17.2.3] injecting env (0) from .env -- tip: ✅ audit secrets and track compliance: https://dotenvx.com/ops
  ✘  292 [firefox] › tests\e2e\journeys\04-favorites-saved-searches.spec.ts:93:9 › Favorites & Saved Searches Journeys › J029-J030: Create saved search › @auth - Save search with filters (retry #1) (6ms)
  ✘  252 [chromium] › tests\e2e\nearby\nearby-layout.spec.ts:480:7 › Nearby Places Mobile Layout › Map/list toggle works on mobile (retry #1) (19.9s)
[dotenv@17.2.3] injecting env (0) from .env.local -- tip: ⚙️  specify custom .env file path with { path: '/custom/path/.env' }
[dotenv@17.2.3] injecting env (0) from .env -- tip: ⚙️  override existing env vars with { override: true }
  ✘  293 [firefox] › tests\e2e\journeys\04-favorites-saved-searches.spec.ts:129:9 › Favorites & Saved Searches Journeys › J029-J030: Create saved search › @auth - View saved searches (retry #1) (6ms)
[dotenv@17.2.3] injecting env (0) from .env.local -- tip: 🔐 prevent building .env in docker: https://dotenvx.com/prebuild
[dotenv@17.2.3] injecting env (0) from .env -- tip: 🔄 add secrets lifecycle management: https://dotenvx.com/ops
  ✘  294 [firefox] › tests\e2e\journeys\04-favorites-saved-searches.spec.ts:145:9 › Favorites & Saved Searches Journeys › J031-J032: Manage saved searches › @auth - Delete saved search (6ms)
[dotenv@17.2.3] injecting env (0) from .env.local -- tip: ⚙️  specify custom .env file path with { path: '/custom/path/.env' }
[dotenv@17.2.3] injecting env (0) from .env -- tip: ⚙️  load multiple .env files with { path: ['.env.local', '.env'] }
  ✘  295 [firefox] › tests\e2e\journeys\04-favorites-saved-searches.spec.ts:170:9 › Favorites & Saved Searches Journeys › J031-J032: Manage saved searches › @auth - Run saved search (7ms)
[dotenv@17.2.3] injecting env (0) from .env.local -- tip: ⚙️  override existing env vars with { override: true }
[dotenv@17.2.3] injecting env (0) from .env -- tip: 🗂️ backup and recover secrets: https://dotenvx.com/ops
[dotenv@17.2.3] injecting env (0) from .env.local -- tip: ⚙️  override existing env vars with { override: true }
[dotenv@17.2.3] injecting env (0) from .env -- tip: 📡 add observability to secrets: https://dotenvx.com/ops
  ✘  297 [firefox] › tests\e2e\journeys\04-favorites-saved-searches.spec.ts:192:9 › Favorites & Saved Searches Journeys › J033-J034: Alert configuration › @auth - Toggle search alerts (11ms)
[dotenv@17.2.3] injecting env (0) from .env.local -- tip: 🔐 prevent building .env in docker: https://dotenvx.com/prebuild
[dotenv@17.2.3] injecting env (0) from .env -- tip: 🔄 add secrets lifecycle management: https://dotenvx.com/ops
  ✘  298 [firefox] › tests\e2e\journeys\04-favorites-saved-searches.spec.ts:145:9 › Favorites & Saved Searches Journeys › J031-J032: Manage saved searches › @auth - Delete saved search (retry #1) (9ms)
[dotenv@17.2.3] injecting env (0) from .env.local -- tip: ⚙️  override existing env vars with { override: true }
[dotenv@17.2.3] injecting env (0) from .env -- tip: 🛠️  run anywhere with `dotenvx run -- yourcommand`
  ✘  299 [firefox] › tests\e2e\journeys\04-favorites-saved-searches.spec.ts:170:9 › Favorites & Saved Searches Journeys › J031-J032: Manage saved searches › @auth - Run saved search (retry #1) (13ms)
[dotenv@17.2.3] injecting env (0) from .env.local -- tip: 👥 sync secrets across teammates & machines: https://dotenvx.com/ops
[dotenv@17.2.3] injecting env (0) from .env -- tip: ⚙️  override existing env vars with { override: true }
  ✘  300 [firefox] › tests\e2e\journeys\04-favorites-saved-searches.spec.ts:192:9 › Favorites & Saved Searches Journeys › J033-J034: Alert configuration › @auth - Toggle search alerts (retry #1) (7ms)
[dotenv@17.2.3] injecting env (0) from .env.local -- tip: 👥 sync secrets across teammates & machines: https://dotenvx.com/ops
[dotenv@17.2.3] injecting env (0) from .env -- tip: 🗂️ backup and recover secrets: https://dotenvx.com/ops
  ✘  301 [firefox] › tests\e2e\journeys\04-favorites-saved-searches.spec.ts:209:9 › Favorites & Saved Searches Journeys › J035-J036: Recently viewed › @auth - View recently viewed listings (7ms)
[dotenv@17.2.3] injecting env (0) from .env.local -- tip: ⚙️  enable debug logging with { debug: true }
[dotenv@17.2.3] injecting env (0) from .env -- tip: ⚙️  load multiple .env files with { path: ['.env.local', '.env'] }
  ✘  302 [firefox] › tests\e2e\journeys\05-booking.spec.ts:15:9 › Booking Journeys › J037: Submit booking request › @auth - Request to book a listing (6ms)
[dotenv@17.2.3] injecting env (0) from .env.local -- tip: ⚙️  write to custom object with { processEnv: myObject }
[dotenv@17.2.3] injecting env (0) from .env -- tip: ✅ audit secrets and track compliance: https://dotenvx.com/ops
  ✘  303 [firefox] › tests\e2e\journeys\05-booking.spec.ts:55:9 › Booking Journeys › J037: Submit booking request › @auth - Cannot book own listing (8ms)
[dotenv@17.2.3] injecting env (0) from .env.local -- tip: 🔄 add secrets lifecycle management: https://dotenvx.com/ops
[dotenv@17.2.3] injecting env (0) from .env -- tip: 🛠️  run anywhere with `dotenvx run -- yourcommand`
  ✘  304 [firefox] › tests\e2e\journeys\04-favorites-saved-searches.spec.ts:209:9 › Favorites & Saved Searches Journeys › J035-J036: Recently viewed › @auth - View recently viewed listings (retry #1) (5ms)
  ✓  296 [chromium] › tests\e2e\nearby\nearby-layout.spec.ts:511:7 › Nearby Places Mobile Layout › Search input is accessible on mobile keyboard (4.0s)
[dotenv@17.2.3] injecting env (0) from .env.local -- tip: 🗂️ backup and recover secrets: https://dotenvx.com/ops
[dotenv@17.2.3] injecting env (0) from .env -- tip: ⚙️  suppress all logs with { quiet: true }
  ✘  305 [firefox] › tests\e2e\journeys\05-booking.spec.ts:15:9 › Booking Journeys › J037: Submit booking request › @auth - Request to book a listing (retry #1) (6ms)
[dotenv@17.2.3] injecting env (0) from .env.local -- tip: ⚙️  enable debug logging with { debug: true }
[dotenv@17.2.3] injecting env (0) from .env -- tip: 🔐 encrypt with Dotenvx: https://dotenvx.com
  ✘  306 [firefox] › tests\e2e\journeys\05-booking.spec.ts:55:9 › Booking Journeys › J037: Submit booking request › @auth - Cannot book own listing (retry #1) (7ms)
[dotenv@17.2.3] injecting env (0) from .env.local -- tip: ⚙️  suppress all logs with { quiet: true }
[dotenv@17.2.3] injecting env (0) from .env -- tip: ⚙️  suppress all logs with { quiet: true }
  ✘  307 [firefox] › tests\e2e\journeys\05-booking.spec.ts:79:9 › Booking Journeys › J038: View booking requests › @auth - View pending bookings (7ms)
[dotenv@17.2.3] injecting env (0) from .env.local -- tip: ✅ audit secrets and track compliance: https://dotenvx.com/ops
[dotenv@17.2.3] injecting env (0) from .env -- tip: 🔑 add access controls to secrets: https://dotenvx.com/ops
  ✘  308 [firefox] › tests\e2e\journeys\05-booking.spec.ts:123:9 › Booking Journeys › J039-J040: Accept/Reject booking › @auth - Reject a booking request (8ms)
[dotenv@17.2.3] injecting env (0) from .env.local -- tip: 🗂️ backup and recover secrets: https://dotenvx.com/ops
[dotenv@17.2.3] injecting env (0) from .env -- tip: 🔑 add access controls to secrets: https://dotenvx.com/ops
  ✘  309 [firefox] › tests\e2e\journeys\05-booking.spec.ts:100:9 › Booking Journeys › J039-J040: Accept/Reject booking › @auth - Accept a booking request (6ms)
[dotenv@17.2.3] injecting env (0) from .env.local -- tip: ⚙️  enable debug logging with { debug: true }
[dotenv@17.2.3] injecting env (0) from .env -- tip: 🔐 encrypt with Dotenvx: https://dotenvx.com
  ✘  310 [firefox] › tests\e2e\journeys\05-booking.spec.ts:151:9 › Booking Journeys › J041-J042: Cancel booking › @auth - Cancel own booking request (4ms)
[dotenv@17.2.3] injecting env (0) from .env.local -- tip: ⚙️  override existing env vars with { override: true }
[dotenv@17.2.3] injecting env (0) from .env -- tip: 📡 add observability to secrets: https://dotenvx.com/ops
  ✘  311 [firefox] › tests\e2e\journeys\05-booking.spec.ts:79:9 › Booking Journeys › J038: View booking requests › @auth - View pending bookings (retry #1) (7ms)
[dotenv@17.2.3] injecting env (0) from .env.local -- tip: ⚙️  load multiple .env files with { path: ['.env.local', '.env'] }
[dotenv@17.2.3] injecting env (0) from .env -- tip: 🔄 add secrets lifecycle management: https://dotenvx.com/ops
  ✘  312 [firefox] › tests\e2e\journeys\05-booking.spec.ts:123:9 › Booking Journeys › J039-J040: Accept/Reject booking › @auth - Reject a booking request (retry #1) (6ms)
[dotenv@17.2.3] injecting env (0) from .env.local -- tip: 🔐 prevent committing .env to code: https://dotenvx.com/precommit
[dotenv@17.2.3] injecting env (0) from .env -- tip: ⚙️  enable debug logging with { debug: true }
  ✘  313 [firefox] › tests\e2e\journeys\05-booking.spec.ts:100:9 › Booking Journeys › J039-J040: Accept/Reject booking › @auth - Accept a booking request (retry #1) (5ms)
[dotenv@17.2.3] injecting env (0) from .env.local -- tip: ⚙️  load multiple .env files with { path: ['.env.local', '.env'] }
[dotenv@17.2.3] injecting env (0) from .env -- tip: ⚙️  override existing env vars with { override: true }
  ✘  314 [firefox] › tests\e2e\journeys\05-booking.spec.ts:151:9 › Booking Journeys › J041-J042: Cancel booking › @auth - Cancel own booking request (retry #1) (6ms)
[dotenv@17.2.3] injecting env (0) from .env.local -- tip: 🗂️ backup and recover secrets: https://dotenvx.com/ops
[dotenv@17.2.3] injecting env (0) from .env -- tip: ⚙️  write to custom object with { processEnv: myObject }
  ✘  315 [firefox] › tests\e2e\journeys\05-booking.spec.ts:177:9 › Booking Journeys › J043-J044: Booking calendar › @auth - View booking calendar on listing (6ms)
[dotenv@17.2.3] injecting env (0) from .env.local -- tip: ⚙️  enable debug logging with { debug: true }
[dotenv@17.2.3] injecting env (0) from .env -- tip: ✅ audit secrets and track compliance: https://dotenvx.com/ops
  ✘  316 [firefox] › tests\e2e\journeys\05-booking.spec.ts:197:9 › Booking Journeys › J043-J044: Booking calendar › @auth - Date picker validation (7ms)
[dotenv@17.2.3] injecting env (0) from .env.local -- tip: 📡 add observability to secrets: https://dotenvx.com/ops
[dotenv@17.2.3] injecting env (0) from .env -- tip: 🔑 add access controls to secrets: https://dotenvx.com/ops
  ✘  317 [firefox] › tests\e2e\journeys\05-booking.spec.ts:222:9 › Booking Journeys › J045-J046: Booking notifications › @auth - View booking in notifications (7ms)
[dotenv@17.2.3] injecting env (0) from .env.local -- tip: ⚙️  suppress all logs with { quiet: true }
[dotenv@17.2.3] injecting env (0) from .env -- tip: 👥 sync secrets across teammates & machines: https://dotenvx.com/ops
  ✘  318 [firefox] › tests\e2e\journeys\05-booking.spec.ts:235:9 › Booking Journeys › J045-J046: Booking notifications › @auth - Booking status in email (mock check) (8ms)
[dotenv@17.2.3] injecting env (0) from .env.local -- tip: 🔐 prevent committing .env to code: https://dotenvx.com/precommit
[dotenv@17.2.3] injecting env (0) from .env -- tip: ⚙️  suppress all logs with { quiet: true }
  ✘  319 [firefox] › tests\e2e\journeys\05-booking.spec.ts:177:9 › Booking Journeys › J043-J044: Booking calendar › @auth - View booking calendar on listing (retry #1) (8ms)
[dotenv@17.2.3] injecting env (0) from .env.local -- tip: 🔄 add secrets lifecycle management: https://dotenvx.com/ops
[dotenv@17.2.3] injecting env (0) from .env -- tip: 🛠️  run anywhere with `dotenvx run -- yourcommand`
  ✘  320 [firefox] › tests\e2e\journeys\05-booking.spec.ts:197:9 › Booking Journeys › J043-J044: Booking calendar › @auth - Date picker validation (retry #1) (11ms)
[dotenv@17.2.3] injecting env (0) from .env.local -- tip: 🔑 add access controls to secrets: https://dotenvx.com/ops
[dotenv@17.2.3] injecting env (0) from .env -- tip: ⚙️  override existing env vars with { override: true }
  ✘  321 [firefox] › tests\e2e\journeys\05-booking.spec.ts:222:9 › Booking Journeys › J045-J046: Booking notifications › @auth - View booking in notifications (retry #1) (13ms)
[dotenv@17.2.3] injecting env (0) from .env.local -- tip: 🗂️ backup and recover secrets: https://dotenvx.com/ops
[dotenv@17.2.3] injecting env (0) from .env -- tip: 🔄 add secrets lifecycle management: https://dotenvx.com/ops
  ✘  322 [firefox] › tests\e2e\journeys\05-booking.spec.ts:235:9 › Booking Journeys › J045-J046: Booking notifications › @auth - Booking status in email (mock check) (retry #1) (5ms)
[dotenv@17.2.3] injecting env (0) from .env.local -- tip: 🔐 prevent committing .env to code: https://dotenvx.com/precommit
[dotenv@17.2.3] injecting env (0) from .env -- tip: 📡 add observability to secrets: https://dotenvx.com/ops
  ✘  323 [firefox] › tests\e2e\journeys\06-messaging.spec.ts:15:9 › Messaging Journeys › J047: Start new conversation › @auth - Contact host from listing (5ms)
[dotenv@17.2.3] injecting env (0) from .env.local -- tip: 🔐 prevent committing .env to code: https://dotenvx.com/precommit
[dotenv@17.2.3] injecting env (0) from .env -- tip: ⚙️  enable debug logging with { debug: true }
  ✘  324 [firefox] › tests\e2e\journeys\06-messaging.spec.ts:49:9 › Messaging Journeys › J048: View conversations › @auth - View messages inbox (5ms)
[dotenv@17.2.3] injecting env (0) from .env.local -- tip: 🔄 add secrets lifecycle management: https://dotenvx.com/ops
[dotenv@17.2.3] injecting env (0) from .env -- tip: 🔐 encrypt with Dotenvx: https://dotenvx.com
  ✘  325 [firefox] › tests\e2e\journeys\06-messaging.spec.ts:66:9 › Messaging Journeys › J048: View conversations › @auth - Click conversation to view messages (5ms)
[dotenv@17.2.3] injecting env (0) from .env.local -- tip: 🔐 prevent committing .env to code: https://dotenvx.com/precommit
[dotenv@17.2.3] injecting env (0) from .env -- tip: ✅ audit secrets and track compliance: https://dotenvx.com/ops
  ✘  326 [firefox] › tests\e2e\journeys\06-messaging.spec.ts:88:9 › Messaging Journeys › J049: Send message in conversation › @auth - Send and receive message (6ms)
[dotenv@17.2.3] injecting env (0) from .env.local -- tip: 🔐 encrypt with Dotenvx: https://dotenvx.com
[dotenv@17.2.3] injecting env (0) from .env -- tip: 🗂️ backup and recover secrets: https://dotenvx.com/ops
  ✘  327 [firefox] › tests\e2e\journeys\06-messaging.spec.ts:15:9 › Messaging Journeys › J047: Start new conversation › @auth - Contact host from listing (retry #1) (6ms)
[dotenv@17.2.3] injecting env (0) from .env.local -- tip: ⚙️  enable debug logging with { debug: true }
[dotenv@17.2.3] injecting env (0) from .env -- tip: 🗂️ backup and recover secrets: https://dotenvx.com/ops
[dotenv@17.2.3] injecting env (0) from .env.local -- tip: ⚙️  enable debug logging with { debug: true }
[dotenv@17.2.3] injecting env (0) from .env -- tip: ⚙️  override existing env vars with { override: true }
  ✘  328 [firefox] › tests\e2e\journeys\06-messaging.spec.ts:49:9 › Messaging Journeys › J048: View conversations › @auth - View messages inbox (retry #1) (8ms)
  ✘  329 [firefox] › tests\e2e\journeys\06-messaging.spec.ts:66:9 › Messaging Journeys › J048: View conversations › @auth - Click conversation to view messages (retry #1) (6ms)
[dotenv@17.2.3] injecting env (0) from .env.local -- tip: 🔐 prevent committing .env to code: https://dotenvx.com/precommit
[dotenv@17.2.3] injecting env (0) from .env -- tip: 🔄 add secrets lifecycle management: https://dotenvx.com/ops
  ✘  330 [firefox] › tests\e2e\journeys\06-messaging.spec.ts:88:9 › Messaging Journeys › J049: Send message in conversation › @auth - Send and receive message (retry #1) (12ms)
[dotenv@17.2.3] injecting env (0) from .env.local -- tip: ⚙️  suppress all logs with { quiet: true }
[dotenv@17.2.3] injecting env (0) from .env -- tip: ⚙️  override existing env vars with { override: true }
  ✘  331 [firefox] › tests\e2e\journeys\06-messaging.spec.ts:120:9 › Messaging Journeys › J050: Real-time message updates › @auth @slow - Message polling check (5ms)
[dotenv@17.2.3] injecting env (0) from .env.local -- tip: 🗂️ backup and recover secrets: https://dotenvx.com/ops
[dotenv@17.2.3] injecting env (0) from .env -- tip: 🔄 add secrets lifecycle management: https://dotenvx.com/ops
[dotenv@17.2.3] injecting env (0) from .env.local -- tip: 🔐 encrypt with Dotenvx: https://dotenvx.com
[dotenv@17.2.3] injecting env (0) from .env -- tip: 🔄 add secrets lifecycle management: https://dotenvx.com/ops
  ✘  332 [firefox] › tests\e2e\journeys\06-messaging.spec.ts:142:9 › Messaging Journeys › J051-J052: Unread message indicators › @auth - Unread badge in navigation (5ms)
  ✘  333 [firefox] › tests\e2e\journeys\06-messaging.spec.ts:158:9 › Messaging Journeys › J051-J052: Unread message indicators › @auth - Mark conversation as read (11ms)
[dotenv@17.2.3] injecting env (0) from .env.local -- tip: 🔐 encrypt with Dotenvx: https://dotenvx.com
[dotenv@17.2.3] injecting env (0) from .env -- tip: ⚙️  specify custom .env file path with { path: '/custom/path/.env' }
  ✘  334 [firefox] › tests\e2e\journeys\06-messaging.spec.ts:179:9 › Messaging Journeys › J053-J054: Block user in messaging › @auth - Block user from conversation (5ms)
[dotenv@17.2.3] injecting env (0) from .env.local -- tip: ✅ audit secrets and track compliance: https://dotenvx.com/ops
[dotenv@17.2.3] injecting env (0) from .env -- tip: 📡 add observability to secrets: https://dotenvx.com/ops
  ✘  335 [firefox] › tests\e2e\journeys\06-messaging.spec.ts:120:9 › Messaging Journeys › J050: Real-time message updates › @auth @slow - Message polling check (retry #1) (6ms)
[dotenv@17.2.3] injecting env (0) from .env.local -- tip: ⚙️  enable debug logging with { debug: true }
[dotenv@17.2.3] injecting env (0) from .env -- tip: 📡 add observability to secrets: https://dotenvx.com/ops
[dotenv@17.2.3] injecting env (0) from .env.local -- tip: 👥 sync secrets across teammates & machines: https://dotenvx.com/ops
[dotenv@17.2.3] injecting env (0) from .env -- tip: ⚙️  write to custom object with { processEnv: myObject }
  ✘  336 [firefox] › tests\e2e\journeys\06-messaging.spec.ts:142:9 › Messaging Journeys › J051-J052: Unread message indicators › @auth - Unread badge in navigation (retry #1) (7ms)
  ✘  337 [firefox] › tests\e2e\journeys\06-messaging.spec.ts:158:9 › Messaging Journeys › J051-J052: Unread message indicators › @auth - Mark conversation as read (retry #1) (8ms)
[dotenv@17.2.3] injecting env (0) from .env.local -- tip: 🔐 prevent committing .env to code: https://dotenvx.com/precommit
[dotenv@17.2.3] injecting env (0) from .env -- tip: ⚙️  specify custom .env file path with { path: '/custom/path/.env' }
  ✘  338 [firefox] › tests\e2e\journeys\06-messaging.spec.ts:179:9 › Messaging Journeys › J053-J054: Block user in messaging › @auth - Block user from conversation (retry #1) (7ms)
[dotenv@17.2.3] injecting env (0) from .env.local -- tip: ⚙️  enable debug logging with { debug: true }
[dotenv@17.2.3] injecting env (0) from .env -- tip: 🗂️ backup and recover secrets: https://dotenvx.com/ops
  ✘  339 [firefox] › tests\e2e\journeys\06-messaging.spec.ts:218:9 › Messaging Journeys › J055-J056: Message edge cases › @auth - Empty message not sent (5ms)
[dotenv@17.2.3] injecting env (0) from .env.local -- tip: 🛠️  run anywhere with `dotenvx run -- yourcommand`
[dotenv@17.2.3] injecting env (0) from .env -- tip: 🗂️ backup and recover secrets: https://dotenvx.com/ops
[dotenv@17.2.3] injecting env (0) from .env.local -- tip: 🔐 prevent committing .env to code: https://dotenvx.com/precommit
[dotenv@17.2.3] injecting env (0) from .env -- tip: 🔄 add secrets lifecycle management: https://dotenvx.com/ops
  ✘  340 [firefox] › tests\e2e\journeys\06-messaging.spec.ts:239:9 › Messaging Journeys › J055-J056: Message edge cases › @auth @offline - Message queue on network error (6ms)
  ✘  341 [firefox] › tests\e2e\journeys\07-reviews.spec.ts:15:9 › Reviews Journeys › J057: View listing reviews › undefined - Display reviews on listing page (5ms)
[dotenv@17.2.3] injecting env (0) from .env.local -- tip: ⚙️  override existing env vars with { override: true }
[dotenv@17.2.3] injecting env (0) from .env -- tip: 🛠️  run anywhere with `dotenvx run -- yourcommand`
  ✘  342 [firefox] › tests\e2e\journeys\07-reviews.spec.ts:41:9 › Reviews Journeys › J057: View listing reviews › undefined - Review pagination (6ms)
[dotenv@17.2.3] injecting env (0) from .env.local -- tip: 👥 sync secrets across teammates & machines: https://dotenvx.com/ops
[dotenv@17.2.3] injecting env (0) from .env -- tip: 📡 add observability to secrets: https://dotenvx.com/ops
  ✘  343 [firefox] › tests\e2e\journeys\06-messaging.spec.ts:218:9 › Messaging Journeys › J055-J056: Message edge cases › @auth - Empty message not sent (retry #1) (6ms)
[dotenv@17.2.3] injecting env (0) from .env.local -- tip: 🔄 add secrets lifecycle management: https://dotenvx.com/ops
[dotenv@17.2.3] injecting env (0) from .env -- tip: ⚙️  write to custom object with { processEnv: myObject }
[dotenv@17.2.3] injecting env (0) from .env.local -- tip: 🔐 encrypt with Dotenvx: https://dotenvx.com
[dotenv@17.2.3] injecting env (0) from .env -- tip: 🔐 encrypt with Dotenvx: https://dotenvx.com
  ✘  344 [firefox] › tests\e2e\journeys\06-messaging.spec.ts:239:9 › Messaging Journeys › J055-J056: Message edge cases › @auth @offline - Message queue on network error (retry #1) (5ms)
  ✘  345 [firefox] › tests\e2e\journeys\07-reviews.spec.ts:15:9 › Reviews Journeys › J057: View listing reviews › undefined - Display reviews on listing page (retry #1) (5ms)
[dotenv@17.2.3] injecting env (0) from .env.local -- tip: 🔄 add secrets lifecycle management: https://dotenvx.com/ops
[dotenv@17.2.3] injecting env (0) from .env -- tip: 🛠️  run anywhere with `dotenvx run -- yourcommand`
  ✘  346 [firefox] › tests\e2e\journeys\07-reviews.spec.ts:41:9 › Reviews Journeys › J057: View listing reviews › undefined - Review pagination (retry #1) (6ms)
[dotenv@17.2.3] injecting env (0) from .env.local -- tip: 👥 sync secrets across teammates & machines: https://dotenvx.com/ops
[dotenv@17.2.3] injecting env (0) from .env -- tip: ⚙️  load multiple .env files with { path: ['.env.local', '.env'] }
  ✘  347 [firefox] › tests\e2e\journeys\07-reviews.spec.ts:66:9 › Reviews Journeys › J058: Write a review › @auth - Submit review for completed booking (6ms)
[dotenv@17.2.3] injecting env (0) from .env.local -- tip: 🗂️ backup and recover secrets: https://dotenvx.com/ops
[dotenv@17.2.3] injecting env (0) from .env -- tip: ⚙️  suppress all logs with { quiet: true }
[dotenv@17.2.3] injecting env (0) from .env.local -- tip: 👥 sync secrets across teammates & machines: https://dotenvx.com/ops
[dotenv@17.2.3] injecting env (0) from .env -- tip: ⚙️  specify custom .env file path with { path: '/custom/path/.env' }
  ✘  348 [firefox] › tests\e2e\journeys\07-reviews.spec.ts:107:9 › Reviews Journeys › J058: Write a review › @auth - Star rating interaction (7ms)
  ✘  349 [firefox] › tests\e2e\journeys\07-reviews.spec.ts:131:9 › Reviews Journeys › J059: Edit review › @auth - Edit own review (8ms)
[dotenv@17.2.3] injecting env (0) from .env.local -- tip: ⚙️  write to custom object with { processEnv: myObject }
[dotenv@17.2.3] injecting env (0) from .env -- tip: 🛠️  run anywhere with `dotenvx run -- yourcommand`
  ✘  350 [firefox] › tests\e2e\journeys\07-reviews.spec.ts:165:9 › Reviews Journeys › J060: Delete review › @auth - Delete own review (6ms)
[dotenv@17.2.3] injecting env (0) from .env.local -- tip: 🔐 encrypt with Dotenvx: https://dotenvx.com
[dotenv@17.2.3] injecting env (0) from .env -- tip: ⚙️  load multiple .env files with { path: ['.env.local', '.env'] }
  ✘  351 [firefox] › tests\e2e\journeys\07-reviews.spec.ts:66:9 › Reviews Journeys › J058: Write a review › @auth - Submit review for completed booking (retry #1) (5ms)
[dotenv@17.2.3] injecting env (0) from .env.local -- tip: 🔐 prevent committing .env to code: https://dotenvx.com/precommit
[dotenv@17.2.3] injecting env (0) from .env -- tip: ⚙️  write to custom object with { processEnv: myObject }
[dotenv@17.2.3] injecting env (0) from .env.local -- tip: ✅ audit secrets and track compliance: https://dotenvx.com/ops
[dotenv@17.2.3] injecting env (0) from .env -- tip: ⚙️  write to custom object with { processEnv: myObject }
  ✘  352 [firefox] › tests\e2e\journeys\07-reviews.spec.ts:107:9 › Reviews Journeys › J058: Write a review › @auth - Star rating interaction (retry #1) (5ms)
  ✘  353 [firefox] › tests\e2e\journeys\07-reviews.spec.ts:131:9 › Reviews Journeys › J059: Edit review › @auth - Edit own review (retry #1) (6ms)
[dotenv@17.2.3] injecting env (0) from .env.local -- tip: ⚙️  suppress all logs with { quiet: true }
[dotenv@17.2.3] injecting env (0) from .env -- tip: ⚙️  enable debug logging with { debug: true }
  ✘  354 [firefox] › tests\e2e\journeys\07-reviews.spec.ts:165:9 › Reviews Journeys › J060: Delete review › @auth - Delete own review (retry #1) (7ms)
[dotenv@17.2.3] injecting env (0) from .env.local -- tip: 👥 sync secrets across teammates & machines: https://dotenvx.com/ops
[dotenv@17.2.3] injecting env (0) from .env -- tip: ⚙️  specify custom .env file path with { path: '/custom/path/.env' }
  ✘  355 [firefox] › tests\e2e\journeys\07-reviews.spec.ts:195:9 › Reviews Journeys › J061-J062: Review responses › @auth - Host responds to review (6ms)
[dotenv@17.2.3] injecting env (0) from .env.local -- tip: 🔄 add secrets lifecycle management: https://dotenvx.com/ops
[dotenv@17.2.3] injecting env (0) from .env -- tip: ⚙️  enable debug logging with { debug: true }
[dotenv@17.2.3] injecting env (0) from .env.local -- tip: 🔐 prevent committing .env to code: https://dotenvx.com/precommit
[dotenv@17.2.3] injecting env (0) from .env -- tip: 🛠️  run anywhere with `dotenvx run -- yourcommand`
  ✘  356 [firefox] › tests\e2e\journeys\07-reviews.spec.ts:218:9 › Reviews Journeys › J061-J062: Review responses › undefined - View host response on review (6ms)
  ✘  357 [firefox] › tests\e2e\journeys\07-reviews.spec.ts:234:9 › Reviews Journeys › J063-J064: Review filtering and sorting › undefined - Filter reviews by rating (7ms)
[dotenv@17.2.3] injecting env (0) from .env.local -- tip: 🔑 add access controls to secrets: https://dotenvx.com/ops
[dotenv@17.2.3] injecting env (0) from .env -- tip: 🗂️ backup and recover secrets: https://dotenvx.com/ops
  ✘  358 [firefox] › tests\e2e\journeys\07-reviews.spec.ts:250:9 › Reviews Journeys › J063-J064: Review filtering and sorting › undefined - Sort reviews by date (7ms)
[dotenv@17.2.3] injecting env (0) from .env.local -- tip: ⚙️  enable debug logging with { debug: true }
[dotenv@17.2.3] injecting env (0) from .env -- tip: ⚙️  enable debug logging with { debug: true }
  ✘  359 [firefox] › tests\e2e\journeys\07-reviews.spec.ts:195:9 › Reviews Journeys › J061-J062: Review responses › @auth - Host responds to review (retry #1) (5ms)
[dotenv@17.2.3] injecting env (0) from .env.local -- tip: ⚙️  override existing env vars with { override: true }
[dotenv@17.2.3] injecting env (0) from .env -- tip: 🛠️  run anywhere with `dotenvx run -- yourcommand`
[dotenv@17.2.3] injecting env (0) from .env.local -- tip: ⚙️  suppress all logs with { quiet: true }
[dotenv@17.2.3] injecting env (0) from .env -- tip: ⚙️  enable debug logging with { debug: true }
  ✘  360 [firefox] › tests\e2e\journeys\07-reviews.spec.ts:218:9 › Reviews Journeys › J061-J062: Review responses › undefined - View host response on review (retry #1) (6ms)
  ✘  361 [firefox] › tests\e2e\journeys\07-reviews.spec.ts:234:9 › Reviews Journeys › J063-J064: Review filtering and sorting › undefined - Filter reviews by rating (retry #1) (6ms)
[dotenv@17.2.3] injecting env (0) from .env.local -- tip: 🔑 add access controls to secrets: https://dotenvx.com/ops
[dotenv@17.2.3] injecting env (0) from .env -- tip: ⚙️  suppress all logs with { quiet: true }
  ✘  362 [firefox] › tests\e2e\journeys\07-reviews.spec.ts:250:9 › Reviews Journeys › J063-J064: Review filtering and sorting › undefined - Sort reviews by date (retry #1) (6ms)
[dotenv@17.2.3] injecting env (0) from .env.local -- tip: 📡 add observability to secrets: https://dotenvx.com/ops
[dotenv@17.2.3] injecting env (0) from .env -- tip: ⚙️  load multiple .env files with { path: ['.env.local', '.env'] }
  ✘  363 [firefox] › tests\e2e\journeys\07-reviews.spec.ts:265:9 › Reviews Journeys › J065-J066: Review validation and edge cases › @auth - Review character limit (5ms)
[dotenv@17.2.3] injecting env (0) from .env.local -- tip: 👥 sync secrets across teammates & machines: https://dotenvx.com/ops
[dotenv@17.2.3] injecting env (0) from .env -- tip: 🔄 add secrets lifecycle management: https://dotenvx.com/ops
[dotenv@17.2.3] injecting env (0) from .env.local -- tip: 🔐 encrypt with Dotenvx: https://dotenvx.com
[dotenv@17.2.3] injecting env (0) from .env -- tip: 🔐 prevent committing .env to code: https://dotenvx.com/precommit
  ✘  364 [firefox] › tests\e2e\journeys\07-reviews.spec.ts:289:9 › Reviews Journeys › J065-J066: Review validation and edge cases › @auth - Cannot review without completed booking (6ms)
  ✘  365 [firefox] › tests\e2e\journeys\08-profile-settings.spec.ts:15:9 › Profile & Settings Journeys › J067: View user profile › @auth - View own profile (7ms)
[dotenv@17.2.3] injecting env (0) from .env.local -- tip: ⚙️  enable debug logging with { debug: true }
[dotenv@17.2.3] injecting env (0) from .env -- tip: ⚙️  override existing env vars with { override: true }
  ✘  366 [firefox] › tests\e2e\journeys\08-profile-settings.spec.ts:39:9 › Profile & Settings Journeys › J067: View user profile › undefined - View other user's public profile (6ms)
[dotenv@17.2.3] injecting env (0) from .env.local -- tip: 🔄 add secrets lifecycle management: https://dotenvx.com/ops
[dotenv@17.2.3] injecting env (0) from .env -- tip: 👥 sync secrets across teammates & machines: https://dotenvx.com/ops
  ✘  367 [firefox] › tests\e2e\journeys\07-reviews.spec.ts:265:9 › Reviews Journeys › J065-J066: Review validation and edge cases › @auth - Review character limit (retry #1) (6ms)
[dotenv@17.2.3] injecting env (0) from .env.local -- tip: 👥 sync secrets across teammates & machines: https://dotenvx.com/ops
[dotenv@17.2.3] injecting env (0) from .env -- tip: ⚙️  write to custom object with { processEnv: myObject }
[dotenv@17.2.3] injecting env (0) from .env.local -- tip: 🛠️  run anywhere with `dotenvx run -- yourcommand`
[dotenv@17.2.3] injecting env (0) from .env -- tip: ⚙️  enable debug logging with { debug: true }
  ✘  368 [firefox] › tests\e2e\journeys\07-reviews.spec.ts:289:9 › Reviews Journeys › J065-J066: Review validation and edge cases › @auth - Cannot review without completed booking (retry #1) (6ms)
  ✘  369 [firefox] › tests\e2e\journeys\08-profile-settings.spec.ts:15:9 › Profile & Settings Journeys › J067: View user profile › @auth - View own profile (retry #1) (6ms)
[dotenv@17.2.3] injecting env (0) from .env.local -- tip: 📡 add observability to secrets: https://dotenvx.com/ops
[dotenv@17.2.3] injecting env (0) from .env -- tip: 🔐 encrypt with Dotenvx: https://dotenvx.com
  ✘  370 [firefox] › tests\e2e\journeys\08-profile-settings.spec.ts:39:9 › Profile & Settings Journeys › J067: View user profile › undefined - View other user's public profile (retry #1) (7ms)
[dotenv@17.2.3] injecting env (0) from .env.local -- tip: 🗂️ backup and recover secrets: https://dotenvx.com/ops
[dotenv@17.2.3] injecting env (0) from .env -- tip: 👥 sync secrets across teammates & machines: https://dotenvx.com/ops
  ✘  371 [firefox] › tests\e2e\journeys\08-profile-settings.spec.ts:55:9 › Profile & Settings Journeys › J068: Edit profile information › @auth - Update profile name and bio (6ms)
[dotenv@17.2.3] injecting env (0) from .env.local -- tip: ✅ audit secrets and track compliance: https://dotenvx.com/ops
[dotenv@17.2.3] injecting env (0) from .env -- tip: 🔐 prevent building .env in docker: https://dotenvx.com/prebuild
[dotenv@17.2.3] injecting env (0) from .env.local -- tip: ✅ audit secrets and track compliance: https://dotenvx.com/ops
[dotenv@17.2.3] injecting env (0) from .env -- tip: ⚙️  load multiple .env files with { path: ['.env.local', '.env'] }
  ✘  372 [firefox] › tests\e2e\journeys\08-profile-settings.spec.ts:93:9 › Profile & Settings Journeys › J068: Edit profile information › @auth - Upload profile picture (7ms)
  ✘  373 [firefox] › tests\e2e\journeys\08-profile-settings.spec.ts:114:9 › Profile & Settings Journeys › J069: Notification settings › @auth - Toggle email notifications (7ms)
[dotenv@17.2.3] injecting env (0) from .env.local -- tip: 🔑 add access controls to secrets: https://dotenvx.com/ops
[dotenv@17.2.3] injecting env (0) from .env -- tip: 🔐 prevent building .env in docker: https://dotenvx.com/prebuild
  ✘  374 [firefox] › tests\e2e\journeys\08-profile-settings.spec.ts:143:9 › Profile & Settings Journeys › J069: Notification settings › @auth - Configure notification preferences (5ms)
[dotenv@17.2.3] injecting env (0) from .env.local -- tip: 🔐 prevent committing .env to code: https://dotenvx.com/precommit
[dotenv@17.2.3] injecting env (0) from .env -- tip: 🔄 add secrets lifecycle management: https://dotenvx.com/ops
  ✘  375 [firefox] › tests\e2e\journeys\08-profile-settings.spec.ts:55:9 › Profile & Settings Journeys › J068: Edit profile information › @auth - Update profile name and bio (retry #1) (5ms)
[dotenv@17.2.3] injecting env (0) from .env.local -- tip: ⚙️  suppress all logs with { quiet: true }
[dotenv@17.2.3] injecting env (0) from .env -- tip: 🔄 add secrets lifecycle management: https://dotenvx.com/ops
[dotenv@17.2.3] injecting env (0) from .env.local -- tip: 👥 sync secrets across teammates & machines: https://dotenvx.com/ops
[dotenv@17.2.3] injecting env (0) from .env -- tip: ⚙️  specify custom .env file path with { path: '/custom/path/.env' }
  ✘  376 [firefox] › tests\e2e\journeys\08-profile-settings.spec.ts:93:9 › Profile & Settings Journeys › J068: Edit profile information › @auth - Upload profile picture (retry #1) (5ms)
  ✘  377 [firefox] › tests\e2e\journeys\08-profile-settings.spec.ts:114:9 › Profile & Settings Journeys › J069: Notification settings › @auth - Toggle email notifications (retry #1) (7ms)
[dotenv@17.2.3] injecting env (0) from .env.local -- tip: 📡 add observability to secrets: https://dotenvx.com/ops
[dotenv@17.2.3] injecting env (0) from .env -- tip: ⚙️  specify custom .env file path with { path: '/custom/path/.env' }
  ✘  378 [firefox] › tests\e2e\journeys\08-profile-settings.spec.ts:143:9 › Profile & Settings Journeys › J069: Notification settings › @auth - Configure notification preferences (retry #1) (6ms)
[dotenv@17.2.3] injecting env (0) from .env.local -- tip: ⚙️  write to custom object with { processEnv: myObject }
[dotenv@17.2.3] injecting env (0) from .env -- tip: ⚙️  write to custom object with { processEnv: myObject }
  ✘  379 [firefox] › tests\e2e\journeys\08-profile-settings.spec.ts:167:9 › Profile & Settings Journeys › J070: Privacy settings › @auth - Toggle profile visibility (5ms)
[dotenv@17.2.3] injecting env (0) from .env.local -- tip: 🔐 prevent building .env in docker: https://dotenvx.com/prebuild
[dotenv@17.2.3] injecting env (0) from .env -- tip: ⚙️  suppress all logs with { quiet: true }
[dotenv@17.2.3] injecting env (0) from .env.local -- tip: ⚙️  enable debug logging with { debug: true }
[dotenv@17.2.3] injecting env (0) from .env -- tip: ⚙️  specify custom .env file path with { path: '/custom/path/.env' }
  ✘  380 [firefox] › tests\e2e\journeys\08-profile-settings.spec.ts:187:9 › Profile & Settings Journeys › J071: Change password › @auth - Change password flow (7ms)
  ✘  381 [firefox] › tests\e2e\journeys\08-profile-settings.spec.ts:222:9 › Profile & Settings Journeys › J071: Change password › @auth - Password strength validation (6ms)
[dotenv@17.2.3] injecting env (0) from .env.local -- tip: 🔐 prevent building .env in docker: https://dotenvx.com/prebuild
[dotenv@17.2.3] injecting env (0) from .env -- tip: 🔐 prevent committing .env to code: https://dotenvx.com/precommit
  ✘  382 [firefox] › tests\e2e\journeys\08-profile-settings.spec.ts:247:9 › Profile & Settings Journeys › J072: Connected accounts › @auth - View connected OAuth providers (6ms)
[dotenv@17.2.3] injecting env (0) from .env.local -- tip: 🔑 add access controls to secrets: https://dotenvx.com/ops
[dotenv@17.2.3] injecting env (0) from .env -- tip: ✅ audit secrets and track compliance: https://dotenvx.com/ops
  ✘  383 [firefox] › tests\e2e\journeys\08-profile-settings.spec.ts:167:9 › Profile & Settings Journeys › J070: Privacy settings › @auth - Toggle profile visibility (retry #1) (6ms)
[dotenv@17.2.3] injecting env (0) from .env.local -- tip: ⚙️  load multiple .env files with { path: ['.env.local', '.env'] }
[dotenv@17.2.3] injecting env (0) from .env -- tip: 👥 sync secrets across teammates & machines: https://dotenvx.com/ops
[dotenv@17.2.3] injecting env (0) from .env.local -- tip: 🗂️ backup and recover secrets: https://dotenvx.com/ops
[dotenv@17.2.3] injecting env (0) from .env -- tip: ⚙️  write to custom object with { processEnv: myObject }
  ✘  385 [firefox] › tests\e2e\journeys\08-profile-settings.spec.ts:222:9 › Profile & Settings Journeys › J071: Change password › @auth - Password strength validation (retry #1) (5ms)
  ✘  384 [firefox] › tests\e2e\journeys\08-profile-settings.spec.ts:187:9 › Profile & Settings Journeys › J071: Change password › @auth - Change password flow (retry #1) (6ms)
[dotenv@17.2.3] injecting env (0) from .env.local -- tip: 🔐 encrypt with Dotenvx: https://dotenvx.com
[dotenv@17.2.3] injecting env (0) from .env -- tip: ⚙️  write to custom object with { processEnv: myObject }
  ✘  386 [firefox] › tests\e2e\journeys\08-profile-settings.spec.ts:247:9 › Profile & Settings Journeys › J072: Connected accounts › @auth - View connected OAuth providers (retry #1) (7ms)
[dotenv@17.2.3] injecting env (0) from .env.local -- tip: ⚙️  specify custom .env file path with { path: '/custom/path/.env' }
[dotenv@17.2.3] injecting env (0) from .env -- tip: ⚙️  suppress all logs with { quiet: true }
  ✘  387 [firefox] › tests\e2e\journeys\08-profile-settings.spec.ts:262:9 › Profile & Settings Journeys › J073-J074: Account management › @auth - Deactivate account option (6ms)
[dotenv@17.2.3] injecting env (0) from .env.local -- tip: ⚙️  override existing env vars with { override: true }
[dotenv@17.2.3] injecting env (0) from .env -- tip: ⚙️  specify custom .env file path with { path: '/custom/path/.env' }
[dotenv@17.2.3] injecting env (0) from .env.local -- tip: 🔐 encrypt with Dotenvx: https://dotenvx.com
[dotenv@17.2.3] injecting env (0) from .env -- tip: 🔄 add secrets lifecycle management: https://dotenvx.com/ops
  ✘  388 [firefox] › tests\e2e\journeys\08-profile-settings.spec.ts:314:9 › Profile & Settings Journeys › J075-J076: Theme and preferences › @auth - Toggle dark mode (7ms)
  ✘  389 [firefox] › tests\e2e\journeys\08-profile-settings.spec.ts:288:9 › Profile & Settings Journeys › J073-J074: Account management › @auth - Delete account warning (7ms)
[dotenv@17.2.3] injecting env (0) from .env.local -- tip: 🔐 prevent committing .env to code: https://dotenvx.com/precommit
[dotenv@17.2.3] injecting env (0) from .env -- tip: ✅ audit secrets and track compliance: https://dotenvx.com/ops
  ✘  390 [firefox] › tests\e2e\journeys\08-profile-settings.spec.ts:337:9 › Profile & Settings Journeys › J075-J076: Theme and preferences › @auth - Language preference (6ms)
[dotenv@17.2.3] injecting env (0) from .env.local -- tip: ✅ audit secrets and track compliance: https://dotenvx.com/ops
[dotenv@17.2.3] injecting env (0) from .env -- tip: ⚙️  specify custom .env file path with { path: '/custom/path/.env' }
  ✘  391 [firefox] › tests\e2e\journeys\08-profile-settings.spec.ts:262:9 › Profile & Settings Journeys › J073-J074: Account management › @auth - Deactivate account option (retry #1) (7ms)
[dotenv@17.2.3] injecting env (0) from .env.local -- tip: ✅ audit secrets and track compliance: https://dotenvx.com/ops
[dotenv@17.2.3] injecting env (0) from .env -- tip: 📡 add observability to secrets: https://dotenvx.com/ops
[dotenv@17.2.3] injecting env (0) from .env.local -- tip: ⚙️  enable debug logging with { debug: true }
[dotenv@17.2.3] injecting env (0) from .env -- tip: ⚙️  write to custom object with { processEnv: myObject }
  ✘  392 [firefox] › tests\e2e\journeys\08-profile-settings.spec.ts:314:9 › Profile & Settings Journeys › J075-J076: Theme and preferences › @auth - Toggle dark mode (retry #1) (6ms)
  ✘  393 [firefox] › tests\e2e\journeys\08-profile-settings.spec.ts:288:9 › Profile & Settings Journeys › J073-J074: Account management › @auth - Delete account warning (retry #1) (7ms)
[dotenv@17.2.3] injecting env (0) from .env.local -- tip: ✅ audit secrets and track compliance: https://dotenvx.com/ops
[dotenv@17.2.3] injecting env (0) from .env -- tip: 📡 add observability to secrets: https://dotenvx.com/ops
  ✘  394 [firefox] › tests\e2e\journeys\08-profile-settings.spec.ts:337:9 › Profile & Settings Journeys › J075-J076: Theme and preferences › @auth - Language preference (retry #1) (6ms)
[dotenv@17.2.3] injecting env (0) from .env.local -- tip: ⚙️  load multiple .env files with { path: ['.env.local', '.env'] }
[dotenv@17.2.3] injecting env (0) from .env -- tip: 👥 sync secrets across teammates & machines: https://dotenvx.com/ops
  ✘  395 [firefox] › tests\e2e\journeys\09-verification-admin.spec.ts:15:9 › Verification Journeys › J077: Identity verification submission › @auth - Start verification process (6ms)
[dotenv@17.2.3] injecting env (0) from .env.local -- tip: 📡 add observability to secrets: https://dotenvx.com/ops
[dotenv@17.2.3] injecting env (0) from .env -- tip: 🔄 add secrets lifecycle management: https://dotenvx.com/ops
[dotenv@17.2.3] injecting env (0) from .env.local -- tip: 👥 sync secrets across teammates & machines: https://dotenvx.com/ops
[dotenv@17.2.3] injecting env (0) from .env -- tip: ⚙️  enable debug logging with { debug: true }
  ✘  396 [firefox] › tests\e2e\journeys\09-verification-admin.spec.ts:35:9 › Verification Journeys › J077: Identity verification submission › @auth @slow - Upload verification documents (6ms)
  ✘  397 [firefox] › tests\e2e\journeys\09-verification-admin.spec.ts:63:9 › Verification Journeys › J078: Verification status tracking › @auth - View verification status (6ms)
[dotenv@17.2.3] injecting env (0) from .env.local -- tip: 🗂️ backup and recover secrets: https://dotenvx.com/ops
[dotenv@17.2.3] injecting env (0) from .env -- tip: 🔐 encrypt with Dotenvx: https://dotenvx.com
  ✘  398 [firefox] › tests\e2e\journeys\09-verification-admin.spec.ts:73:9 › Verification Journeys › J078: Verification status tracking › @auth - Cancel pending verification (7ms)
[dotenv@17.2.3] injecting env (0) from .env.local -- tip: ⚙️  enable debug logging with { debug: true }
[dotenv@17.2.3] injecting env (0) from .env -- tip: 📡 add observability to secrets: https://dotenvx.com/ops
  ✘  399 [firefox] › tests\e2e\journeys\09-verification-admin.spec.ts:15:9 › Verification Journeys › J077: Identity verification submission › @auth - Start verification process (retry #1) (6ms)
[dotenv@17.2.3] injecting env (0) from .env.local -- tip: ⚙️  load multiple .env files with { path: ['.env.local', '.env'] }
[dotenv@17.2.3] injecting env (0) from .env -- tip: ⚙️  override existing env vars with { override: true }
[dotenv@17.2.3] injecting env (0) from .env.local -- tip: ⚙️  override existing env vars with { override: true }
[dotenv@17.2.3] injecting env (0) from .env -- tip: 👥 sync secrets across teammates & machines: https://dotenvx.com/ops
  ✘  400 [firefox] › tests\e2e\journeys\09-verification-admin.spec.ts:35:9 › Verification Journeys › J077: Identity verification submission › @auth @slow - Upload verification documents (retry #1) (6ms)
  ✘  401 [firefox] › tests\e2e\journeys\09-verification-admin.spec.ts:63:9 › Verification Journeys › J078: Verification status tracking › @auth - View verification status (retry #1) (6ms)
[dotenv@17.2.3] injecting env (0) from .env.local -- tip: ⚙️  write to custom object with { processEnv: myObject }
[dotenv@17.2.3] injecting env (0) from .env -- tip: 👥 sync secrets across teammates & machines: https://dotenvx.com/ops
  ✘  402 [firefox] › tests\e2e\journeys\09-verification-admin.spec.ts:73:9 › Verification Journeys › J078: Verification status tracking › @auth - Cancel pending verification (retry #1) (7ms)
[dotenv@17.2.3] injecting env (0) from .env.local -- tip: 🔐 prevent committing .env to code: https://dotenvx.com/precommit
[dotenv@17.2.3] injecting env (0) from .env -- tip: 🔐 encrypt with Dotenvx: https://dotenvx.com
  ✘  403 [firefox] › tests\e2e\journeys\09-verification-admin.spec.ts:98:9 › Verification Journeys › J079: Verified badge display › undefined - Verified badge on profile (6ms)
[dotenv@17.2.3] injecting env (0) from .env.local -- tip: 🛠️  run anywhere with `dotenvx run -- yourcommand`
[dotenv@17.2.3] injecting env (0) from .env -- tip: 🛠️  run anywhere with `dotenvx run -- yourcommand`
[dotenv@17.2.3] injecting env (0) from .env.local -- tip: ⚙️  override existing env vars with { override: true }
[dotenv@17.2.3] injecting env (0) from .env -- tip: ⚙️  override existing env vars with { override: true }
  ✘  404 [firefox] › tests\e2e\journeys\09-verification-admin.spec.ts:111:9 › Verification Journeys › J079: Verified badge display › undefined - Verified badge on listings (6ms)
  ✘  405 [firefox] › tests\e2e\journeys\09-verification-admin.spec.ts:130:9 › Admin Journeys › J080: Admin dashboard access › @auth - Access admin panel (6ms)
[dotenv@17.2.3] injecting env (0) from .env.local -- tip: 👥 sync secrets across teammates & machines: https://dotenvx.com/ops
[dotenv@17.2.3] injecting env (0) from .env -- tip: ⚙️  specify custom .env file path with { path: '/custom/path/.env' }
  ✘  406 [firefox] › tests\e2e\journeys\09-verification-admin.spec.ts:143:9 › Admin Journeys › J080: Admin dashboard access › @auth - Admin dashboard overview (6ms)
[dotenv@17.2.3] injecting env (0) from .env.local -- tip: ⚙️  load multiple .env files with { path: ['.env.local', '.env'] }
[dotenv@17.2.3] injecting env (0) from .env -- tip: ⚙️  load multiple .env files with { path: ['.env.local', '.env'] }
  ✘  407 [firefox] › tests\e2e\journeys\09-verification-admin.spec.ts:98:9 › Verification Journeys › J079: Verified badge display › undefined - Verified badge on profile (retry #1) (6ms)
[dotenv@17.2.3] injecting env (0) from .env.local -- tip: 🔐 prevent committing .env to code: https://dotenvx.com/precommit
[dotenv@17.2.3] injecting env (0) from .env -- tip: ⚙️  enable debug logging with { debug: true }
[dotenv@17.2.3] injecting env (0) from .env.local -- tip: ⚙️  write to custom object with { processEnv: myObject }
[dotenv@17.2.3] injecting env (0) from .env -- tip: ⚙️  specify custom .env file path with { path: '/custom/path/.env' }
  ✘  408 [firefox] › tests\e2e\journeys\09-verification-admin.spec.ts:130:9 › Admin Journeys › J080: Admin dashboard access › @auth - Access admin panel (retry #1) (7ms)
  ✘  409 [firefox] › tests\e2e\journeys\09-verification-admin.spec.ts:111:9 › Verification Journeys › J079: Verified badge display › undefined - Verified badge on listings (retry #1) (7ms)
[dotenv@17.2.3] injecting env (0) from .env.local -- tip: ⚙️  enable debug logging with { debug: true }
[dotenv@17.2.3] injecting env (0) from .env -- tip: 🗂️ backup and recover secrets: https://dotenvx.com/ops
  ✘  410 [firefox] › tests\e2e\journeys\09-verification-admin.spec.ts:143:9 › Admin Journeys › J080: Admin dashboard access › @auth - Admin dashboard overview (retry #1) (7ms)
[dotenv@17.2.3] injecting env (0) from .env.local -- tip: 🔐 encrypt with Dotenvx: https://dotenvx.com
[dotenv@17.2.3] injecting env (0) from .env -- tip: ⚙️  enable debug logging with { debug: true }
  ✘  411 [firefox] › tests\e2e\journeys\09-verification-admin.spec.ts:157:9 › Admin Journeys › J081: User management › @auth - View users list (7ms)
[dotenv@17.2.3] injecting env (0) from .env.local -- tip: 🔄 add secrets lifecycle management: https://dotenvx.com/ops
[dotenv@17.2.3] injecting env (0) from .env -- tip: 🛠️  run anywhere with `dotenvx run -- yourcommand`
[dotenv@17.2.3] injecting env (0) from .env.local -- tip: ⚙️  enable debug logging with { debug: true }
[dotenv@17.2.3] injecting env (0) from .env -- tip: 🔄 add secrets lifecycle management: https://dotenvx.com/ops
  ✘  412 [firefox] › tests\e2e\journeys\09-verification-admin.spec.ts:168:9 › Admin Journeys › J081: User management › @auth - Suspend user action (7ms)
[dotenv@17.2.3] injecting env (0) from .env.local -- tip: ⚙️  suppress all logs with { quiet: true }
[dotenv@17.2.3] injecting env (0) from .env -- tip: ✅ audit secrets and track compliance: https://dotenvx.com/ops
  ✘  413 [firefox] › tests\e2e\journeys\09-verification-admin.spec.ts:188:9 › Admin Journeys › J082: Content moderation › @auth - View reported content (7ms)
  ✘  414 [firefox] › tests\e2e\journeys\09-verification-admin.spec.ts:199:9 › Admin Journeys › J082: Content moderation › @auth - Review flagged listing (8ms)
[dotenv@17.2.3] injecting env (0) from .env.local -- tip: ⚙️  write to custom object with { processEnv: myObject }
[dotenv@17.2.3] injecting env (0) from .env -- tip: 🔄 add secrets lifecycle management: https://dotenvx.com/ops
  ✘  415 [firefox] › tests\e2e\journeys\09-verification-admin.spec.ts:157:9 › Admin Journeys › J081: User management › @auth - View users list (retry #1) (7ms)
[dotenv@17.2.3] injecting env (0) from .env.local -- tip: ⚙️  override existing env vars with { override: true }
[dotenv@17.2.3] injecting env (0) from .env -- tip: 🗂️ backup and recover secrets: https://dotenvx.com/ops
[dotenv@17.2.3] injecting env (0) from .env.local -- tip: ✅ audit secrets and track compliance: https://dotenvx.com/ops
[dotenv@17.2.3] injecting env (0) from .env -- tip: 🗂️ backup and recover secrets: https://dotenvx.com/ops
[dotenv@17.2.3] injecting env (0) from .env.local -- tip: ⚙️  suppress all logs with { quiet: true }
[dotenv@17.2.3] injecting env (0) from .env -- tip: ⚙️  write to custom object with { processEnv: myObject }
  ✘  416 [firefox] › tests\e2e\journeys\09-verification-admin.spec.ts:168:9 › Admin Journeys › J081: User management › @auth - Suspend user action (retry #1) (6ms)
  ✘  417 [firefox] › tests\e2e\journeys\09-verification-admin.spec.ts:188:9 › Admin Journeys › J082: Content moderation › @auth - View reported content (retry #1) (6ms)
  ✘  418 [firefox] › tests\e2e\journeys\09-verification-admin.spec.ts:199:9 › Admin Journeys › J082: Content moderation › @auth - Review flagged listing (retry #1) (9ms)
[dotenv@17.2.3] injecting env (0) from .env.local -- tip: 🔐 prevent building .env in docker: https://dotenvx.com/prebuild
[dotenv@17.2.3] injecting env (0) from .env -- tip: ⚙️  override existing env vars with { override: true }
  ✘  419 [firefox] › tests\e2e\journeys\09-verification-admin.spec.ts:218:9 › Admin Journeys › J083: Verification review › @auth - View pending verifications (7ms)
[dotenv@17.2.3] injecting env (0) from .env.local -- tip: 🔑 add access controls to secrets: https://dotenvx.com/ops
[dotenv@17.2.3] injecting env (0) from .env.local -- tip: 📡 add observability to secrets: https://dotenvx.com/ops
[dotenv@17.2.3] injecting env (0) from .env -- tip: 🔄 add secrets lifecycle management: https://dotenvx.com/ops
[dotenv@17.2.3] injecting env (0) from .env -- tip: 🔄 add secrets lifecycle management: https://dotenvx.com/ops
[dotenv@17.2.3] injecting env (0) from .env.local -- tip: ⚙️  override existing env vars with { override: true }
[dotenv@17.2.3] injecting env (0) from .env -- tip: 🛠️  run anywhere with `dotenvx run -- yourcommand`
  ✘  420 [firefox] › tests\e2e\journeys\09-verification-admin.spec.ts:229:9 › Admin Journeys › J083: Verification review › @auth - Approve verification request (6ms)
  ✘  421 [firefox] › tests\e2e\journeys\09-verification-admin.spec.ts:245:9 › Admin Journeys › J083: Verification review › @auth - Reject verification with reason (7ms)
  ✘  422 [firefox] › tests\e2e\journeys\09-verification-admin.spec.ts:270:9 › Admin Journeys › J084: Audit logs › @auth - View admin audit log (6ms)
[dotenv@17.2.3] injecting env (0) from .env.local -- tip: ⚙️  suppress all logs with { quiet: true }
[dotenv@17.2.3] injecting env (0) from .env -- tip: 🔄 add secrets lifecycle management: https://dotenvx.com/ops
  ✘  423 [firefox] › tests\e2e\journeys\09-verification-admin.spec.ts:218:9 › Admin Journeys › J083: Verification review › @auth - View pending verifications (retry #1) (7ms)
[dotenv@17.2.3] injecting env (0) from .env.local -- tip: ⚙️  enable debug logging with { debug: true }
[dotenv@17.2.3] injecting env (0) from .env -- tip: 🔐 prevent committing .env to code: https://dotenvx.com/precommit
[dotenv@17.2.3] injecting env (0) from .env.local -- tip: 🔑 add access controls to secrets: https://dotenvx.com/ops
[dotenv@17.2.3] injecting env (0) from .env.local -- tip: ⚙️  load multiple .env files with { path: ['.env.local', '.env'] }
[dotenv@17.2.3] injecting env (0) from .env -- tip: ⚙️  specify custom .env file path with { path: '/custom/path/.env' }
[dotenv@17.2.3] injecting env (0) from .env -- tip: ⚙️  suppress all logs with { quiet: true }
[dotenv@17.2.3] injecting env (0) from .env.local -- tip: 🔐 prevent building .env in docker: https://dotenvx.com/prebuild
[dotenv@17.2.3] injecting env (0) from .env -- tip: 🔐 prevent building .env in docker: https://dotenvx.com/prebuild
  ✘  424 [firefox] › tests\e2e\journeys\09-verification-admin.spec.ts:245:9 › Admin Journeys › J083: Verification review › @auth - Reject verification with reason (retry #1) (7ms)
  ✘  425 [firefox] › tests\e2e\journeys\09-verification-admin.spec.ts:229:9 › Admin Journeys › J083: Verification review › @auth - Approve verification request (retry #1) (7ms)
  ✘  426 [firefox] › tests\e2e\journeys\09-verification-admin.spec.ts:270:9 › Admin Journeys › J084: Audit logs › @auth - View admin audit log (retry #1) (8ms)
  ✘  427 [firefox] › tests\e2e\journeys\09-verification-admin.spec.ts:281:9 › Admin Journeys › J084: Audit logs › @auth - Filter audit logs (10ms)
[dotenv@17.2.3] injecting env (0) from .env.local -- tip: 🔐 prevent building .env in docker: https://dotenvx.com/prebuild
[dotenv@17.2.3] injecting env (0) from .env -- tip: 🔐 prevent building .env in docker: https://dotenvx.com/prebuild
[dotenv@17.2.3] injecting env (0) from .env.local -- tip: 🛠️  run anywhere with `dotenvx run -- yourcommand`
[dotenv@17.2.3] injecting env (0) from .env -- tip: 🗂️ backup and recover secrets: https://dotenvx.com/ops
[dotenv@17.2.3] injecting env (0) from .env.local -- tip: 🗂️ backup and recover secrets: https://dotenvx.com/ops
[dotenv@17.2.3] injecting env (0) from .env -- tip: ✅ audit secrets and track compliance: https://dotenvx.com/ops
[dotenv@17.2.3] injecting env (0) from .env.local -- tip: 👥 sync secrets across teammates & machines: https://dotenvx.com/ops
[dotenv@17.2.3] injecting env (0) from .env -- tip: ⚙️  load multiple .env files with { path: ['.env.local', '.env'] }
  ✘  428 [firefox] › tests\e2e\journeys\09-verification-admin.spec.ts:295:9 › Admin Journeys › J085-J086: Report handling › @auth - Submit content report (8ms)
  ✘  429 [firefox] › tests\e2e\journeys\09-verification-admin.spec.ts:330:9 › Admin Journeys › J085-J086: Report handling › @auth - Admin resolves report (8ms)
  ✘  430 [firefox] › tests\e2e\journeys\10-accessibility-edge-cases.spec.ts:16:9 › Accessibility Journeys › J087: Keyboard navigation › @a11y undefined - Tab navigation through main interface (9ms)
  ✘  431 [firefox] › tests\e2e\journeys\09-verification-admin.spec.ts:281:9 › Admin Journeys › J084: Audit logs › @auth - Filter audit logs (retry #1) (8ms)
[dotenv@17.2.3] injecting env (0) from .env.local -- tip: 👥 sync secrets across teammates & machines: https://dotenvx.com/ops
[dotenv@17.2.3] injecting env (0) from .env -- tip: 🔐 prevent committing .env to code: https://dotenvx.com/precommit
[dotenv@17.2.3] injecting env (0) from .env.local -- tip: ⚙️  write to custom object with { processEnv: myObject }
[dotenv@17.2.3] injecting env (0) from .env -- tip: 🔐 encrypt with Dotenvx: https://dotenvx.com
[dotenv@17.2.3] injecting env (0) from .env.local -- tip: ⚙️  load multiple .env files with { path: ['.env.local', '.env'] }
[dotenv@17.2.3] injecting env (0) from .env -- tip: 🔐 prevent building .env in docker: https://dotenvx.com/prebuild
  ✘  432 [firefox] › tests\e2e\journeys\09-verification-admin.spec.ts:295:9 › Admin Journeys › J085-J086: Report handling › @auth - Submit content report (retry #1) (8ms)
[dotenv@17.2.3] injecting env (0) from .env.local -- tip: 🗂️ backup and recover secrets: https://dotenvx.com/ops
[dotenv@17.2.3] injecting env (0) from .env -- tip: 🔐 encrypt with Dotenvx: https://dotenvx.com
  ✘  433 [firefox] › tests\e2e\journeys\09-verification-admin.spec.ts:330:9 › Admin Journeys › J085-J086: Report handling › @auth - Admin resolves report (retry #1) (8ms)
  ✘  434 [firefox] › tests\e2e\journeys\10-accessibility-edge-cases.spec.ts:16:9 › Accessibility Journeys › J087: Keyboard navigation › @a11y undefined - Tab navigation through main interface (retry #1) (9ms)
  ✘  435 [firefox] › tests\e2e\journeys\10-accessibility-edge-cases.spec.ts:38:9 › Accessibility Journeys › J087: Keyboard navigation › @a11y - Skip to main content link (8ms)
[dotenv@17.2.3] injecting env (0) from .env.local -- tip: 🔑 add access controls to secrets: https://dotenvx.com/ops
[dotenv@17.2.3] injecting env (0) from .env -- tip: 👥 sync secrets across teammates & machines: https://dotenvx.com/ops
  ✘  436 [firefox] › tests\e2e\journeys\10-accessibility-edge-cases.spec.ts:55:9 › Accessibility Journeys › J087: Keyboard navigation › @a11y - Form keyboard interaction (7ms)
[dotenv@17.2.3] injecting env (0) from .env.local -- tip: 👥 sync secrets across teammates & machines: https://dotenvx.com/ops
[dotenv@17.2.3] injecting env (0) from .env -- tip: ⚙️  specify custom .env file path with { path: '/custom/path/.env' }
[dotenv@17.2.3] injecting env (0) from .env.local -- tip: 🔐 prevent committing .env to code: https://dotenvx.com/precommit
[dotenv@17.2.3] injecting env (0) from .env -- tip: ⚙️  write to custom object with { processEnv: myObject }
[dotenv@17.2.3] injecting env (0) from .env.local -- tip: ⚙️  enable debug logging with { debug: true }
[dotenv@17.2.3] injecting env (0) from .env -- tip: ⚙️  write to custom object with { processEnv: myObject }
  ✘  437 [firefox] › tests\e2e\journeys\10-accessibility-edge-cases.spec.ts:82:9 › Accessibility Journeys › J088: Screen reader compatibility › @a11y - ARIA landmarks present (8ms)
  ✘  438 [firefox] › tests\e2e\journeys\10-accessibility-edge-cases.spec.ts:98:9 › Accessibility Journeys › J088: Screen reader compatibility › @a11y - Images have alt text (8ms)
  ✘  439 [firefox] › tests\e2e\journeys\10-accessibility-edge-cases.spec.ts:38:9 › Accessibility Journeys › J087: Keyboard navigation › @a11y - Skip to main content link (retry #1) (7ms)
[dotenv@17.2.3] injecting env (0) from .env.local -- tip: 👥 sync secrets across teammates & machines: https://dotenvx.com/ops
[dotenv@17.2.3] injecting env (0) from .env -- tip: 🔐 prevent committing .env to code: https://dotenvx.com/precommit
  ✘  440 [firefox] › tests\e2e\journeys\10-accessibility-edge-cases.spec.ts:55:9 › Accessibility Journeys › J087: Keyboard navigation › @a11y - Form keyboard interaction (retry #1) (6ms)
[dotenv@17.2.3] injecting env (0) from .env.local -- tip: 🛠️  run anywhere with `dotenvx run -- yourcommand`
[dotenv@17.2.3] injecting env (0) from .env -- tip: ✅ audit secrets and track compliance: https://dotenvx.com/ops
[dotenv@17.2.3] injecting env (0) from .env.local -- tip: ⚙️  load multiple .env files with { path: ['.env.local', '.env'] }
[dotenv@17.2.3] injecting env (0) from .env.local -- tip: 🔄 add secrets lifecycle management: https://dotenvx.com/ops
[dotenv@17.2.3] injecting env (0) from .env -- tip: 🛠️  run anywhere with `dotenvx run -- yourcommand`
[dotenv@17.2.3] injecting env (0) from .env -- tip: 🛠️  run anywhere with `dotenvx run -- yourcommand`
  ✘  441 [firefox] › tests\e2e\journeys\10-accessibility-edge-cases.spec.ts:82:9 › Accessibility Journeys › J088: Screen reader compatibility › @a11y - ARIA landmarks present (retry #1) (8ms)
  ✘  442 [firefox] › tests\e2e\journeys\10-accessibility-edge-cases.spec.ts:116:9 › Accessibility Journeys › J088: Screen reader compatibility › @a11y - Form labels present (8ms)
  ✘  443 [firefox] › tests\e2e\journeys\10-accessibility-edge-cases.spec.ts:98:9 › Accessibility Journeys › J088: Screen reader compatibility › @a11y - Images have alt text (retry #1) (9ms)
[dotenv@17.2.3] injecting env (0) from .env.local -- tip: ⚙️  write to custom object with { processEnv: myObject }
[dotenv@17.2.3] injecting env (0) from .env -- tip: ⚙️  override existing env vars with { override: true }
  ✘  444 [firefox] › tests\e2e\journeys\10-accessibility-edge-cases.spec.ts:140:9 › Accessibility Journeys › J089: Color contrast › @a11y - Text is readable (9ms)
[dotenv@17.2.3] injecting env (0) from .env.local -- tip: 👥 sync secrets across teammates & machines: https://dotenvx.com/ops
[dotenv@17.2.3] injecting env (0) from .env -- tip: ⚙️  override existing env vars with { override: true }
[dotenv@17.2.3] injecting env (0) from .env.local -- tip: ⚙️  write to custom object with { processEnv: myObject }
[dotenv@17.2.3] injecting env (0) from .env -- tip: 🛠️  run anywhere with `dotenvx run -- yourcommand`
[dotenv@17.2.3] injecting env (0) from .env.local -- tip: ⚙️  load multiple .env files with { path: ['.env.local', '.env'] }
[dotenv@17.2.3] injecting env (0) from .env -- tip: ⚙️  write to custom object with { processEnv: myObject }
  ✘  445 [firefox] › tests\e2e\journeys\10-accessibility-edge-cases.spec.ts:162:9 › Accessibility Journeys › J090: Focus indicators › @a11y - Focus states visible (8ms)
  ✘  446 [firefox] › tests\e2e\journeys\10-accessibility-edge-cases.spec.ts:116:9 › Accessibility Journeys › J088: Screen reader compatibility › @a11y - Form labels present (retry #1) (9ms)
  ✘  447 [firefox] › tests\e2e\journeys\10-accessibility-edge-cases.spec.ts:184:9 › Edge Case Journeys › J091: Empty states › undefined - Search with no results (11ms)
[dotenv@17.2.3] injecting env (0) from .env.local -- tip: 🔐 encrypt with Dotenvx: https://dotenvx.com
[dotenv@17.2.3] injecting env (0) from .env -- tip: 🛠️  run anywhere with `dotenvx run -- yourcommand`
  ✘  448 [firefox] › tests\e2e\journeys\10-accessibility-edge-cases.spec.ts:140:9 › Accessibility Journeys › J089: Color contrast › @a11y - Text is readable (retry #1) (7ms)
[dotenv@17.2.3] injecting env (0) from .env.local -- tip: ✅ audit secrets and track compliance: https://dotenvx.com/ops
[dotenv@17.2.3] injecting env (0) from .env -- tip: ⚙️  write to custom object with { processEnv: myObject }
[dotenv@17.2.3] injecting env (0) from .env.local -- tip: ⚙️  suppress all logs with { quiet: true }
[dotenv@17.2.3] injecting env (0) from .env -- tip: 🔑 add access controls to secrets: https://dotenvx.com/ops
[dotenv@17.2.3] injecting env (0) from .env.local -- tip: 📡 add observability to secrets: https://dotenvx.com/ops
[dotenv@17.2.3] injecting env (0) from .env -- tip: ⚙️  write to custom object with { processEnv: myObject }
  ✘  449 [firefox] › tests\e2e\journeys\10-accessibility-edge-cases.spec.ts:162:9 › Accessibility Journeys › J090: Focus indicators › @a11y - Focus states visible (retry #1) (7ms)
  ✘  450 [firefox] › tests\e2e\journeys\10-accessibility-edge-cases.spec.ts:194:9 › Edge Case Journeys › J091: Empty states › @auth - Empty bookings list (8ms)
  ✘  451 [firefox] › tests\e2e\journeys\10-accessibility-edge-cases.spec.ts:184:9 › Edge Case Journeys › J091: Empty states › undefined - Search with no results (retry #1) (11ms)
[dotenv@17.2.3] injecting env (0) from .env.local -- tip: ⚙️  enable debug logging with { debug: true }
[dotenv@17.2.3] injecting env (0) from .env -- tip: ⚙️  enable debug logging with { debug: true }
  ✘  452 [firefox] › tests\e2e\journeys\10-accessibility-edge-cases.spec.ts:209:9 › Edge Case Journeys › J092: Error handling › undefined - 404 page handling (7ms)
[dotenv@17.2.3] injecting env (0) from .env.local -- tip: ⚙️  override existing env vars with { override: true }
[dotenv@17.2.3] injecting env (0) from .env -- tip: ⚙️  suppress all logs with { quiet: true }
[dotenv@17.2.3] injecting env (0) from .env.local -- tip: 🔐 prevent building .env in docker: https://dotenvx.com/prebuild
[dotenv@17.2.3] injecting env (0) from .env -- tip: ⚙️  load multiple .env files with { path: ['.env.local', '.env'] }
[dotenv@17.2.3] injecting env (0) from .env.local -- tip: 🛠️  run anywhere with `dotenvx run -- yourcommand`
[dotenv@17.2.3] injecting env (0) from .env -- tip: ⚙️  specify custom .env file path with { path: '/custom/path/.env' }
  ✘  453 [firefox] › tests\e2e\journeys\10-accessibility-edge-cases.spec.ts:222:9 › Edge Case Journeys › J092: Error handling › undefined - Invalid listing ID (8ms)
  ✘  454 [firefox] › tests\e2e\journeys\10-accessibility-edge-cases.spec.ts:231:9 › Edge Case Journeys › J092: Error handling › @auth @offline - Network error handling (7ms)
  ✘  455 [firefox] › tests\e2e\journeys\10-accessibility-edge-cases.spec.ts:194:9 › Edge Case Journeys › J091: Empty states › @auth - Empty bookings list (retry #1) (7ms)
[dotenv@17.2.3] injecting env (0) from .env.local -- tip: 🗂️ backup and recover secrets: https://dotenvx.com/ops
[dotenv@17.2.3] injecting env (0) from .env -- tip: ⚙️  write to custom object with { processEnv: myObject }
  ✘  456 [firefox] › tests\e2e\journeys\10-accessibility-edge-cases.spec.ts:209:9 › Edge Case Journeys › J092: Error handling › undefined - 404 page handling (retry #1) (6ms)
[dotenv@17.2.3] injecting env (0) from .env.local -- tip: ⚙️  enable debug logging with { debug: true }
[dotenv@17.2.3] injecting env (0) from .env -- tip: ⚙️  write to custom object with { processEnv: myObject }
[dotenv@17.2.3] injecting env (0) from .env.local -- tip: ⚙️  suppress all logs with { quiet: true }
[dotenv@17.2.3] injecting env (0) from .env -- tip: 🔑 add access controls to secrets: https://dotenvx.com/ops
[dotenv@17.2.3] injecting env (0) from .env.local -- tip: ⚙️  specify custom .env file path with { path: '/custom/path/.env' }
[dotenv@17.2.3] injecting env (0) from .env -- tip: 🔐 prevent committing .env to code: https://dotenvx.com/precommit
  ✘  457 [firefox] › tests\e2e\journeys\10-accessibility-edge-cases.spec.ts:222:9 › Edge Case Journeys › J092: Error handling › undefined - Invalid listing ID (retry #1) (6ms)
  ✘  458 [firefox] › tests\e2e\journeys\10-accessibility-edge-cases.spec.ts:231:9 › Edge Case Journeys › J092: Error handling › @auth @offline - Network error handling (retry #1) (8ms)
  ✘  459 [firefox] › tests\e2e\journeys\10-accessibility-edge-cases.spec.ts:251:9 › Edge Case Journeys › J093: Long content handling › undefined - Long listing title display (7ms)
[dotenv@17.2.3] injecting env (0) from .env.local -- tip: ⚙️  write to custom object with { processEnv: myObject }
[dotenv@17.2.3] injecting env (0) from .env -- tip: 🔄 add secrets lifecycle management: https://dotenvx.com/ops
  ✘  460 [firefox] › tests\e2e\journeys\10-accessibility-edge-cases.spec.ts:269:9 › Edge Case Journeys › J093: Long content handling › undefined - Long description truncation (7ms)
[dotenv@17.2.3] injecting env (0) from .env.local -- tip: 🔑 add access controls to secrets: https://dotenvx.com/ops
[dotenv@17.2.3] injecting env (0) from .env -- tip: ⚙️  enable debug logging with { debug: true }
  ✘  461 [firefox] › tests\e2e\journeys\10-accessibility-edge-cases.spec.ts:288:9 › Edge Case Journeys › J094: Concurrent actions › @auth - Double submit prevention (6ms)
[dotenv@17.2.3] injecting env (0) from .env.local -- tip: 🛠️  run anywhere with `dotenvx run -- yourcommand`
[dotenv@17.2.3] injecting env (0) from .env -- tip: ✅ audit secrets and track compliance: https://dotenvx.com/ops
[dotenv@17.2.3] injecting env (0) from .env.local -- tip: ✅ audit secrets and track compliance: https://dotenvx.com/ops
[dotenv@17.2.3] injecting env (0) from .env -- tip: 🛠️  run anywhere with `dotenvx run -- yourcommand`
  ✘  462 [firefox] › tests\e2e\journeys\10-accessibility-edge-cases.spec.ts:308:9 › Edge Case Journeys › J095: Browser compatibility › undefined - Page renders without JavaScript errors (6ms)
  ✘  463 [firefox] › tests\e2e\journeys\10-accessibility-edge-cases.spec.ts:251:9 › Edge Case Journeys › J093: Long content handling › undefined - Long listing title display (retry #1) (8ms)
[dotenv@17.2.3] injecting env (0) from .env.local -- tip: 🔑 add access controls to secrets: https://dotenvx.com/ops
[dotenv@17.2.3] injecting env (0) from .env -- tip: ⚙️  write to custom object with { processEnv: myObject }
  ✘  464 [firefox] › tests\e2e\journeys\10-accessibility-edge-cases.spec.ts:269:9 › Edge Case Journeys › J093: Long content handling › undefined - Long description truncation (retry #1) (6ms)
[dotenv@17.2.3] injecting env (0) from .env.local -- tip: 🔐 prevent committing .env to code: https://dotenvx.com/precommit
[dotenv@17.2.3] injecting env (0) from .env -- tip: 🔐 prevent committing .env to code: https://dotenvx.com/precommit
  ✘  465 [firefox] › tests\e2e\journeys\10-accessibility-edge-cases.spec.ts:288:9 › Edge Case Journeys › J094: Concurrent actions › @auth - Double submit prevention (retry #1) (7ms)
[dotenv@17.2.3] injecting env (0) from .env.local -- tip: 👥 sync secrets across teammates & machines: https://dotenvx.com/ops
[dotenv@17.2.3] injecting env (0) from .env -- tip: ⚙️  write to custom object with { processEnv: myObject }
[dotenv@17.2.3] injecting env (0) from .env.local -- tip: 📡 add observability to secrets: https://dotenvx.com/ops
[dotenv@17.2.3] injecting env (0) from .env -- tip: ⚙️  specify custom .env file path with { path: '/custom/path/.env' }
  ✘  466 [firefox] › tests\e2e\journeys\10-accessibility-edge-cases.spec.ts:308:9 › Edge Case Journeys › J095: Browser compatibility › undefined - Page renders without JavaScript errors (retry #1) (7ms)
  ✘  467 [firefox] › tests\e2e\journeys\10-accessibility-edge-cases.spec.ts:331:9 › Edge Case Journeys › J096: Mobile responsiveness › @mobile - Mobile navigation menu (7ms)
[dotenv@17.2.3] injecting env (0) from .env.local -- tip: ⚙️  override existing env vars with { override: true }
[dotenv@17.2.3] injecting env (0) from .env -- tip: 🗂️ backup and recover secrets: https://dotenvx.com/ops
  ✘  468 [firefox] › tests\e2e\journeys\10-accessibility-edge-cases.spec.ts:351:9 › Edge Case Journeys › J096: Mobile responsiveness › @mobile - Touch-friendly buttons (6ms)
[dotenv@17.2.3] injecting env (0) from .env.local -- tip: 👥 sync secrets across teammates & machines: https://dotenvx.com/ops
[dotenv@17.2.3] injecting env (0) from .env -- tip: ⚙️  suppress all logs with { quiet: true }
  ✘  469 [firefox] › tests\e2e\journeys\10-accessibility-edge-cases.spec.ts:374:9 › Edge Case Journeys › J097: Session handling › @auth - Session timeout handling (6ms)
[dotenv@17.2.3] injecting env (0) from .env.local -- tip: 🔑 add access controls to secrets: https://dotenvx.com/ops
[dotenv@17.2.3] injecting env (0) from .env -- tip: 🔐 prevent committing .env to code: https://dotenvx.com/precommit
[dotenv@17.2.3] injecting env (0) from .env.local -- tip: ⚙️  write to custom object with { processEnv: myObject }
[dotenv@17.2.3] injecting env (0) from .env -- tip: 🔐 prevent committing .env to code: https://dotenvx.com/precommit
  ✘  470 [firefox] › tests\e2e\journeys\10-accessibility-edge-cases.spec.ts:391:9 › Edge Case Journeys › J098: Data validation › @auth - XSS prevention in inputs (6ms)
  ✘  471 [firefox] › tests\e2e\journeys\10-accessibility-edge-cases.spec.ts:331:9 › Edge Case Journeys › J096: Mobile responsiveness › @mobile - Mobile navigation menu (retry #1) (6ms)
[dotenv@17.2.3] injecting env (0) from .env.local -- tip: ⚙️  specify custom .env file path with { path: '/custom/path/.env' }
[dotenv@17.2.3] injecting env (0) from .env -- tip: 🔐 prevent committing .env to code: https://dotenvx.com/precommit
  ✘  472 [firefox] › tests\e2e\journeys\10-accessibility-edge-cases.spec.ts:351:9 › Edge Case Journeys › J096: Mobile responsiveness › @mobile - Touch-friendly buttons (retry #1) (7ms)
[dotenv@17.2.3] injecting env (0) from .env.local -- tip: ⚙️  enable debug logging with { debug: true }
[dotenv@17.2.3] injecting env (0) from .env -- tip: 🛠️  run anywhere with `dotenvx run -- yourcommand`
  ✘  473 [firefox] › tests\e2e\journeys\10-accessibility-edge-cases.spec.ts:374:9 › Edge Case Journeys › J097: Session handling › @auth - Session timeout handling (retry #1) (6ms)
[dotenv@17.2.3] injecting env (0) from .env.local -- tip: ⚙️  specify custom .env file path with { path: '/custom/path/.env' }
[dotenv@17.2.3] injecting env (0) from .env -- tip: ⚙️  specify custom .env file path with { path: '/custom/path/.env' }
[dotenv@17.2.3] injecting env (0) from .env.local -- tip: 🛠️  run anywhere with `dotenvx run -- yourcommand`
[dotenv@17.2.3] injecting env (0) from .env -- tip: ⚙️  write to custom object with { processEnv: myObject }
  ✘  475 [firefox] › tests\e2e\journeys\10-accessibility-edge-cases.spec.ts:412:9 › Edge Case Journeys › J098: Data validation › @auth - SQL injection prevention (7ms)
  ✘  474 [firefox] › tests\e2e\journeys\10-accessibility-edge-cases.spec.ts:391:9 › Edge Case Journeys › J098: Data validation › @auth - XSS prevention in inputs (retry #1) (7ms)
[dotenv@17.2.3] injecting env (0) from .env.local -- tip: 🛠️  run anywhere with `dotenvx run -- yourcommand`
[dotenv@17.2.3] injecting env (0) from .env -- tip: ⚙️  write to custom object with { processEnv: myObject }
  ✘  476 [firefox] › tests\e2e\journeys\10-accessibility-edge-cases.spec.ts:430:9 › Edge Case Journeys › J099: Performance edge cases › undefined @slow - Large image handling (6ms)
[dotenv@17.2.3] injecting env (0) from .env.local -- tip: 🔐 prevent building .env in docker: https://dotenvx.com/prebuild
[dotenv@17.2.3] injecting env (0) from .env -- tip: ⚙️  enable debug logging with { debug: true }
  ✘  477 [firefox] › tests\e2e\journeys\10-accessibility-edge-cases.spec.ts:447:9 › Edge Case Journeys › J099: Performance edge cases › undefined @slow - Scroll performance (5ms)
[dotenv@17.2.3] injecting env (0) from .env.local -- tip: 🛠️  run anywhere with `dotenvx run -- yourcommand`
[dotenv@17.2.3] injecting env (0) from .env -- tip: 🔐 prevent committing .env to code: https://dotenvx.com/precommit
[dotenv@17.2.3] injecting env (0) from .env.local -- tip: 🔐 prevent building .env in docker: https://dotenvx.com/prebuild
[dotenv@17.2.3] injecting env (0) from .env -- tip: ⚙️  suppress all logs with { quiet: true }
  ✘  478 [firefox] › tests\e2e\journeys\10-accessibility-edge-cases.spec.ts:412:9 › Edge Case Journeys › J098: Data validation › @auth - SQL injection prevention (retry #1) (6ms)
  ✘  479 [firefox] › tests\e2e\journeys\10-accessibility-edge-cases.spec.ts:467:9 › Edge Case Journeys › J100: Complete user journey › @auth @slow - Full user flow: search → view → save → unsave (7ms)
[dotenv@17.2.3] injecting env (0) from .env.local -- tip: 🛠️  run anywhere with `dotenvx run -- yourcommand`
[dotenv@17.2.3] injecting env (0) from .env -- tip: 🗂️ backup and recover secrets: https://dotenvx.com/ops
  ✘  480 [firefox] › tests\e2e\journeys\10-accessibility-edge-cases.spec.ts:430:9 › Edge Case Journeys › J099: Performance edge cases › undefined @slow - Large image handling (retry #1) (6ms)
[dotenv@17.2.3] injecting env (0) from .env.local -- tip: ⚙️  specify custom .env file path with { path: '/custom/path/.env' }
[dotenv@17.2.3] injecting env (0) from .env -- tip: ⚙️  enable debug logging with { debug: true }
  ✘  481 [firefox] › tests\e2e\journeys\10-accessibility-edge-cases.spec.ts:447:9 › Edge Case Journeys › J099: Performance edge cases › undefined @slow - Scroll performance (retry #1) (8ms)
[dotenv@17.2.3] injecting env (0) from .env.local -- tip: 🗂️ backup and recover secrets: https://dotenvx.com/ops
[dotenv@17.2.3] injecting env (0) from .env -- tip: 🔄 add secrets lifecycle management: https://dotenvx.com/ops
[dotenv@17.2.3] injecting env (0) from .env.local -- tip: 📡 add observability to secrets: https://dotenvx.com/ops
[dotenv@17.2.3] injecting env (0) from .env -- tip: 🔄 add secrets lifecycle management: https://dotenvx.com/ops
  ✘  482 [firefox] › tests\e2e\journeys\11-nearby-places.spec.ts:105:9 › Nearby Places Feature › Authentication › unauthenticated user sees login prompt (0ms)
  -  484 [firefox] › tests\e2e\journeys\11-nearby-places.spec.ts:142:9 › Nearby Places Feature › Authentication › authenticated user sees search panel
  -  485 [firefox] › tests\e2e\journeys\11-nearby-places.spec.ts:198:9 › Nearby Places Feature › Category Search › category chip click loads results
  -  486 [firefox] › tests\e2e\journeys\11-nearby-places.spec.ts:216:9 › Nearby Places Feature › Category Search › results display with distance badges
  ✘  483 [firefox] › tests\e2e\journeys\10-accessibility-edge-cases.spec.ts:467:9 › Edge Case Journeys › J100: Complete user journey › @auth @slow - Full user flow: search → view → save → unsave (retry #1) (8ms)
[dotenv@17.2.3] injecting env (0) from .env.local -- tip: 🔐 prevent committing .env to code: https://dotenvx.com/precommit
[dotenv@17.2.3] injecting env (0) from .env -- tip: 🔐 prevent committing .env to code: https://dotenvx.com/precommit
  ✘  487 [firefox] › tests\e2e\journeys\11-nearby-places.spec.ts:233:9 › Nearby Places Feature › Category Search › radius change updates results (0ms)
  -  488 [firefox] › tests\e2e\journeys\11-nearby-places.spec.ts:287:9 › Nearby Places Feature › Search Input › search input triggers search after debounce
  -  489 [firefox] › tests\e2e\journeys\11-nearby-places.spec.ts:338:9 › Nearby Places Feature › Map Markers › map markers appear for search results
  -  490 [firefox] › tests\e2e\journeys\11-nearby-places.spec.ts:359:9 › Nearby Places Feature › Map Markers › hover on list item highlights marker
[dotenv@17.2.3] injecting env (0) from .env.local -- tip: 🔐 prevent committing .env to code: https://dotenvx.com/precommit
[dotenv@17.2.3] injecting env (0) from .env -- tip: ⚙️  load multiple .env files with { path: ['.env.local', '.env'] }
  ✘  491 [firefox] › tests\e2e\journeys\11-nearby-places.spec.ts:411:9 › Nearby Places Feature › Directions › click on result opens Google Maps directions (0ms)
  -  492 [firefox] › tests\e2e\journeys\11-nearby-places.spec.ts:434:9 › Nearby Places Feature › Mobile View › mobile view toggle works (list/map)
  -  493 [firefox] › tests\e2e\journeys\11-nearby-places.spec.ts:488:9 › Nearby Places Feature › Empty and Error States › empty results show appropriate message
  -  494 [firefox] › tests\e2e\journeys\11-nearby-places.spec.ts:524:9 › Nearby Places Feature › Empty and Error States › error state displays error message
[dotenv@17.2.3] injecting env (0) from .env.local -- tip: 🔐 prevent building .env in docker: https://dotenvx.com/prebuild
[dotenv@17.2.3] injecting env (0) from .env -- tip: ⚙️  write to custom object with { processEnv: myObject }
[dotenv@17.2.3] injecting env (0) from .env.local -- tip: ✅ audit secrets and track compliance: https://dotenvx.com/ops
[dotenv@17.2.3] injecting env (0) from .env -- tip: ✅ audit secrets and track compliance: https://dotenvx.com/ops
  ✘  495 [firefox] › tests\e2e\journeys\11-nearby-places.spec.ts:105:9 › Nearby Places Feature › Authentication › unauthenticated user sees login prompt (retry #1) (0ms)
  -  497 [firefox] › tests\e2e\journeys\11-nearby-places.spec.ts:142:9 › Nearby Places Feature › Authentication › authenticated user sees search panel (retry #1)
  -  498 [firefox] › tests\e2e\journeys\11-nearby-places.spec.ts:198:9 › Nearby Places Feature › Category Search › category chip click loads results (retry #1)
  -  499 [firefox] › tests\e2e\journeys\11-nearby-places.spec.ts:216:9 › Nearby Places Feature › Category Search › results display with distance badges (retry #1)
  ✘  496 [firefox] › tests\e2e\journeys\11-nearby-places.spec.ts:578:9 › Nearby Places Feature › Accessibility › keyboard navigation works on chips (0ms)
  -  500 [firefox] › tests\e2e\journeys\11-nearby-places.spec.ts:604:9 › Nearby Places Feature › Accessibility › screen reader announces loading state
  -  501 [firefox] › tests\e2e\journeys\11-nearby-places.spec.ts:635:9 › Nearby Places Feature › Accessibility › dark mode renders correctly
[dotenv@17.2.3] injecting env (0) from .env.local -- tip: 📡 add observability to secrets: https://dotenvx.com/ops
[dotenv@17.2.3] injecting env (0) from .env -- tip: 🔄 add secrets lifecycle management: https://dotenvx.com/ops
  ✘  502 [firefox] › tests\e2e\journeys\11-nearby-places.spec.ts:233:9 › Nearby Places Feature › Category Search › radius change updates results (retry #1) (0ms)
  -  503 [firefox] › tests\e2e\journeys\11-nearby-places.spec.ts:287:9 › Nearby Places Feature › Search Input › search input triggers search after debounce (retry #1)
  -  504 [firefox] › tests\e2e\journeys\11-nearby-places.spec.ts:338:9 › Nearby Places Feature › Map Markers › map markers appear for search results (retry #1)
  -  505 [firefox] › tests\e2e\journeys\11-nearby-places.spec.ts:359:9 › Nearby Places Feature › Map Markers › hover on list item highlights marker (retry #1)
[dotenv@17.2.3] injecting env (0) from .env.local -- tip: 🔐 prevent building .env in docker: https://dotenvx.com/prebuild
[dotenv@17.2.3] injecting env (0) from .env -- tip: 🛠️  run anywhere with `dotenvx run -- yourcommand`
  ✘  506 [firefox] › tests\e2e\journeys\11-nearby-places.spec.ts:411:9 › Nearby Places Feature › Directions › click on result opens Google Maps directions (retry #1) (0ms)
  -  507 [firefox] › tests\e2e\journeys\11-nearby-places.spec.ts:434:9 › Nearby Places Feature › Mobile View › mobile view toggle works (list/map) (retry #1)
  -  508 [firefox] › tests\e2e\journeys\11-nearby-places.spec.ts:488:9 › Nearby Places Feature › Empty and Error States › empty results show appropriate message (retry #1)
  -  509 [firefox] › tests\e2e\journeys\11-nearby-places.spec.ts:524:9 › Nearby Places Feature › Empty and Error States › error state displays error message (retry #1)
[dotenv@17.2.3] injecting env (0) from .env.local -- tip: 🗂️ backup and recover secrets: https://dotenvx.com/ops
[dotenv@17.2.3] injecting env (0) from .env -- tip: 🛠️  run anywhere with `dotenvx run -- yourcommand`
[dotenv@17.2.3] injecting env (0) from .env.local -- tip: ✅ audit secrets and track compliance: https://dotenvx.com/ops
[dotenv@17.2.3] injecting env (0) from .env -- tip: ⚙️  override existing env vars with { override: true }
  ✘  510 [firefox] › tests\e2e\nearby\nearby-accessibility.spec.ts:65:7 › Nearby Places Accessibility › F2: Focus outline is visible on category chips (0ms)
  -  512 [firefox] › tests\e2e\nearby\nearby-accessibility.spec.ts:122:7 › Nearby Places Accessibility › F6: Escape key closes map popup
  ✘  511 [firefox] › tests\e2e\journeys\11-nearby-places.spec.ts:578:9 › Nearby Places Feature › Accessibility › keyboard navigation works on chips (retry #1) (0ms)
  -  513 [firefox] › tests\e2e\journeys\11-nearby-places.spec.ts:604:9 › Nearby Places Feature › Accessibility › screen reader announces loading state (retry #1)
  -  514 [firefox] › tests\e2e\journeys\11-nearby-places.spec.ts:635:9 › Nearby Places Feature › Accessibility › dark mode renders correctly (retry #1)
[dotenv@17.2.3] injecting env (0) from .env.local -- tip: ⚙️  write to custom object with { processEnv: myObject }
[dotenv@17.2.3] injecting env (0) from .env -- tip: 🗂️ backup and recover secrets: https://dotenvx.com/ops
  ✘  515 [firefox] › tests\e2e\nearby\nearby-accessibility.spec.ts:178:7 › Nearby Places Accessibility › F8: Component is visible in high contrast mode (0ms)
  -  516 [firefox] › tests\e2e\nearby\nearby-accessibility.spec.ts:231:7 › Nearby Places Accessibility › F10: Layout remains usable at 200% font scaling
[dotenv@17.2.3] injecting env (0) from .env.local -- tip: 🔑 add access controls to secrets: https://dotenvx.com/ops
[dotenv@17.2.3] injecting env (0) from .env -- tip: ⚙️  enable debug logging with { debug: true }
  ✘  517 [firefox] › tests\e2e\nearby\nearby-accessibility.spec.ts:334:7 › Nearby Places Keyboard Navigation › All interactive elements are reachable via keyboard (0ms)
  -  518 [firefox] › tests\e2e\nearby\nearby-accessibility.spec.ts:373:7 › Nearby Places Keyboard Navigation › Enter key activates focused buttons
[dotenv@17.2.3] injecting env (0) from .env.local -- tip: 🛠️  run anywhere with `dotenvx run -- yourcommand`
[dotenv@17.2.3] injecting env (0) from .env -- tip: ⚙️  specify custom .env file path with { path: '/custom/path/.env' }
[dotenv@17.2.3] injecting env (0) from .env.local -- tip: 🔄 add secrets lifecycle management: https://dotenvx.com/ops
[dotenv@17.2.3] injecting env (0) from .env -- tip: ⚙️  specify custom .env file path with { path: '/custom/path/.env' }
  ✘  520 [firefox] › tests\e2e\nearby\nearby-accessibility.spec.ts:414:7 › Nearby Places Keyboard Navigation › Space key activates focused buttons (0ms)
  ✘  519 [firefox] › tests\e2e\nearby\nearby-accessibility.spec.ts:65:7 › Nearby Places Accessibility › F2: Focus outline is visible on category chips (retry #1) (0ms)
  -  521 [firefox] › tests\e2e\nearby\nearby-accessibility.spec.ts:122:7 › Nearby Places Accessibility › F6: Escape key closes map popup (retry #1)
[dotenv@17.2.3] injecting env (0) from .env.local -- tip: 🔄 add secrets lifecycle management: https://dotenvx.com/ops
[dotenv@17.2.3] injecting env (0) from .env -- tip: ⚙️  load multiple .env files with { path: ['.env.local', '.env'] }
  ✘  522 [firefox] › tests\e2e\nearby\nearby-accessibility.spec.ts:178:7 › Nearby Places Accessibility › F8: Component is visible in high contrast mode (retry #1) (0ms)
  -  523 [firefox] › tests\e2e\nearby\nearby-accessibility.spec.ts:231:7 › Nearby Places Accessibility › F10: Layout remains usable at 200% font scaling (retry #1)
[dotenv@17.2.3] injecting env (0) from .env.local -- tip: 🗂️ backup and recover secrets: https://dotenvx.com/ops
[dotenv@17.2.3] injecting env (0) from .env -- tip: 🔐 prevent committing .env to code: https://dotenvx.com/precommit
  ✘  524 [firefox] › tests\e2e\nearby\nearby-accessibility.spec.ts:334:7 › Nearby Places Keyboard Navigation › All interactive elements are reachable via keyboard (retry #1) (0ms)
  -  525 [firefox] › tests\e2e\nearby\nearby-accessibility.spec.ts:373:7 › Nearby Places Keyboard Navigation › Enter key activates focused buttons (retry #1)
[dotenv@17.2.3] injecting env (0) from .env.local -- tip: 📡 add observability to secrets: https://dotenvx.com/ops
[dotenv@17.2.3] injecting env (0) from .env -- tip: ⚙️  suppress all logs with { quiet: true }
[dotenv@17.2.3] injecting env (0) from .env.local -- tip: ✅ audit secrets and track compliance: https://dotenvx.com/ops
[dotenv@17.2.3] injecting env (0) from .env -- tip: ⚙️  load multiple .env files with { path: ['.env.local', '.env'] }
  ✘  527 [firefox] › tests\e2e\nearby\nearby-attribution.spec.ts:66:7 › Nearby Places Attribution Compliance › J1: Radar attribution is visible on mobile viewport (0ms)
  -  528 [firefox] › tests\e2e\nearby\nearby-attribution.spec.ts:102:7 › Nearby Places Attribution Compliance › J2: Dark mode attribution has sufficient contrast
  ✘  526 [firefox] › tests\e2e\nearby\nearby-accessibility.spec.ts:414:7 › Nearby Places Keyboard Navigation › Space key activates focused buttons (retry #1) (0ms)
[dotenv@17.2.3] injecting env (0) from .env.local -- tip: 🔄 add secrets lifecycle management: https://dotenvx.com/ops
[dotenv@17.2.3] injecting env (0) from .env -- tip: ⚙️  override existing env vars with { override: true }
  ✘  529 [firefox] › tests\e2e\nearby\nearby-attribution.spec.ts:143:7 › Nearby Places Attribution Compliance › J3: Map tile attribution is present (0ms)
  -  530 [firefox] › tests\e2e\nearby\nearby-attribution.spec.ts:173:7 › Nearby Places Attribution Compliance › J9: Attribution links are functional
[dotenv@17.2.3] injecting env (0) from .env.local -- tip: 👥 sync secrets across teammates & machines: https://dotenvx.com/ops
[dotenv@17.2.3] injecting env (0) from .env -- tip: 🔄 add secrets lifecycle management: https://dotenvx.com/ops
  ✘  531 [firefox] › tests\e2e\nearby\nearby-attribution.spec.ts:213:7 › Nearby Places Attribution Compliance › J10: Map renders without CSP violations (0ms)
[dotenv@17.2.3] injecting env (0) from .env.local -- tip: 🔑 add access controls to secrets: https://dotenvx.com/ops
[dotenv@17.2.3] injecting env (0) from .env -- tip: 🛠️  run anywhere with `dotenvx run -- yourcommand`
[dotenv@17.2.3] injecting env (0) from .env.local -- tip: 👥 sync secrets across teammates & machines: https://dotenvx.com/ops
[dotenv@17.2.3] injecting env (0) from .env -- tip: 👥 sync secrets across teammates & machines: https://dotenvx.com/ops
  ✘  533 [firefox] › tests\e2e\nearby\nearby-attribution.spec.ts:312:7 › Nearby Places Privacy Compliance › Network requests use appropriate privacy headers (0ms)
  ✘  532 [firefox] › tests\e2e\nearby\nearby-attribution.spec.ts:66:7 › Nearby Places Attribution Compliance › J1: Radar attribution is visible on mobile viewport (retry #1) (0ms)
  -  534 [firefox] › tests\e2e\nearby\nearby-attribution.spec.ts:102:7 › Nearby Places Attribution Compliance › J2: Dark mode attribution has sufficient contrast (retry #1)
[dotenv@17.2.3] injecting env (0) from .env.local -- tip: 🔐 prevent committing .env to code: https://dotenvx.com/precommit
[dotenv@17.2.3] injecting env (0) from .env -- tip: 🗂️ backup and recover secrets: https://dotenvx.com/ops
  ✘  535 [firefox] › tests\e2e\nearby\nearby-attribution.spec.ts:143:7 › Nearby Places Attribution Compliance › J3: Map tile attribution is present (retry #1) (0ms)
  -  536 [firefox] › tests\e2e\nearby\nearby-attribution.spec.ts:173:7 › Nearby Places Attribution Compliance › J9: Attribution links are functional (retry #1)
[dotenv@17.2.3] injecting env (0) from .env.local -- tip: 🔑 add access controls to secrets: https://dotenvx.com/ops
[dotenv@17.2.3] injecting env (0) from .env -- tip: ⚙️  suppress all logs with { quiet: true }
  ✘  537 [firefox] › tests\e2e\nearby\nearby-attribution.spec.ts:213:7 › Nearby Places Attribution Compliance › J10: Map renders without CSP violations (retry #1) (0ms)
[dotenv@17.2.3] injecting env (0) from .env.local -- tip: ⚙️  load multiple .env files with { path: ['.env.local', '.env'] }
[dotenv@17.2.3] injecting env (0) from .env -- tip: ⚙️  override existing env vars with { override: true }
[dotenv@17.2.3] injecting env (0) from .env.local -- tip: ✅ audit secrets and track compliance: https://dotenvx.com/ops
[dotenv@17.2.3] injecting env (0) from .env -- tip: 🔐 encrypt with Dotenvx: https://dotenvx.com
  ✘  539 [firefox] › tests\e2e\nearby\nearby-layout.spec.ts:74:7 › Nearby Places Layout › G1: Map renders correctly inside transformed container (0ms)
  -  540 [firefox] › tests\e2e\nearby\nearby-layout.spec.ts:111:7 › Nearby Places Layout › G2: Handles zero-height container gracefully
  -  541 [firefox] › tests\e2e\nearby\nearby-layout.spec.ts:146:7 › Nearby Places Layout › G3: Sticky header does not overlap map controls
  ✘  538 [firefox] › tests\e2e\nearby\nearby-attribution.spec.ts:312:7 › Nearby Places Privacy Compliance › Network requests use appropriate privacy headers (retry #1) (0ms)
[dotenv@17.2.3] injecting env (0) from .env.local -- tip: 🔐 prevent committing .env to code: https://dotenvx.com/precommit
[dotenv@17.2.3] injecting env (0) from .env -- tip: ⚙️  write to custom object with { processEnv: myObject }
  ✘  542 [firefox] › tests\e2e\nearby\nearby-layout.spec.ts:189:7 › Nearby Places Layout › G4: Map popup appears above other overlays (0ms)
  -  543 [firefox] › tests\e2e\nearby\nearby-layout.spec.ts:226:7 › Nearby Places Layout › G5: Pointer events allow map interaction
  -  544 [firefox] › tests\e2e\nearby\nearby-layout.spec.ts:259:7 › Nearby Places Layout › G6: Panel scrolling is contained
[dotenv@17.2.3] injecting env (0) from .env.local -- tip: ⚙️  suppress all logs with { quiet: true }
[dotenv@17.2.3] injecting env (0) from .env -- tip: ✅ audit secrets and track compliance: https://dotenvx.com/ops
  ✘  545 [firefox] › tests\e2e\nearby\nearby-attribution.spec.ts:285:7 › Nearby Places Privacy Compliance › API responses do not leak to browser console (0ms)
[dotenv@17.2.3] injecting env (0) from .env.local -- tip: ⚙️  suppress all logs with { quiet: true }
[dotenv@17.2.3] injecting env (0) from .env -- tip: 🔄 add secrets lifecycle management: https://dotenvx.com/ops
[dotenv@17.2.3] injecting env (0) from .env.local -- tip: 👥 sync secrets across teammates & machines: https://dotenvx.com/ops
[dotenv@17.2.3] injecting env (0) from .env -- tip: 🗂️ backup and recover secrets: https://dotenvx.com/ops
  ✘  546 [firefox] › tests\e2e\nearby\nearby-layout.spec.ts:74:7 › Nearby Places Layout › G1: Map renders correctly inside transformed container (retry #1) (0ms)
  -  548 [firefox] › tests\e2e\nearby\nearby-layout.spec.ts:111:7 › Nearby Places Layout › G2: Handles zero-height container gracefully (retry #1)
  -  549 [firefox] › tests\e2e\nearby\nearby-layout.spec.ts:146:7 › Nearby Places Layout › G3: Sticky header does not overlap map controls (retry #1)
  ✘  547 [firefox] › tests\e2e\nearby\nearby-layout.spec.ts:294:7 › Nearby Places Layout › G7: Touch zoom handling on Safari (0ms)
  -  550 [firefox] › tests\e2e\nearby\nearby-layout.spec.ts:326:7 › Nearby Places Layout › G8: Map updates after viewport rotation/resize
  -  551 [firefox] › tests\e2e\nearby\nearby-layout.spec.ts:363:7 › Nearby Places Layout › G9: Markers render sharply on high-DPI displays
[dotenv@17.2.3] injecting env (0) from .env.local -- tip: 🛠️  run anywhere with `dotenvx run -- yourcommand`
[dotenv@17.2.3] injecting env (0) from .env -- tip: ✅ audit secrets and track compliance: https://dotenvx.com/ops
  ✘  552 [firefox] › tests\e2e\nearby\nearby-layout.spec.ts:189:7 › Nearby Places Layout › G4: Map popup appears above other overlays (retry #1) (0ms)
  -  553 [firefox] › tests\e2e\nearby\nearby-layout.spec.ts:226:7 › Nearby Places Layout › G5: Pointer events allow map interaction (retry #1)
  -  554 [firefox] › tests\e2e\nearby\nearby-layout.spec.ts:259:7 › Nearby Places Layout › G6: Panel scrolling is contained (retry #1)
[dotenv@17.2.3] injecting env (0) from .env.local -- tip: ⚙️  load multiple .env files with { path: ['.env.local', '.env'] }
[dotenv@17.2.3] injecting env (0) from .env -- tip: ⚙️  specify custom .env file path with { path: '/custom/path/.env' }
  ✘  555 [firefox] › tests\e2e\nearby\nearby-attribution.spec.ts:285:7 › Nearby Places Privacy Compliance › API responses do not leak to browser console (retry #1) (0ms)
[dotenv@17.2.3] injecting env (0) from .env.local -- tip: 🔐 encrypt with Dotenvx: https://dotenvx.com
[dotenv@17.2.3] injecting env (0) from .env -- tip: 🔄 add secrets lifecycle management: https://dotenvx.com/ops
[dotenv@17.2.3] injecting env (0) from .env.local -- tip: ⚙️  enable debug logging with { debug: true }
[dotenv@17.2.3] injecting env (0) from .env -- tip: ⚙️  write to custom object with { processEnv: myObject }
  ✘  556 [firefox] › tests\e2e\nearby\nearby-layout.spec.ts:441:7 › Nearby Places Mobile Layout › Layout adapts to mobile viewport (0ms)
  -  558 [firefox] › tests\e2e\nearby\nearby-layout.spec.ts:480:7 › Nearby Places Mobile Layout › Map/list toggle works on mobile
  -  559 [firefox] › tests\e2e\nearby\nearby-layout.spec.ts:511:7 › Nearby Places Mobile Layout › Search input is accessible on mobile keyboard
  ✘  557 [firefox] › tests\e2e\nearby\nearby-layout.spec.ts:294:7 › Nearby Places Layout › G7: Touch zoom handling on Safari (retry #1) (0ms)
  -  560 [firefox] › tests\e2e\nearby\nearby-layout.spec.ts:326:7 › Nearby Places Layout › G8: Map updates after viewport rotation/resize (retry #1)
  -  561 [firefox] › tests\e2e\nearby\nearby-layout.spec.ts:363:7 › Nearby Places Layout › G9: Markers render sharply on high-DPI displays (retry #1)
[dotenv@17.2.3] injecting env (0) from .env.local -- tip: ⚙️  override existing env vars with { override: true }
[dotenv@17.2.3] injecting env (0) from .env -- tip: ⚙️  load multiple .env files with { path: ['.env.local', '.env'] }
[dotenv@17.2.3] injecting env (0) from .env.local -- tip: 👥 sync secrets across teammates & machines: https://dotenvx.com/ops
[dotenv@17.2.3] injecting env (0) from .env -- tip: 🔐 prevent committing .env to code: https://dotenvx.com/precommit
[dotenv@17.2.3] injecting env (0) from .env.local -- tip: ⚙️  specify custom .env file path with { path: '/custom/path/.env' }
[dotenv@17.2.3] injecting env (0) from .env -- tip: ✅ audit secrets and track compliance: https://dotenvx.com/ops
[dotenv@17.2.3] injecting env (0) from .env.local -- tip: ⚙️  suppress all logs with { quiet: true }
[dotenv@17.2.3] injecting env (0) from .env -- tip: 🔐 encrypt with Dotenvx: https://dotenvx.com
  ✘  564 [firefox] › tests\e2e\nearby\nearby-layout.spec.ts:441:7 › Nearby Places Mobile Layout › Layout adapts to mobile viewport (retry #1) (0ms)
  -  566 [firefox] › tests\e2e\nearby\nearby-layout.spec.ts:480:7 › Nearby Places Mobile Layout › Map/list toggle works on mobile (retry #1)
  -  567 [firefox] › tests\e2e\nearby\nearby-layout.spec.ts:511:7 › Nearby Places Mobile Layout › Search input is accessible on mobile keyboard (retry #1)
[dotenv@17.2.3] injecting env (0) from .env.local -- tip: 📡 add observability to secrets: https://dotenvx.com/ops
[dotenv@17.2.3] injecting env (0) from .env -- tip: 🛠️  run anywhere with `dotenvx run -- yourcommand`
  ✓  568 [webkit] › tests\e2e\journeys\01-discovery-search.spec.ts:116:9 › Discovery & Search Journeys › J002: Search with multiple filters › @anon - Zero results shows suggestions (1.9s)
  ✓  563 [webkit] › tests\e2e\journeys\01-discovery-search.spec.ts:62:9 › Discovery & Search Journeys › J001: Anonymous user browses home page › @anon - Empty state when no featured listings (2.6s)
  ✘  565 [webkit] › tests\e2e\journeys\01-discovery-search.spec.ts:87:9 › Discovery & Search Journeys › J002: Search with multiple filters › @anon @mobile - Filter search results (2.8s)
  ✘  569 [webkit] › tests\e2e\journeys\01-discovery-search.spec.ts:133:9 › Discovery & Search Journeys › J003: Listing detail with image gallery › @anon @a11y - View listing details and gallery (1.3s)
[dotenv@17.2.3] injecting env (0) from .env.local -- tip: ⚙️  override existing env vars with { override: true }
[dotenv@17.2.3] injecting env (0) from .env -- tip: ✅ audit secrets and track compliance: https://dotenvx.com/ops
[dotenv@17.2.3] injecting env (0) from .env.local -- tip: 🛠️  run anywhere with `dotenvx run -- yourcommand`
[dotenv@17.2.3] injecting env (0) from .env -- tip: 🔄 add secrets lifecycle management: https://dotenvx.com/ops
  ✘  571 [webkit] › tests\e2e\journeys\01-discovery-search.spec.ts:87:9 › Discovery & Search Journeys › J002: Search with multiple filters › @anon @mobile - Filter search results (retry #1) (1.7s)
  ✘  572 [webkit] › tests\e2e\journeys\01-discovery-search.spec.ts:133:9 › Discovery & Search Journeys › J003: Listing detail with image gallery › @anon @a11y - View listing details and gallery (retry #1) (1.6s)
[dotenv@17.2.3] injecting env (0) from .env.local -- tip: 👥 sync secrets across teammates & machines: https://dotenvx.com/ops
[dotenv@17.2.3] injecting env (0) from .env -- tip: 🔐 prevent building .env in docker: https://dotenvx.com/prebuild
[dotenv@17.2.3] injecting env (0) from .env.local -- tip: ⚙️  suppress all logs with { quiet: true }
[dotenv@17.2.3] injecting env (0) from .env -- tip: 🔑 add access controls to secrets: https://dotenvx.com/ops
  ✓  574 [webkit] › tests\e2e\journeys\01-discovery-search.spec.ts:225:9 › Discovery & Search Journeys › J005: Sort search results › @anon - Sort by price and date (977ms)
  ✓  575 [webkit] › tests\e2e\journeys\01-discovery-search.spec.ts:251:9 › Discovery & Search Journeys › J006: Pagination through results › @anon @mobile - Navigate through pages (941ms)
  ✓  576 [webkit] › tests\e2e\journeys\01-discovery-search.spec.ts:284:9 › Discovery & Search Journeys › J007-J010: Accessibility checks for search › @a11y - Search page accessibility (1.0s)
  ✘  562 [webkit] › tests\e2e\journeys\01-discovery-search.spec.ts:16:9 › Discovery & Search Journeys › J001: Anonymous user browses home page › @anon @mobile @a11y - Home page discovery flow (13.2s)
  ✘  570 [webkit] › tests\e2e\journeys\01-discovery-search.spec.ts:176:9 › Discovery & Search Journeys › J003: Listing detail with image gallery › @anon - 404 for non-existent listing (11.1s)
[dotenv@17.2.3] injecting env (0) from .env.local -- tip: ⚙️  enable debug logging with { debug: true }
[dotenv@17.2.3] injecting env (0) from .env -- tip: 🛠️  run anywhere with `dotenvx run -- yourcommand`
[dotenv@17.2.3] injecting env (0) from .env.local -- tip: 🔐 prevent building .env in docker: https://dotenvx.com/prebuild
[dotenv@17.2.3] injecting env (0) from .env -- tip: 🔐 prevent building .env in docker: https://dotenvx.com/prebuild
  ✘  577 [webkit] › tests\e2e\journeys\02-auth.spec.ts:16:9 › Authentication Journeys › J007: User signup with email › @auth @a11y - Complete signup flow (10.7s)
[dotenv@17.2.3] injecting env (0) from .env.local -- tip: ✅ audit secrets and track compliance: https://dotenvx.com/ops
[dotenv@17.2.3] injecting env (0) from .env -- tip: ⚙️  load multiple .env files with { path: ['.env.local', '.env'] }
  ✘  573 [webkit] › tests\e2e\journeys\01-discovery-search.spec.ts:187:9 › Discovery & Search Journeys › J004: Map view with pan and zoom › @anon @slow - Map interaction (16.1s)
[dotenv@17.2.3] injecting env (0) from .env.local -- tip: ⚙️  suppress all logs with { quiet: true }
[dotenv@17.2.3] injecting env (0) from .env -- tip: 📡 add observability to secrets: https://dotenvx.com/ops
  ✘  579 [webkit] › tests\e2e\journeys\01-discovery-search.spec.ts:176:9 › Discovery & Search Journeys › J003: Listing detail with image gallery › @anon - 404 for non-existent listing (retry #1) (11.2s)
  ✘  578 [webkit] › tests\e2e\journeys\01-discovery-search.spec.ts:16:9 › Discovery & Search Journeys › J001: Anonymous user browses home page › @anon @mobile @a11y - Home page discovery flow (retry #1) (12.4s)
[dotenv@17.2.3] injecting env (0) from .env.local -- tip: 🗂️ backup and recover secrets: https://dotenvx.com/ops
[dotenv@17.2.3] injecting env (0) from .env -- tip: 🔐 prevent building .env in docker: https://dotenvx.com/prebuild
[dotenv@17.2.3] injecting env (0) from .env.local -- tip: ✅ audit secrets and track compliance: https://dotenvx.com/ops
[dotenv@17.2.3] injecting env (0) from .env -- tip: ⚙️  suppress all logs with { quiet: true }
  ✘  580 [webkit] › tests\e2e\journeys\02-auth.spec.ts:16:9 › Authentication Journeys › J007: User signup with email › @auth @a11y - Complete signup flow (retry #1) (11.1s)
  ✘  583 [webkit] › tests\e2e\journeys\02-auth.spec.ts:103:9 › Authentication Journeys › J007: User signup with email › @auth - Weak password validation (6.8s)
[dotenv@17.2.3] injecting env (0) from .env.local -- tip: ✅ audit secrets and track compliance: https://dotenvx.com/ops
[dotenv@17.2.3] injecting env (0) from .env -- tip: ⚙️  enable debug logging with { debug: true }
[dotenv@17.2.3] injecting env (0) from .env.local -- tip: 🗂️ backup and recover secrets: https://dotenvx.com/ops
[dotenv@17.2.3] injecting env (0) from .env -- tip: ⚙️  load multiple .env files with { path: ['.env.local', '.env'] }
  ✘  582 [webkit] › tests\e2e\journeys\02-auth.spec.ts:70:9 › Authentication Journeys › J007: User signup with email › @auth - Signup with existing email shows error (11.4s)
[dotenv@17.2.3] injecting env (0) from .env.local -- tip: 🛠️  run anywhere with `dotenvx run -- yourcommand`
[dotenv@17.2.3] injecting env (0) from .env -- tip: 🛠️  run anywhere with `dotenvx run -- yourcommand`
  ✘  581 [webkit] › tests\e2e\journeys\01-discovery-search.spec.ts:187:9 › Discovery & Search Journeys › J004: Map view with pan and zoom › @anon @slow - Map interaction (retry #1) (16.7s)
[dotenv@17.2.3] injecting env (0) from .env.local -- tip: 🔐 prevent building .env in docker: https://dotenvx.com/prebuild
[dotenv@17.2.3] injecting env (0) from .env -- tip: 🔐 prevent committing .env to code: https://dotenvx.com/precommit
  ✘  585 [webkit] › tests\e2e\journeys\02-auth.spec.ts:103:9 › Authentication Journeys › J007: User signup with email › @auth - Weak password validation (retry #1) (7.2s)
  ✘  587 [webkit] › tests\e2e\journeys\02-auth.spec.ts:157:9 › Authentication Journeys › J008: User login › @auth - Invalid credentials show error (917ms)
[dotenv@17.2.3] injecting env (0) from .env.local -- tip: 🔑 add access controls to secrets: https://dotenvx.com/ops
[dotenv@17.2.3] injecting env (0) from .env -- tip: 🔄 add secrets lifecycle management: https://dotenvx.com/ops
[dotenv@17.2.3] injecting env (0) from .env.local -- tip: 🔐 prevent committing .env to code: https://dotenvx.com/precommit
[dotenv@17.2.3] injecting env (0) from .env -- tip: ⚙️  enable debug logging with { debug: true }
  ✘  588 [webkit] › tests\e2e\journeys\02-auth.spec.ts:176:9 › Authentication Journeys › J009: User logout › @auth - Logout clears session (1.0s)
  ✘  584 [webkit] › tests\e2e\journeys\02-auth.spec.ts:130:9 › Authentication Journeys › J008: User login › @auth - Successful login flow (10.9s)
  ✘  589 [webkit] › tests\e2e\journeys\02-auth.spec.ts:157:9 › Authentication Journeys › J008: User login › @auth - Invalid credentials show error (retry #1) (1.2s)
[dotenv@17.2.3] injecting env (0) from .env.local -- tip: ⚙️  write to custom object with { processEnv: myObject }
[dotenv@17.2.3] injecting env (0) from .env -- tip: 🔐 encrypt with Dotenvx: https://dotenvx.com
[dotenv@17.2.3] injecting env (0) from .env.local -- tip: 🛠️  run anywhere with `dotenvx run -- yourcommand`
[dotenv@17.2.3] injecting env (0) from .env -- tip: ⚙️  enable debug logging with { debug: true }
[dotenv@17.2.3] injecting env (0) from .env.local -- tip: ⚙️  override existing env vars with { override: true }
[dotenv@17.2.3] injecting env (0) from .env -- tip: ⚙️  enable debug logging with { debug: true }
  ✘  590 [webkit] › tests\e2e\journeys\02-auth.spec.ts:176:9 › Authentication Journeys › J009: User logout › @auth - Logout clears session (retry #1) (1.6s)
  ✓  592 [webkit] › tests\e2e\journeys\02-auth.spec.ts:196:9 › Authentication Journeys › J010: Password reset › @auth @flaky - Request password reset (1.5s)
[dotenv@17.2.3] injecting env (0) from .env.local -- tip: 🔐 encrypt with Dotenvx: https://dotenvx.com
[dotenv@17.2.3] injecting env (0) from .env -- tip: 🔐 encrypt with Dotenvx: https://dotenvx.com
  ✘  586 [webkit] › tests\e2e\journeys\02-auth.spec.ts:70:9 › Authentication Journeys › J007: User signup with email › @auth - Signup with existing email shows error (retry #1) (12.0s)
[dotenv@17.2.3] injecting env (0) from .env.local -- tip: ⚙️  enable debug logging with { debug: true }
[dotenv@17.2.3] injecting env (0) from .env -- tip: ✅ audit secrets and track compliance: https://dotenvx.com/ops
  ✘  595 [webkit] › tests\e2e\journeys\02-auth.spec.ts:262:9 › Authentication Journeys › J013-J014: Session management › @auth - Session persists across tabs (840ms)
[dotenv@17.2.3] injecting env (0) from .env.local -- tip: ⚙️  override existing env vars with { override: true }
[dotenv@17.2.3] injecting env (0) from .env -- tip: ⚙️  load multiple .env files with { path: ['.env.local', '.env'] }
  ✘  596 [webkit] › tests\e2e\journeys\02-auth.spec.ts:262:9 › Authentication Journeys › J013-J014: Session management › @auth - Session persists across tabs (retry #1) (1.1s)
[dotenv@17.2.3] injecting env (0) from .env.local -- tip: ⚙️  override existing env vars with { override: true }
[dotenv@17.2.3] injecting env (0) from .env -- tip: 🔐 prevent building .env in docker: https://dotenvx.com/prebuild
  ✘  591 [webkit] › tests\e2e\journeys\02-auth.spec.ts:130:9 › Authentication Journeys › J008: User login › @auth - Successful login flow (retry #1) (11.3s)
  ✘  597 [webkit] › tests\e2e\journeys\02-auth.spec.ts:282:9 › Authentication Journeys › J015-J016: Rate limiting on auth › @auth @flaky - Rate limit on failed logins (1.2s)
  ✘  593 [webkit] › tests\e2e\journeys\02-auth.spec.ts:243:9 › Authentication Journeys › J011-J012: Protected route access › @auth - Callback URL preserved after login (10.9s)
[dotenv@17.2.3] injecting env (0) from .env.local -- tip: ⚙️  enable debug logging with { debug: true }
[dotenv@17.2.3] injecting env (0) from .env -- tip: 🗂️ backup and recover secrets: https://dotenvx.com/ops
[dotenv@17.2.3] injecting env (0) from .env.local -- tip: ⚙️  write to custom object with { processEnv: myObject }
[dotenv@17.2.3] injecting env (0) from .env -- tip: 📡 add observability to secrets: https://dotenvx.com/ops
  ✘  594 [webkit] › tests\e2e\journeys\02-auth.spec.ts:226:9 › Authentication Journeys › J011-J012: Protected route access › @auth - Unauthenticated user redirected from protected routes (11.0s)
[dotenv@17.2.3] injecting env (0) from .env.local -- tip: 🔄 add secrets lifecycle management: https://dotenvx.com/ops
[dotenv@17.2.3] injecting env (0) from .env -- tip: 🔑 add access controls to secrets: https://dotenvx.com/ops
  ✘  599 [webkit] › tests\e2e\journeys\02-auth.spec.ts:282:9 › Authentication Journeys › J015-J016: Rate limiting on auth › @auth @flaky - Rate limit on failed logins (retry #1) (2.9s)
[dotenv@17.2.3] injecting env (0) from .env.local -- tip: ⚙️  write to custom object with { processEnv: myObject }
[dotenv@17.2.3] injecting env (0) from .env -- tip: ⚙️  specify custom .env file path with { path: '/custom/path/.env' }
[dotenv@17.2.3] injecting env (0) from .env.local -- tip: ⚙️  write to custom object with { processEnv: myObject }
[dotenv@17.2.3] injecting env (0) from .env -- tip: 🔐 prevent committing .env to code: https://dotenvx.com/precommit
  ✘  598 [webkit] › tests\e2e\journeys\03-listing-management.spec.ts:16:9 › Listing Management Journeys › J017: Create new listing › @auth @mobile - Complete listing creation flow (12.2s)
  ✘  600 [webkit] › tests\e2e\journeys\02-auth.spec.ts:243:9 › Authentication Journeys › J011-J012: Protected route access › @auth - Callback URL preserved after login (retry #1) (12.6s)
[dotenv@17.2.3] injecting env (0) from .env.local -- tip: 🗂️ backup and recover secrets: https://dotenvx.com/ops
[dotenv@17.2.3] injecting env (0) from .env -- tip: 🔐 encrypt with Dotenvx: https://dotenvx.com
  ✘  601 [webkit] › tests\e2e\journeys\02-auth.spec.ts:226:9 › Authentication Journeys › J011-J012: Protected route access › @auth - Unauthenticated user redirected from protected routes (retry #1) (12.4s)
[dotenv@17.2.3] injecting env (0) from .env.local -- tip: 🛠️  run anywhere with `dotenvx run -- yourcommand`
[dotenv@17.2.3] injecting env (0) from .env -- tip: 🛠️  run anywhere with `dotenvx run -- yourcommand`
[dotenv@17.2.3] injecting env (0) from .env.local -- tip: ⚙️  specify custom .env file path with { path: '/custom/path/.env' }
[dotenv@17.2.3] injecting env (0) from .env -- tip: ⚙️  suppress all logs with { quiet: true }
  ✘  602 [webkit] › tests\e2e\journeys\03-listing-management.spec.ts:82:9 › Listing Management Journeys › J017: Create new listing › @auth - Validation errors for missing required fields (16.9s)
  ✓  605 [webkit] › tests\e2e\journeys\03-listing-management.spec.ts:142:9 › Listing Management Journeys › J019: Delete listing › @auth - Delete listing with confirmation (5.7s)
[dotenv@17.2.3] injecting env (0) from .env.local -- tip: 🔐 prevent committing .env to code: https://dotenvx.com/precommit
[dotenv@17.2.3] injecting env (0) from .env -- tip: 🗂️ backup and recover secrets: https://dotenvx.com/ops
  ✘  603 [webkit] › tests\e2e\journeys\03-listing-management.spec.ts:16:9 › Listing Management Journeys › J017: Create new listing › @auth @mobile - Complete listing creation flow (retry #1) (14.3s)
  ✓  606 [webkit] › tests\e2e\journeys\03-listing-management.spec.ts:169:9 › Listing Management Journeys › J019: Delete listing › @auth - Cancel delete confirmation (5.1s)
  ✓  608 [webkit] › tests\e2e\journeys\03-listing-management.spec.ts:222:9 › Listing Management Journeys › J021-J022: Image upload › @auth @slow - Upload images to listing (1.6s)
[dotenv@17.2.3] injecting env (0) from .env.local -- tip: ⚙️  specify custom .env file path with { path: '/custom/path/.env' }
[dotenv@17.2.3] injecting env (0) from .env -- tip: 🗂️ backup and recover secrets: https://dotenvx.com/ops
  ✘  604 [webkit] › tests\e2e\journeys\03-listing-management.spec.ts:102:9 › Listing Management Journeys › J018: Edit existing listing › @auth - Edit listing details (16.5s)
  ✓  610 [webkit] › tests\e2e\journeys\03-listing-management.spec.ts:193:9 › Listing Management Journeys › J020: Pause and reactivate listing › @auth - Toggle listing status (5.1s)
  ✘  609 [webkit] › tests\e2e\journeys\03-listing-management.spec.ts:245:9 › Listing Management Journeys › J023-J024: Listing from profile access › @auth - Access listing management from profile (5.3s)
[dotenv@17.2.3] injecting env (0) from .env.local -- tip: ⚙️  suppress all logs with { quiet: true }
[dotenv@17.2.3] injecting env (0) from .env -- tip: 🗂️ backup and recover secrets: https://dotenvx.com/ops
[dotenv@17.2.3] injecting env (0) from .env.local -- tip: 📡 add observability to secrets: https://dotenvx.com/ops
[dotenv@17.2.3] injecting env (0) from .env -- tip: 🛠️  run anywhere with `dotenvx run -- yourcommand`
  ✘  607 [webkit] › tests\e2e\journeys\03-listing-management.spec.ts:82:9 › Listing Management Journeys › J017: Create new listing › @auth - Validation errors for missing required fields (retry #1) (17.6s)
  ✘  613 [webkit] › tests\e2e\journeys\03-listing-management.spec.ts:245:9 › Listing Management Journeys › J023-J024: Listing from profile access › @auth - Access listing management from profile (retry #1) (5.0s)
[dotenv@17.2.3] injecting env (0) from .env.local -- tip: ⚙️  specify custom .env file path with { path: '/custom/path/.env' }
[dotenv@17.2.3] injecting env (0) from .env -- tip: 🔐 encrypt with Dotenvx: https://dotenvx.com
[dotenv@17.2.3] injecting env (0) from .env.local -- tip: 🔐 encrypt with Dotenvx: https://dotenvx.com
[dotenv@17.2.3] injecting env (0) from .env -- tip: 🔄 add secrets lifecycle management: https://dotenvx.com/ops
  ✓  614 [webkit] › tests\e2e\journeys\03-listing-management.spec.ts:288:9 › Listing Management Journeys › J025-J026: Listing creation edge cases › @auth - Draft persistence (2.5s)
  ✓  616 [webkit] › tests\e2e\journeys\04-favorites-saved-searches.spec.ts:46:9 › Favorites & Saved Searches Journeys › J027: Save and unsave listing › @auth - View saved listings page (1.1s)
  ✓  615 [webkit] › tests\e2e\journeys\04-favorites-saved-searches.spec.ts:15:9 › Favorites & Saved Searches Journeys › J027: Save and unsave listing › @auth @mobile - Toggle favorite on listing (3.1s)
  ✓  617 [webkit] › tests\e2e\journeys\04-favorites-saved-searches.spec.ts:66:9 › Favorites & Saved Searches Journeys › J028: Manage saved listings › @auth - Remove from saved page (1.3s)
  ✘  618 [webkit] › tests\e2e\journeys\04-favorites-saved-searches.spec.ts:93:9 › Favorites & Saved Searches Journeys › J029-J030: Create saved search › @auth - Save search with filters (1.7s)
  ✓  619 [webkit] › tests\e2e\journeys\04-favorites-saved-searches.spec.ts:129:9 › Favorites & Saved Searches Journeys › J029-J030: Create saved search › @auth - View saved searches (1.1s)
  ✓  620 [webkit] › tests\e2e\journeys\04-favorites-saved-searches.spec.ts:145:9 › Favorites & Saved Searches Journeys › J031-J032: Manage saved searches › @auth - Delete saved search (1.1s)
[dotenv@17.2.3] injecting env (0) from .env.local -- tip: 🔐 prevent building .env in docker: https://dotenvx.com/prebuild
[dotenv@17.2.3] injecting env (0) from .env -- tip: ⚙️  enable debug logging with { debug: true }
  ✘  611 [webkit] › tests\e2e\journeys\03-listing-management.spec.ts:264:9 › Listing Management Journeys › J025-J026: Listing creation edge cases › @auth - Address geocoding validation (16.4s)
  ✘  612 [webkit] › tests\e2e\journeys\03-listing-management.spec.ts:102:9 › Listing Management Journeys › J018: Edit existing listing › @auth - Edit listing details (retry #1) (15.9s)
  ✓  621 [webkit] › tests\e2e\journeys\04-favorites-saved-searches.spec.ts:170:9 › Favorites & Saved Searches Journeys › J031-J032: Manage saved searches › @auth - Run saved search (1.5s)
  ✘  622 [webkit] › tests\e2e\journeys\04-favorites-saved-searches.spec.ts:93:9 › Favorites & Saved Searches Journeys › J029-J030: Create saved search › @auth - Save search with filters (retry #1) (2.6s)
[dotenv@17.2.3] injecting env (0) from .env.local -- tip: 👥 sync secrets across teammates & machines: https://dotenvx.com/ops
[dotenv@17.2.3] injecting env (0) from .env -- tip: 🔐 prevent building .env in docker: https://dotenvx.com/prebuild
[dotenv@17.2.3] injecting env (0) from .env.local -- tip: 👥 sync secrets across teammates & machines: https://dotenvx.com/ops
[dotenv@17.2.3] injecting env (0) from .env -- tip: 👥 sync secrets across teammates & machines: https://dotenvx.com/ops
  ✘  623 [webkit] › tests\e2e\journeys\04-favorites-saved-searches.spec.ts:209:9 › Favorites & Saved Searches Journeys › J035-J036: Recently viewed › @auth - View recently viewed listings (1.8s)
[dotenv@17.2.3] injecting env (0) from .env.local -- tip: ⚙️  specify custom .env file path with { path: '/custom/path/.env' }
[dotenv@17.2.3] injecting env (0) from .env -- tip: ⚙️  suppress all logs with { quiet: true }
  ✓  625 [webkit] › tests\e2e\journeys\04-favorites-saved-searches.spec.ts:192:9 › Favorites & Saved Searches Journeys › J033-J034: Alert configuration › @auth - Toggle search alerts (1.6s)
[dotenv@17.2.3] injecting env (0) from .env.local -- tip: ✅ audit secrets and track compliance: https://dotenvx.com/ops
[dotenv@17.2.3] injecting env (0) from .env -- tip: 🔐 prevent building .env in docker: https://dotenvx.com/prebuild
  ✘  626 [webkit] › tests\e2e\journeys\05-booking.spec.ts:15:9 › Booking Journeys › J037: Submit booking request › @auth - Request to book a listing (2.5s)
  ✘  628 [webkit] › tests\e2e\journeys\04-favorites-saved-searches.spec.ts:209:9 › Favorites & Saved Searches Journeys › J035-J036: Recently viewed › @auth - View recently viewed listings (retry #1) (2.6s)
  ✓  627 [webkit] › tests\e2e\journeys\05-booking.spec.ts:55:9 › Booking Journeys › J037: Submit booking request › @auth - Cannot book own listing (3.7s)
[dotenv@17.2.3] injecting env (0) from .env.local -- tip: 📡 add observability to secrets: https://dotenvx.com/ops
[dotenv@17.2.3] injecting env (0) from .env -- tip: 🔐 prevent committing .env to code: https://dotenvx.com/precommit
  ✓  629 [webkit] › tests\e2e\journeys\05-booking.spec.ts:100:9 › Booking Journeys › J039-J040: Accept/Reject booking › @auth - Accept a booking request (1.1s)
[dotenv@17.2.3] injecting env (0) from .env.local -- tip: 🔄 add secrets lifecycle management: https://dotenvx.com/ops
[dotenv@17.2.3] injecting env (0) from .env -- tip: 🔑 add access controls to secrets: https://dotenvx.com/ops
  ✓  631 [webkit] › tests\e2e\journeys\05-booking.spec.ts:123:9 › Booking Journeys › J039-J040: Accept/Reject booking › @auth - Reject a booking request (1.6s)
  ✓  632 [webkit] › tests\e2e\journeys\05-booking.spec.ts:79:9 › Booking Journeys › J038: View booking requests › @auth - View pending bookings (1.5s)
  ✘  630 [webkit] › tests\e2e\journeys\05-booking.spec.ts:15:9 › Booking Journeys › J037: Submit booking request › @auth - Request to book a listing (retry #1) (2.3s)
  ✓  633 [webkit] › tests\e2e\journeys\05-booking.spec.ts:151:9 › Booking Journeys › J041-J042: Cancel booking › @auth - Cancel own booking request (1.3s)
  ✘  634 [webkit] › tests\e2e\journeys\05-booking.spec.ts:177:9 › Booking Journeys › J043-J044: Booking calendar › @auth - View booking calendar on listing (1.8s)
[dotenv@17.2.3] injecting env (0) from .env.local -- tip: 🗂️ backup and recover secrets: https://dotenvx.com/ops
[dotenv@17.2.3] injecting env (0) from .env -- tip: 🔐 prevent building .env in docker: https://dotenvx.com/prebuild
  ✘  635 [webkit] › tests\e2e\journeys\05-booking.spec.ts:222:9 › Booking Journeys › J045-J046: Booking notifications › @auth - View booking in notifications (1.3s)
[dotenv@17.2.3] injecting env (0) from .env.local -- tip: 🛠️  run anywhere with `dotenvx run -- yourcommand`
[dotenv@17.2.3] injecting env (0) from .env -- tip: ⚙️  specify custom .env file path with { path: '/custom/path/.env' }
  ✘  636 [webkit] › tests\e2e\journeys\05-booking.spec.ts:197:9 › Booking Journeys › J043-J044: Booking calendar › @auth - Date picker validation (1.4s)
[dotenv@17.2.3] injecting env (0) from .env.local -- tip: ✅ audit secrets and track compliance: https://dotenvx.com/ops
[dotenv@17.2.3] injecting env (0) from .env -- tip: 📡 add observability to secrets: https://dotenvx.com/ops
[dotenv@17.2.3] injecting env (0) from .env.local -- tip: ⚙️  override existing env vars with { override: true }
[dotenv@17.2.3] injecting env (0) from .env -- tip: ⚙️  suppress all logs with { quiet: true }
  ✘  637 [webkit] › tests\e2e\journeys\05-booking.spec.ts:177:9 › Booking Journeys › J043-J044: Booking calendar › @auth - View booking calendar on listing (retry #1) (2.1s)
  ✘  638 [webkit] › tests\e2e\journeys\05-booking.spec.ts:222:9 › Booking Journeys › J045-J046: Booking notifications › @auth - View booking in notifications (retry #1) (1.6s)
[dotenv@17.2.3] injecting env (0) from .env.local -- tip: 📡 add observability to secrets: https://dotenvx.com/ops
[dotenv@17.2.3] injecting env (0) from .env -- tip: 👥 sync secrets across teammates & machines: https://dotenvx.com/ops
[dotenv@17.2.3] injecting env (0) from .env.local -- tip: ⚙️  write to custom object with { processEnv: myObject }
[dotenv@17.2.3] injecting env (0) from .env -- tip: 🔑 add access controls to secrets: https://dotenvx.com/ops
  ✘  639 [webkit] › tests\e2e\journeys\05-booking.spec.ts:197:9 › Booking Journeys › J043-J044: Booking calendar › @auth - Date picker validation (retry #1) (2.0s)
  ✓  640 [webkit] › tests\e2e\journeys\05-booking.spec.ts:235:9 › Booking Journeys › J045-J046: Booking notifications › @auth - Booking status in email (mock check) (1.5s)
  ✘  624 [webkit] › tests\e2e\journeys\03-listing-management.spec.ts:264:9 › Listing Management Journeys › J025-J026: Listing creation edge cases › @auth - Address geocoding validation (retry #1) (17.6s)
[dotenv@17.2.3] injecting env (0) from .env.local -- tip: ✅ audit secrets and track compliance: https://dotenvx.com/ops
[dotenv@17.2.3] injecting env (0) from .env -- tip: ⚙️  specify custom .env file path with { path: '/custom/path/.env' }
  ✘  641 [webkit] › tests\e2e\journeys\06-messaging.spec.ts:15:9 › Messaging Journeys › J047: Start new conversation › @auth - Contact host from listing (1.9s)
  ✓  642 [webkit] › tests\e2e\journeys\06-messaging.spec.ts:66:9 › Messaging Journeys › J048: View conversations › @auth - Click conversation to view messages (1.3s)
  ✘  643 [webkit] › tests\e2e\journeys\06-messaging.spec.ts:49:9 › Messaging Journeys › J048: View conversations › @auth - View messages inbox (1.3s)
[dotenv@17.2.3] injecting env (0) from .env.local -- tip: 🔐 encrypt with Dotenvx: https://dotenvx.com
[dotenv@17.2.3] injecting env (0) from .env -- tip: ⚙️  write to custom object with { processEnv: myObject }
[dotenv@17.2.3] injecting env (0) from .env.local -- tip: ⚙️  write to custom object with { processEnv: myObject }
[dotenv@17.2.3] injecting env (0) from .env -- tip: 📡 add observability to secrets: https://dotenvx.com/ops
  ✓  644 [webkit] › tests\e2e\journeys\06-messaging.spec.ts:120:9 › Messaging Journeys › J050: Real-time message updates › @auth @slow - Message polling check (1.1s)
[dotenv@17.2.3] injecting env (0) from .env.local -- tip: 🔑 add access controls to secrets: https://dotenvx.com/ops
[dotenv@17.2.3] injecting env (0) from .env -- tip: ⚙️  specify custom .env file path with { path: '/custom/path/.env' }
  ✓  645 [webkit] › tests\e2e\journeys\06-messaging.spec.ts:88:9 › Messaging Journeys › J049: Send message in conversation › @auth - Send and receive message (1.6s)
  ✘  647 [webkit] › tests\e2e\journeys\06-messaging.spec.ts:142:9 › Messaging Journeys › J051-J052: Unread message indicators › @auth - Unread badge in navigation (1.5s)
  ✘  646 [webkit] › tests\e2e\journeys\06-messaging.spec.ts:15:9 › Messaging Journeys › J047: Start new conversation › @auth - Contact host from listing (retry #1) (2.3s)
  ✓  649 [webkit] › tests\e2e\journeys\06-messaging.spec.ts:158:9 › Messaging Journeys › J051-J052: Unread message indicators › @auth - Mark conversation as read (1.3s)
  ✘  648 [webkit] › tests\e2e\journeys\06-messaging.spec.ts:49:9 › Messaging Journeys › J048: View conversations › @auth - View messages inbox (retry #1) (1.9s)
[dotenv@17.2.3] injecting env (0) from .env.local -- tip: 🔐 prevent building .env in docker: https://dotenvx.com/prebuild
[dotenv@17.2.3] injecting env (0) from .env -- tip: 🔐 encrypt with Dotenvx: https://dotenvx.com
  ✓  650 [webkit] › tests\e2e\journeys\06-messaging.spec.ts:218:9 › Messaging Journeys › J055-J056: Message edge cases › @auth - Empty message not sent (1.1s)
[dotenv@17.2.3] injecting env (0) from .env.local -- tip: ⚙️  suppress all logs with { quiet: true }
[dotenv@17.2.3] injecting env (0) from .env -- tip: ⚙️  override existing env vars with { override: true }
[dotenv@17.2.3] injecting env (0) from .env.local -- tip: 🗂️ backup and recover secrets: https://dotenvx.com/ops
[dotenv@17.2.3] injecting env (0) from .env -- tip: 🔐 encrypt with Dotenvx: https://dotenvx.com
  ✓  653 [webkit] › tests\e2e\journeys\06-messaging.spec.ts:179:9 › Messaging Journeys › J053-J054: Block user in messaging › @auth - Block user from conversation (2.0s)
  ✘  652 [webkit] › tests\e2e\journeys\07-reviews.spec.ts:15:9 › Reviews Journeys › J057: View listing reviews › undefined - Display reviews on listing page (2.6s)
  ✓  654 [webkit] › tests\e2e\journeys\06-messaging.spec.ts:239:9 › Messaging Journeys › J055-J056: Message edge cases › @auth @offline - Message queue on network error (1.3s)
  ✘  651 [webkit] › tests\e2e\journeys\06-messaging.spec.ts:142:9 › Messaging Journeys › J051-J052: Unread message indicators › @auth - Unread badge in navigation (retry #1) (2.8s)
  ✓  656 [webkit] › tests\e2e\journeys\07-reviews.spec.ts:66:9 › Reviews Journeys › J058: Write a review › @auth - Submit review for completed booking (1.3s)
  ✘  655 [webkit] › tests\e2e\journeys\07-reviews.spec.ts:41:9 › Reviews Journeys › J057: View listing reviews › undefined - Review pagination (1.7s)
[dotenv@17.2.3] injecting env (0) from .env.local -- tip: ⚙️  load multiple .env files with { path: ['.env.local', '.env'] }
[dotenv@17.2.3] injecting env (0) from .env -- tip: ⚙️  write to custom object with { processEnv: myObject }
[dotenv@17.2.3] injecting env (0) from .env.local -- tip: ✅ audit secrets and track compliance: https://dotenvx.com/ops
[dotenv@17.2.3] injecting env (0) from .env -- tip: ⚙️  specify custom .env file path with { path: '/custom/path/.env' }
[dotenv@17.2.3] injecting env (0) from .env.local -- tip: 🔐 encrypt with Dotenvx: https://dotenvx.com
[dotenv@17.2.3] injecting env (0) from .env -- tip: 🔐 prevent building .env in docker: https://dotenvx.com/prebuild
  ✓  659 [webkit] › tests\e2e\journeys\07-reviews.spec.ts:107:9 › Reviews Journeys › J058: Write a review › @auth - Star rating interaction (1.6s)
  ✘  658 [webkit] › tests\e2e\journeys\07-reviews.spec.ts:15:9 › Reviews Journeys › J057: View listing reviews › undefined - Display reviews on listing page (retry #1) (2.5s)
[dotenv@17.2.3] injecting env (0) from .env.local -- tip: ⚙️  write to custom object with { processEnv: myObject }
[dotenv@17.2.3] injecting env (0) from .env -- tip: ⚙️  write to custom object with { processEnv: myObject }
  ✘  660 [webkit] › tests\e2e\journeys\07-reviews.spec.ts:41:9 › Reviews Journeys › J057: View listing reviews › undefined - Review pagination (retry #1) (2.7s)
  ✓  661 [webkit] › tests\e2e\journeys\07-reviews.spec.ts:165:9 › Reviews Journeys › J060: Delete review › @auth - Delete own review (3.5s)
[dotenv@17.2.3] injecting env (0) from .env.local -- tip: 🔐 prevent building .env in docker: https://dotenvx.com/prebuild
[dotenv@17.2.3] injecting env (0) from .env -- tip: ⚙️  override existing env vars with { override: true }
  ✘  663 [webkit] › tests\e2e\journeys\07-reviews.spec.ts:234:9 › Reviews Journeys › J063-J064: Review filtering and sorting › undefined - Filter reviews by rating (1.5s)
  ✘  664 [webkit] › tests\e2e\journeys\07-reviews.spec.ts:218:9 › Reviews Journeys › J061-J062: Review responses › undefined - View host response on review (1.6s)
  ✓  662 [webkit] › tests\e2e\journeys\07-reviews.spec.ts:195:9 › Reviews Journeys › J061-J062: Review responses › @auth - Host responds to review (3.4s)
[dotenv@17.2.3] injecting env (0) from .env.local -- tip: 🛠️  run anywhere with `dotenvx run -- yourcommand`
[dotenv@17.2.3] injecting env (0) from .env -- tip: 🔄 add secrets lifecycle management: https://dotenvx.com/ops
[dotenv@17.2.3] injecting env (0) from .env.local -- tip: ⚙️  suppress all logs with { quiet: true }
[dotenv@17.2.3] injecting env (0) from .env -- tip: ✅ audit secrets and track compliance: https://dotenvx.com/ops
  ✘  665 [webkit] › tests\e2e\journeys\07-reviews.spec.ts:250:9 › Reviews Journeys › J063-J064: Review filtering and sorting › undefined - Sort reviews by date (1.7s)
  ✘  666 [webkit] › tests\e2e\journeys\07-reviews.spec.ts:234:9 › Reviews Journeys › J063-J064: Review filtering and sorting › undefined - Filter reviews by rating (retry #1) (1.9s)
[dotenv@17.2.3] injecting env (0) from .env.local -- tip: ⚙️  write to custom object with { processEnv: myObject }
[dotenv@17.2.3] injecting env (0) from .env -- tip: ✅ audit secrets and track compliance: https://dotenvx.com/ops
  ✘  667 [webkit] › tests\e2e\journeys\07-reviews.spec.ts:218:9 › Reviews Journeys › J061-J062: Review responses › undefined - View host response on review (retry #1) (2.0s)
[dotenv@17.2.3] injecting env (0) from .env.local -- tip: ⚙️  write to custom object with { processEnv: myObject }
[dotenv@17.2.3] injecting env (0) from .env -- tip: 🔐 prevent committing .env to code: https://dotenvx.com/precommit
[dotenv@17.2.3] injecting env (0) from .env.local -- tip: ⚙️  load multiple .env files with { path: ['.env.local', '.env'] }
[dotenv@17.2.3] injecting env (0) from .env -- tip: ⚙️  suppress all logs with { quiet: true }
  ✓  669 [webkit] › tests\e2e\journeys\07-reviews.spec.ts:265:9 › Reviews Journeys › J065-J066: Review validation and edge cases › @auth - Review character limit (1.1s)
  ✘  668 [webkit] › tests\e2e\journeys\07-reviews.spec.ts:250:9 › Reviews Journeys › J063-J064: Review filtering and sorting › undefined - Sort reviews by date (retry #1) (2.0s)
[dotenv@17.2.3] injecting env (0) from .env.local -- tip: 📡 add observability to secrets: https://dotenvx.com/ops
[dotenv@17.2.3] injecting env (0) from .env -- tip: 🔄 add secrets lifecycle management: https://dotenvx.com/ops
  ✘  670 [webkit] › tests\e2e\journeys\07-reviews.spec.ts:289:9 › Reviews Journeys › J065-J066: Review validation and edge cases › @auth - Cannot review without completed booking (1.9s)
  ✘  672 [webkit] › tests\e2e\journeys\08-profile-settings.spec.ts:39:9 › Profile & Settings Journeys › J067: View user profile › undefined - View other user's public profile (1.2s)
  ✓  671 [webkit] › tests\e2e\journeys\08-profile-settings.spec.ts:15:9 › Profile & Settings Journeys › J067: View user profile › @auth - View own profile (3.2s)
[dotenv@17.2.3] injecting env (0) from .env.local -- tip: ⚙️  suppress all logs with { quiet: true }
[dotenv@17.2.3] injecting env (0) from .env -- tip: ✅ audit secrets and track compliance: https://dotenvx.com/ops
[dotenv@17.2.3] injecting env (0) from .env.local -- tip: ⚙️  override existing env vars with { override: true }
[dotenv@17.2.3] injecting env (0) from .env -- tip: ⚙️  enable debug logging with { debug: true }
  ✘  674 [webkit] › tests\e2e\journeys\07-reviews.spec.ts:289:9 › Reviews Journeys › J065-J066: Review validation and edge cases › @auth - Cannot review without completed booking (retry #1) (2.0s)
  ✘  657 [webkit] › tests\e2e\journeys\07-reviews.spec.ts:131:9 › Reviews Journeys › J059: Edit review › @auth - Edit own review (19.6s)
  ✘  675 [webkit] › tests\e2e\journeys\08-profile-settings.spec.ts:39:9 › Profile & Settings Journeys › J067: View user profile › undefined - View other user's public profile (retry #1) (1.5s)
[dotenv@17.2.3] injecting env (0) from .env.local -- tip: 🔑 add access controls to secrets: https://dotenvx.com/ops
[dotenv@17.2.3] injecting env (0) from .env -- tip: ⚙️  enable debug logging with { debug: true }
[dotenv@17.2.3] injecting env (0) from .env.local -- tip: 📡 add observability to secrets: https://dotenvx.com/ops
[dotenv@17.2.3] injecting env (0) from .env -- tip: ⚙️  override existing env vars with { override: true }
[dotenv@17.2.3] injecting env (0) from .env.local -- tip: ⚙️  specify custom .env file path with { path: '/custom/path/.env' }
[dotenv@17.2.3] injecting env (0) from .env -- tip: ⚙️  suppress all logs with { quiet: true }
  ✓  678 [webkit] › tests\e2e\journeys\08-profile-settings.spec.ts:114:9 › Profile & Settings Journeys › J069: Notification settings › @auth - Toggle email notifications (1.8s)
  ✓  679 [webkit] › tests\e2e\journeys\08-profile-settings.spec.ts:143:9 › Profile & Settings Journeys › J069: Notification settings › @auth - Configure notification preferences (1.2s)
  ✓  677 [webkit] › tests\e2e\journeys\08-profile-settings.spec.ts:93:9 › Profile & Settings Journeys › J068: Edit profile information › @auth - Upload profile picture (3.7s)
  ✓  680 [webkit] › tests\e2e\journeys\08-profile-settings.spec.ts:167:9 › Profile & Settings Journeys › J070: Privacy settings › @auth - Toggle profile visibility (1.2s)
  ✘  681 [webkit] › tests\e2e\journeys\08-profile-settings.spec.ts:187:9 › Profile & Settings Journeys › J071: Change password › @auth - Change password flow (1.1s)
  ✓  682 [webkit] › tests\e2e\journeys\08-profile-settings.spec.ts:222:9 › Profile & Settings Journeys › J071: Change password › @auth - Password strength validation (1.2s)
[dotenv@17.2.3] injecting env (0) from .env.local -- tip: ⚙️  specify custom .env file path with { path: '/custom/path/.env' }
[dotenv@17.2.3] injecting env (0) from .env -- tip: 🗂️ backup and recover secrets: https://dotenvx.com/ops
  ✓  683 [webkit] › tests\e2e\journeys\08-profile-settings.spec.ts:247:9 › Profile & Settings Journeys › J072: Connected accounts › @auth - View connected OAuth providers (993ms)
  ✓  685 [webkit] › tests\e2e\journeys\08-profile-settings.spec.ts:262:9 › Profile & Settings Journeys › J073-J074: Account management › @auth - Deactivate account option (997ms)
  ✘  684 [webkit] › tests\e2e\journeys\08-profile-settings.spec.ts:187:9 › Profile & Settings Journeys › J071: Change password › @auth - Change password flow (retry #1) (1.5s)
  ✓  686 [webkit] › tests\e2e\journeys\08-profile-settings.spec.ts:288:9 › Profile & Settings Journeys › J073-J074: Account management › @auth - Delete account warning (1.3s)
[dotenv@17.2.3] injecting env (0) from .env.local -- tip: 📡 add observability to secrets: https://dotenvx.com/ops
[dotenv@17.2.3] injecting env (0) from .env -- tip: 🔑 add access controls to secrets: https://dotenvx.com/ops
  ✓  687 [webkit] › tests\e2e\journeys\08-profile-settings.spec.ts:337:9 › Profile & Settings Journeys › J075-J076: Theme and preferences › @auth - Language preference (1.2s)
  ✓  688 [webkit] › tests\e2e\journeys\08-profile-settings.spec.ts:314:9 › Profile & Settings Journeys › J075-J076: Theme and preferences › @auth - Toggle dark mode (1.1s)
  ✘  689 [webkit] › tests\e2e\journeys\09-verification-admin.spec.ts:15:9 › Verification Journeys › J077: Identity verification submission › @auth - Start verification process (1.0s)
  ✓  690 [webkit] › tests\e2e\journeys\09-verification-admin.spec.ts:35:9 › Verification Journeys › J077: Identity verification submission › @auth @slow - Upload verification documents (941ms)
[dotenv@17.2.3] injecting env (0) from .env.local -- tip: 🔐 prevent building .env in docker: https://dotenvx.com/prebuild
[dotenv@17.2.3] injecting env (0) from .env -- tip: ⚙️  override existing env vars with { override: true }
  ✘  692 [webkit] › tests\e2e\journeys\09-verification-admin.spec.ts:15:9 › Verification Journeys › J077: Identity verification submission › @auth - Start verification process (retry #1) (1.2s)
[dotenv@17.2.3] injecting env (0) from .env.local -- tip: ⚙️  enable debug logging with { debug: true }
[dotenv@17.2.3] injecting env (0) from .env -- tip: ⚙️  specify custom .env file path with { path: '/custom/path/.env' }
  ✓  693 [webkit] › tests\e2e\journeys\09-verification-admin.spec.ts:73:9 › Verification Journeys › J078: Verification status tracking › @auth - Cancel pending verification (864ms)
  ✓  694 [webkit] › tests\e2e\journeys\09-verification-admin.spec.ts:98:9 › Verification Journeys › J079: Verified badge display › undefined - Verified badge on profile (958ms)
  ✓  695 [webkit] › tests\e2e\journeys\09-verification-admin.spec.ts:111:9 › Verification Journeys › J079: Verified badge display › undefined - Verified badge on listings (1.4s)
  ✘  676 [webkit] › tests\e2e\journeys\07-reviews.spec.ts:131:9 › Reviews Journeys › J059: Edit review › @auth - Edit own review (retry #1) (19.6s)
[dotenv@17.2.3] injecting env (0) from .env.local -- tip: ⚙️  suppress all logs with { quiet: true }
[dotenv@17.2.3] injecting env (0) from .env -- tip: 🔐 prevent building .env in docker: https://dotenvx.com/prebuild
  ✓  697 [webkit] › tests\e2e\journeys\09-verification-admin.spec.ts:143:9 › Admin Journeys › J080: Admin dashboard access › @auth - Admin dashboard overview (986ms)
  ✘  691 [webkit] › tests\e2e\journeys\09-verification-admin.spec.ts:63:9 › Verification Journeys › J078: Verification status tracking › @auth - View verification status (11.0s)
[dotenv@17.2.3] injecting env (0) from .env.local -- tip: 🔐 prevent committing .env to code: https://dotenvx.com/precommit
[dotenv@17.2.3] injecting env (0) from .env -- tip: ⚙️  enable debug logging with { debug: true }
  ✘  673 [webkit] › tests\e2e\journeys\08-profile-settings.spec.ts:55:9 › Profile & Settings Journeys › J068: Edit profile information › @auth - Update profile name and bio (33.7s)
  ✘  696 [webkit] › tests\e2e\journeys\09-verification-admin.spec.ts:130:9 › Admin Journeys › J080: Admin dashboard access › @auth - Access admin panel (11.0s)
[dotenv@17.2.3] injecting env (0) from .env.local -- tip: ⚙️  suppress all logs with { quiet: true }
[dotenv@17.2.3] injecting env (0) from .env -- tip: ⚙️  specify custom .env file path with { path: '/custom/path/.env' }
[dotenv@17.2.3] injecting env (0) from .env.local -- tip: ⚙️  specify custom .env file path with { path: '/custom/path/.env' }
[dotenv@17.2.3] injecting env (0) from .env -- tip: 👥 sync secrets across teammates & machines: https://dotenvx.com/ops
  ✘  698 [webkit] › tests\e2e\journeys\09-verification-admin.spec.ts:157:9 › Admin Journeys › J081: User management › @auth - View users list (10.9s)
[dotenv@17.2.3] injecting env (0) from .env.local -- tip: ⚙️  specify custom .env file path with { path: '/custom/path/.env' }
[dotenv@17.2.3] injecting env (0) from .env -- tip: ⚙️  suppress all logs with { quiet: true }
  ✘  699 [webkit] › tests\e2e\journeys\09-verification-admin.spec.ts:63:9 › Verification Journeys › J078: Verification status tracking › @auth - View verification status (retry #1) (11.3s)
[dotenv@17.2.3] injecting env (0) from .env.local -- tip: 👥 sync secrets across teammates & machines: https://dotenvx.com/ops
[dotenv@17.2.3] injecting env (0) from .env -- tip: ⚙️  write to custom object with { processEnv: myObject }
  ✓  703 [webkit] › tests\e2e\journeys\09-verification-admin.spec.ts:168:9 › Admin Journeys › J081: User management › @auth - Suspend user action (1.2s)
  ✘  701 [webkit] › tests\e2e\journeys\09-verification-admin.spec.ts:130:9 › Admin Journeys › J080: Admin dashboard access › @auth - Access admin panel (retry #1) (11.3s)
[dotenv@17.2.3] injecting env (0) from .env.local -- tip: 🔄 add secrets lifecycle management: https://dotenvx.com/ops
[dotenv@17.2.3] injecting env (0) from .env -- tip: ⚙️  suppress all logs with { quiet: true }
  ✓  705 [webkit] › tests\e2e\journeys\09-verification-admin.spec.ts:199:9 › Admin Journeys › J082: Content moderation › @auth - Review flagged listing (1.1s)
  ✘  702 [webkit] › tests\e2e\journeys\09-verification-admin.spec.ts:157:9 › Admin Journeys › J081: User management › @auth - View users list (retry #1) (11.5s)
[dotenv@17.2.3] injecting env (0) from .env.local -- tip: ⚙️  load multiple .env files with { path: ['.env.local', '.env'] }
[dotenv@17.2.3] injecting env (0) from .env -- tip: ⚙️  load multiple .env files with { path: ['.env.local', '.env'] }
  ✓  707 [webkit] › tests\e2e\journeys\09-verification-admin.spec.ts:229:9 › Admin Journeys › J083: Verification review › @auth - Approve verification request (1.1s)
  ✘  704 [webkit] › tests\e2e\journeys\09-verification-admin.spec.ts:188:9 › Admin Journeys › J082: Content moderation › @auth - View reported content (11.7s)
  ✓  708 [webkit] › tests\e2e\journeys\09-verification-admin.spec.ts:245:9 › Admin Journeys › J083: Verification review › @auth - Reject verification with reason (1.2s)
[dotenv@17.2.3] injecting env (0) from .env.local -- tip: 🔐 encrypt with Dotenvx: https://dotenvx.com
[dotenv@17.2.3] injecting env (0) from .env -- tip: ⚙️  suppress all logs with { quiet: true }
  ✘  706 [webkit] › tests\e2e\journeys\09-verification-admin.spec.ts:218:9 › Admin Journeys › J083: Verification review › @auth - View pending verifications (11.1s)
[dotenv@17.2.3] injecting env (0) from .env.local -- tip: 🔐 prevent building .env in docker: https://dotenvx.com/prebuild
[dotenv@17.2.3] injecting env (0) from .env -- tip: 📡 add observability to secrets: https://dotenvx.com/ops
  ✘  709 [webkit] › tests\e2e\journeys\09-verification-admin.spec.ts:270:9 › Admin Journeys › J084: Audit logs › @auth - View admin audit log (11.2s)
  ✘  710 [webkit] › tests\e2e\journeys\09-verification-admin.spec.ts:188:9 › Admin Journeys › J082: Content moderation › @auth - View reported content (retry #1) (11.5s)
[dotenv@17.2.3] injecting env (0) from .env.local -- tip: ✅ audit secrets and track compliance: https://dotenvx.com/ops
[dotenv@17.2.3] injecting env (0) from .env -- tip: 🔐 prevent building .env in docker: https://dotenvx.com/prebuild
  ✘  700 [webkit] › tests\e2e\journeys\08-profile-settings.spec.ts:55:9 › Profile & Settings Journeys › J068: Edit profile information › @auth - Update profile name and bio (retry #1) (34.4s)
[dotenv@17.2.3] injecting env (0) from .env.local -- tip: 🔐 prevent building .env in docker: https://dotenvx.com/prebuild
[dotenv@17.2.3] injecting env (0) from .env -- tip: 🗂️ backup and recover secrets: https://dotenvx.com/ops
[dotenv@17.2.3] injecting env (0) from .env.local -- tip: 👥 sync secrets across teammates & machines: https://dotenvx.com/ops
[dotenv@17.2.3] injecting env (0) from .env -- tip: ⚙️  enable debug logging with { debug: true }
  ✓  713 [webkit] › tests\e2e\journeys\09-verification-admin.spec.ts:281:9 › Admin Journeys › J084: Audit logs › @auth - Filter audit logs (2.3s)
  ✘  711 [webkit] › tests\e2e\journeys\09-verification-admin.spec.ts:218:9 › Admin Journeys › J083: Verification review › @auth - View pending verifications (retry #1) (11.8s)
  ✓  714 [webkit] › tests\e2e\journeys\09-verification-admin.spec.ts:330:9 › Admin Journeys › J085-J086: Report handling › @auth - Admin resolves report (2.1s)
  ✘  715 [webkit] › tests\e2e\journeys\09-verification-admin.spec.ts:295:9 › Admin Journeys › J085-J086: Report handling › @auth - Submit content report (2.9s)
[dotenv@17.2.3] injecting env (0) from .env.local -- tip: ⚙️  write to custom object with { processEnv: myObject }
[dotenv@17.2.3] injecting env (0) from .env -- tip: ⚙️  override existing env vars with { override: true }
  ✓  716 [webkit] › tests\e2e\journeys\10-accessibility-edge-cases.spec.ts:38:9 › Accessibility Journeys › J087: Keyboard navigation › @a11y - Skip to main content link (1.7s)
[dotenv@17.2.3] injecting env (0) from .env.local -- tip: 📡 add observability to secrets: https://dotenvx.com/ops
[dotenv@17.2.3] injecting env (0) from .env -- tip: ✅ audit secrets and track compliance: https://dotenvx.com/ops
  ✓  717 [webkit] › tests\e2e\journeys\10-accessibility-edge-cases.spec.ts:16:9 › Accessibility Journeys › J087: Keyboard navigation › @a11y undefined - Tab navigation through main interface (2.4s)
  ✓  718 [webkit] › tests\e2e\journeys\10-accessibility-edge-cases.spec.ts:55:9 › Accessibility Journeys › J087: Keyboard navigation › @a11y - Form keyboard interaction (2.7s)
  ✘  712 [webkit] › tests\e2e\journeys\09-verification-admin.spec.ts:270:9 › Admin Journeys › J084: Audit logs › @auth - View admin audit log (retry #1) (12.4s)
  ✘  720 [webkit] › tests\e2e\journeys\10-accessibility-edge-cases.spec.ts:82:9 › Accessibility Journeys › J088: Screen reader compatibility › @a11y - ARIA landmarks present (2.5s)
  ✓  721 [webkit] › tests\e2e\journeys\10-accessibility-edge-cases.spec.ts:98:9 › Accessibility Journeys › J088: Screen reader compatibility › @a11y - Images have alt text (2.6s)
  ✘  719 [webkit] › tests\e2e\journeys\09-verification-admin.spec.ts:295:9 › Admin Journeys › J085-J086: Report handling › @auth - Submit content report (retry #1) (3.9s)
[dotenv@17.2.3] injecting env (0) from .env.local -- tip: 🔄 add secrets lifecycle management: https://dotenvx.com/ops
[dotenv@17.2.3] injecting env (0) from .env -- tip: ⚙️  write to custom object with { processEnv: myObject }
  ✓  722 [webkit] › tests\e2e\journeys\10-accessibility-edge-cases.spec.ts:140:9 › Accessibility Journeys › J089: Color contrast › @a11y - Text is readable (2.0s)
[dotenv@17.2.3] injecting env (0) from .env.local -- tip: 🛠️  run anywhere with `dotenvx run -- yourcommand`
[dotenv@17.2.3] injecting env (0) from .env -- tip: 📡 add observability to secrets: https://dotenvx.com/ops
  ✓  723 [webkit] › tests\e2e\journeys\10-accessibility-edge-cases.spec.ts:116:9 › Accessibility Journeys › J088: Screen reader compatibility › @a11y - Form labels present (1.4s)
[dotenv@17.2.3] injecting env (0) from .env.local -- tip: ⚙️  specify custom .env file path with { path: '/custom/path/.env' }
[dotenv@17.2.3] injecting env (0) from .env -- tip: ✅ audit secrets and track compliance: https://dotenvx.com/ops
  ✓  726 [webkit] › tests\e2e\journeys\10-accessibility-edge-cases.spec.ts:194:9 › Edge Case Journeys › J091: Empty states › @auth - Empty bookings list (2.2s)
  ✓  727 [webkit] › tests\e2e\journeys\10-accessibility-edge-cases.spec.ts:162:9 › Accessibility Journeys › J090: Focus indicators › @a11y - Focus states visible (1.8s)
  ✘  725 [webkit] › tests\e2e\journeys\10-accessibility-edge-cases.spec.ts:82:9 › Accessibility Journeys › J088: Screen reader compatibility › @a11y - ARIA landmarks present (retry #1) (2.8s)
[dotenv@17.2.3] injecting env (0) from .env.local -- tip: ⚙️  write to custom object with { processEnv: myObject }
[dotenv@17.2.3] injecting env (0) from .env -- tip: 🗂️ backup and recover secrets: https://dotenvx.com/ops
  ✘  724 [webkit] › tests\e2e\journeys\10-accessibility-edge-cases.spec.ts:184:9 › Edge Case Journeys › J091: Empty states › undefined - Search with no results (12.4s)
[dotenv@17.2.3] injecting env (0) from .env.local -- tip: 📡 add observability to secrets: https://dotenvx.com/ops
[dotenv@17.2.3] injecting env (0) from .env -- tip: 👥 sync secrets across teammates & machines: https://dotenvx.com/ops
  ✘  728 [webkit] › tests\e2e\journeys\10-accessibility-edge-cases.spec.ts:209:9 › Edge Case Journeys › J092: Error handling › undefined - 404 page handling (11.1s)
[dotenv@17.2.3] injecting env (0) from .env.local -- tip: 🔐 prevent building .env in docker: https://dotenvx.com/prebuild
[dotenv@17.2.3] injecting env (0) from .env -- tip: 🔐 prevent building .env in docker: https://dotenvx.com/prebuild
  ✘  729 [webkit] › tests\e2e\journeys\10-accessibility-edge-cases.spec.ts:222:9 › Edge Case Journeys › J092: Error handling › undefined - Invalid listing ID (12.2s)
[dotenv@17.2.3] injecting env (0) from .env.local -- tip: 👥 sync secrets across teammates & machines: https://dotenvx.com/ops
[dotenv@17.2.3] injecting env (0) from .env -- tip: ⚙️  load multiple .env files with { path: ['.env.local', '.env'] }
  ✘  730 [webkit] › tests\e2e\journeys\10-accessibility-edge-cases.spec.ts:231:9 › Edge Case Journeys › J092: Error handling › @auth @offline - Network error handling (16.3s)
[dotenv@17.2.3] injecting env (0) from .env.local -- tip: 🔄 add secrets lifecycle management: https://dotenvx.com/ops
[dotenv@17.2.3] injecting env (0) from .env -- tip: ⚙️  suppress all logs with { quiet: true }
  ✘  731 [webkit] › tests\e2e\journeys\10-accessibility-edge-cases.spec.ts:184:9 › Edge Case Journeys › J091: Empty states › undefined - Search with no results (retry #1) (11.8s)
  ✘  732 [webkit] › tests\e2e\journeys\10-accessibility-edge-cases.spec.ts:209:9 › Edge Case Journeys › J092: Error handling › undefined - 404 page handling (retry #1) (11.2s)
[dotenv@17.2.3] injecting env (0) from .env.local -- tip: 🔐 prevent building .env in docker: https://dotenvx.com/prebuild
[dotenv@17.2.3] injecting env (0) from .env -- tip: 🔐 prevent building .env in docker: https://dotenvx.com/prebuild
[dotenv@17.2.3] injecting env (0) from .env.local -- tip: 🔐 prevent committing .env to code: https://dotenvx.com/precommit
[dotenv@17.2.3] injecting env (0) from .env -- tip: 🔑 add access controls to secrets: https://dotenvx.com/ops
  ✘  733 [webkit] › tests\e2e\journeys\10-accessibility-edge-cases.spec.ts:222:9 › Edge Case Journeys › J092: Error handling › undefined - Invalid listing ID (retry #1) (11.4s)
  ✓  735 [webkit] › tests\e2e\journeys\10-accessibility-edge-cases.spec.ts:251:9 › Edge Case Journeys › J093: Long content handling › undefined - Long listing title display (1.5s)
  ✘  736 [webkit] › tests\e2e\journeys\10-accessibility-edge-cases.spec.ts:269:9 › Edge Case Journeys › J093: Long content handling › undefined - Long description truncation (1.5s)
[dotenv@17.2.3] injecting env (0) from .env.local -- tip: 🛠️  run anywhere with `dotenvx run -- yourcommand`
[dotenv@17.2.3] injecting env (0) from .env -- tip: 👥 sync secrets across teammates & machines: https://dotenvx.com/ops
  ✓  737 [webkit] › tests\e2e\journeys\10-accessibility-edge-cases.spec.ts:308:9 › Edge Case Journeys › J095: Browser compatibility › undefined - Page renders without JavaScript errors (2.0s)
[dotenv@17.2.3] injecting env (0) from .env.local -- tip: 🗂️ backup and recover secrets: https://dotenvx.com/ops
[dotenv@17.2.3] injecting env (0) from .env -- tip: 🗂️ backup and recover secrets: https://dotenvx.com/ops
  ✘  739 [webkit] › tests\e2e\journeys\10-accessibility-edge-cases.spec.ts:331:9 › Edge Case Journeys › J096: Mobile responsiveness › @mobile - Mobile navigation menu (1.0s)
[dotenv@17.2.3] injecting env (0) from .env.local -- tip: ⚙️  enable debug logging with { debug: true }
[dotenv@17.2.3] injecting env (0) from .env -- tip: 🔐 encrypt with Dotenvx: https://dotenvx.com
  ✘  740 [webkit] › tests\e2e\journeys\10-accessibility-edge-cases.spec.ts:269:9 › Edge Case Journeys › J093: Long content handling › undefined - Long description truncation (retry #1) (1.7s)
  ✘  741 [webkit] › tests\e2e\journeys\10-accessibility-edge-cases.spec.ts:331:9 › Edge Case Journeys › J096: Mobile responsiveness › @mobile - Mobile navigation menu (retry #1) (1.3s)
[dotenv@17.2.3] injecting env (0) from .env.local -- tip: ⚙️  enable debug logging with { debug: true }
[dotenv@17.2.3] injecting env (0) from .env -- tip: ⚙️  suppress all logs with { quiet: true }
  ✓  742 [webkit] › tests\e2e\journeys\10-accessibility-edge-cases.spec.ts:351:9 › Edge Case Journeys › J096: Mobile responsiveness › @mobile - Touch-friendly buttons (1.1s)
[dotenv@17.2.3] injecting env (0) from .env.local -- tip: 📡 add observability to secrets: https://dotenvx.com/ops
[dotenv@17.2.3] injecting env (0) from .env -- tip: 📡 add observability to secrets: https://dotenvx.com/ops
  ✓  743 [webkit] › tests\e2e\journeys\10-accessibility-edge-cases.spec.ts:391:9 › Edge Case Journeys › J098: Data validation › @auth - XSS prevention in inputs (2.4s)
  ✓  744 [webkit] › tests\e2e\journeys\10-accessibility-edge-cases.spec.ts:374:9 › Edge Case Journeys › J097: Session handling › @auth - Session timeout handling (2.8s)
  ✘  746 [webkit] › tests\e2e\journeys\10-accessibility-edge-cases.spec.ts:430:9 › Edge Case Journeys › J099: Performance edge cases › undefined @slow - Large image handling (1.4s)
  ✘  734 [webkit] › tests\e2e\journeys\10-accessibility-edge-cases.spec.ts:231:9 › Edge Case Journeys › J092: Error handling › @auth @offline - Network error handling (retry #1) (16.6s)
[dotenv@17.2.3] injecting env (0) from .env.local -- tip: 🔐 prevent building .env in docker: https://dotenvx.com/prebuild
[dotenv@17.2.3] injecting env (0) from .env -- tip: 🔐 prevent building .env in docker: https://dotenvx.com/prebuild
[dotenv@17.2.3] injecting env (0) from .env.local -- tip: ⚙️  load multiple .env files with { path: ['.env.local', '.env'] }
[dotenv@17.2.3] injecting env (0) from .env -- tip: ⚙️  specify custom .env file path with { path: '/custom/path/.env' }
  ✘  747 [webkit] › tests\e2e\journeys\10-accessibility-edge-cases.spec.ts:430:9 › Edge Case Journeys › J099: Performance edge cases › undefined @slow - Large image handling (retry #1) (2.4s)
[dotenv@17.2.3] injecting env (0) from .env.local -- tip: ⚙️  suppress all logs with { quiet: true }
[dotenv@17.2.3] injecting env (0) from .env -- tip: 🔐 prevent committing .env to code: https://dotenvx.com/precommit
  ✘  738 [webkit] › tests\e2e\journeys\10-accessibility-edge-cases.spec.ts:288:9 › Edge Case Journeys › J094: Concurrent actions › @auth - Double submit prevention (16.4s)
  ✓  748 [webkit] › tests\e2e\journeys\10-accessibility-edge-cases.spec.ts:447:9 › Edge Case Journeys › J099: Performance edge cases › undefined @slow - Scroll performance (5.2s)
  ✘  749 [webkit] › tests\e2e\journeys\10-accessibility-edge-cases.spec.ts:467:9 › Edge Case Journeys › J100: Complete user journey › @auth @slow - Full user flow: search → view → save → unsave (2.0s)
[dotenv@17.2.3] injecting env (0) from .env.local -- tip: ⚙️  enable debug logging with { debug: true }
[dotenv@17.2.3] injecting env (0) from .env -- tip: ✅ audit secrets and track compliance: https://dotenvx.com/ops
[dotenv@17.2.3] injecting env (0) from .env.local -- tip: 🔑 add access controls to secrets: https://dotenvx.com/ops
[dotenv@17.2.3] injecting env (0) from .env -- tip: ⚙️  enable debug logging with { debug: true }
  ✓  750 [webkit] › tests\e2e\journeys\11-nearby-places.spec.ts:105:9 › Nearby Places Feature › Authentication › unauthenticated user sees login prompt (1.1s)
  ✘  752 [webkit] › tests\e2e\journeys\10-accessibility-edge-cases.spec.ts:467:9 › Edge Case Journeys › J100: Complete user journey › @auth @slow - Full user flow: search → view → save → unsave (retry #1) (2.8s)
[dotenv@17.2.3] injecting env (0) from .env.local -- tip: 👥 sync secrets across teammates & machines: https://dotenvx.com/ops
[dotenv@17.2.3] injecting env (0) from .env -- tip: ⚙️  override existing env vars with { override: true }
  ✘  745 [webkit] › tests\e2e\journeys\10-accessibility-edge-cases.spec.ts:412:9 › Edge Case Journeys › J098: Data validation › @auth - SQL injection prevention (16.1s)
[dotenv@17.2.3] injecting env (0) from .env.local -- tip: 🛠️  run anywhere with `dotenvx run -- yourcommand`
[dotenv@17.2.3] injecting env (0) from .env -- tip: 🔑 add access controls to secrets: https://dotenvx.com/ops
  ✘  751 [webkit] › tests\e2e\journeys\10-accessibility-edge-cases.spec.ts:288:9 › Edge Case Journeys › J094: Concurrent actions › @auth - Double submit prevention (retry #1) (16.7s)
[dotenv@17.2.3] injecting env (0) from .env.local -- tip: ⚙️  enable debug logging with { debug: true }
[dotenv@17.2.3] injecting env (0) from .env -- tip: ✅ audit secrets and track compliance: https://dotenvx.com/ops
  ✘  755 [webkit] › tests\e2e\journeys\10-accessibility-edge-cases.spec.ts:412:9 › Edge Case Journeys › J098: Data validation › @auth - SQL injection prevention (retry #1) (17.1s)
  ✘  754 [webkit] › tests\e2e\journeys\11-nearby-places.spec.ts:233:9 › Nearby Places Feature › Category Search › radius change updates results (15.9s)
[dotenv@17.2.3] injecting env (0) from .env.local -- tip: 🔐 encrypt with Dotenvx: https://dotenvx.com
[dotenv@17.2.3] injecting env (0) from .env -- tip: 🔄 add secrets lifecycle management: https://dotenvx.com/ops
[dotenv@17.2.3] injecting env (0) from .env.local -- tip: ⚙️  enable debug logging with { debug: true }
[dotenv@17.2.3] injecting env (0) from .env -- tip: ✅ audit secrets and track compliance: https://dotenvx.com/ops
  ✓  757 [webkit] › tests\e2e\journeys\11-nearby-places.spec.ts:578:9 › Nearby Places Feature › Accessibility › keyboard navigation works on chips (964ms)
  ✓  759 [webkit] › tests\e2e\journeys\11-nearby-places.spec.ts:604:9 › Nearby Places Feature › Accessibility › screen reader announces loading state (996ms)
  ✓  760 [webkit] › tests\e2e\journeys\11-nearby-places.spec.ts:635:9 › Nearby Places Feature › Accessibility › dark mode renders correctly (1.4s)
  ✘  753 [webkit] › tests\e2e\journeys\11-nearby-places.spec.ts:142:9 › Nearby Places Feature › Authentication › authenticated user sees search panel (31.5s)
  ✓  761 [webkit] › tests\e2e\nearby\nearby-accessibility.spec.ts:65:7 › Nearby Places Accessibility › F2: Focus outline is visible on category chips (1.5s)
[dotenv@17.2.3] injecting env (0) from .env.local -- tip: 🔑 add access controls to secrets: https://dotenvx.com/ops
[dotenv@17.2.3] injecting env (0) from .env -- tip: 🗂️ backup and recover secrets: https://dotenvx.com/ops
  ✘  756 [webkit] › tests\e2e\journeys\11-nearby-places.spec.ts:411:9 › Nearby Places Feature › Directions › click on result opens Google Maps directions (15.9s)
  ✓  762 [webkit] › tests\e2e\nearby\nearby-accessibility.spec.ts:122:7 › Nearby Places Accessibility › F6: Escape key closes map popup (2.7s)
[dotenv@17.2.3] injecting env (0) from .env.local -- tip: ⚙️  override existing env vars with { override: true }
[dotenv@17.2.3] injecting env (0) from .env -- tip: 🛠️  run anywhere with `dotenvx run -- yourcommand`
  ✓  764 [webkit] › tests\e2e\nearby\nearby-accessibility.spec.ts:178:7 › Nearby Places Accessibility › F8: Component is visible in high contrast mode (1.7s)
  ✓  766 [webkit] › tests\e2e\nearby\nearby-accessibility.spec.ts:231:7 › Nearby Places Accessibility › F10: Layout remains usable at 200% font scaling (2.0s)
  ✓  767 [webkit] › tests\e2e\nearby\nearby-accessibility.spec.ts:334:7 › Nearby Places Keyboard Navigation › All interactive elements are reachable via keyboard (1.8s)
  ✘  758 [webkit] › tests\e2e\journeys\11-nearby-places.spec.ts:233:9 › Nearby Places Feature › Category Search › radius change updates results (retry #1) (16.4s)
No category button found via keyboard navigation
  ✓  768 [webkit] › tests\e2e\nearby\nearby-accessibility.spec.ts:373:7 › Nearby Places Keyboard Navigation › Enter key activates focused buttons (2.8s)
[dotenv@17.2.3] injecting env (0) from .env.local -- tip: 👥 sync secrets across teammates & machines: https://dotenvx.com/ops
[dotenv@17.2.3] injecting env (0) from .env -- tip: 🔐 encrypt with Dotenvx: https://dotenvx.com
  ✓  769 [webkit] › tests\e2e\nearby\nearby-accessibility.spec.ts:414:7 › Nearby Places Keyboard Navigation › Space key activates focused buttons (3.8s)
  ✘  765 [webkit] › tests\e2e\journeys\11-nearby-places.spec.ts:411:9 › Nearby Places Feature › Directions › click on result opens Google Maps directions (retry #1) (16.4s)
[dotenv@17.2.3] injecting env (0) from .env.local -- tip: 🔑 add access controls to secrets: https://dotenvx.com/ops
[dotenv@17.2.3] injecting env (0) from .env -- tip: ⚙️  override existing env vars with { override: true }
  ✓  772 [webkit] › tests\e2e\journeys\11-nearby-places.spec.ts:434:9 › Nearby Places Feature › Mobile View › mobile view toggle works (list/map) (1.1s)
  ✓  773 [webkit] › tests\e2e\journeys\11-nearby-places.spec.ts:488:9 › Nearby Places Feature › Empty and Error States › empty results show appropriate message (1.3s)
  ✓  774 [webkit] › tests\e2e\journeys\11-nearby-places.spec.ts:524:9 › Nearby Places Feature › Empty and Error States › error state displays error message (1.7s)
  ✘  775 [webkit] › tests\e2e\nearby\nearby-attribution.spec.ts:143:7 › Nearby Places Attribution Compliance › J3: Map tile attribution is present (2.0s)
  ✘  770 [webkit] › tests\e2e\journeys\11-nearby-places.spec.ts:287:9 › Nearby Places Feature › Search Input › search input triggers search after debounce (16.5s)
  ✘  763 [webkit] › tests\e2e\journeys\11-nearby-places.spec.ts:142:9 › Nearby Places Feature › Authentication › authenticated user sees search panel (retry #1) (31.9s)
[dotenv@17.2.3] injecting env (0) from .env.local -- tip: ⚙️  enable debug logging with { debug: true }
[dotenv@17.2.3] injecting env (0) from .env -- tip: ⚙️  load multiple .env files with { path: ['.env.local', '.env'] }
[dotenv@17.2.3] injecting env (0) from .env.local -- tip: ⚙️  enable debug logging with { debug: true }
[dotenv@17.2.3] injecting env (0) from .env -- tip: ✅ audit secrets and track compliance: https://dotenvx.com/ops
[dotenv@17.2.3] injecting env (0) from .env.local -- tip: 🔄 add secrets lifecycle management: https://dotenvx.com/ops
[dotenv@17.2.3] injecting env (0) from .env -- tip: ⚙️  specify custom .env file path with { path: '/custom/path/.env' }
  ✘  776 [webkit] › tests\e2e\nearby\nearby-attribution.spec.ts:143:7 › Nearby Places Attribution Compliance › J3: Map tile attribution is present (retry #1) (3.9s)
[dotenv@17.2.3] injecting env (0) from .env.local -- tip: ⚙️  load multiple .env files with { path: ['.env.local', '.env'] }
[dotenv@17.2.3] injecting env (0) from .env -- tip: ⚙️  suppress all logs with { quiet: true }
  ✘  771 [webkit] › tests\e2e\nearby\nearby-attribution.spec.ts:66:7 › Nearby Places Attribution Compliance › J1: Radar attribution is visible on mobile viewport (26.4s)
[dotenv@17.2.3] injecting env (0) from .env.local -- tip: ⚙️  suppress all logs with { quiet: true }
[dotenv@17.2.3] injecting env (0) from .env -- tip: 🔄 add secrets lifecycle management: https://dotenvx.com/ops
  ✓  779 [webkit] › tests\e2e\nearby\nearby-attribution.spec.ts:173:7 › Nearby Places Attribution Compliance › J9: Attribution links are functional (3.0s)
  ✓  781 [webkit] › tests\e2e\nearby\nearby-attribution.spec.ts:213:7 › Nearby Places Attribution Compliance › J10: Map renders without CSP violations (3.7s)
  ✘  777 [webkit] › tests\e2e\journeys\11-nearby-places.spec.ts:287:9 › Nearby Places Feature › Search Input › search input triggers search after debounce (retry #1) (17.8s)
  ✓  782 [webkit] › tests\e2e\nearby\nearby-attribution.spec.ts:285:7 › Nearby Places Privacy Compliance › API responses do not leak to browser console (3.5s)
[dotenv@17.2.3] injecting env (0) from .env.local -- tip: ✅ audit secrets and track compliance: https://dotenvx.com/ops
[dotenv@17.2.3] injecting env (0) from .env -- tip: ⚙️  load multiple .env files with { path: ['.env.local', '.env'] }
  ✓  783 [webkit] › tests\e2e\nearby\nearby-attribution.spec.ts:312:7 › Nearby Places Privacy Compliance › Network requests use appropriate privacy headers (1.6s)
  ✓  785 [webkit] › tests\e2e\nearby\nearby-layout.spec.ts:74:7 › Nearby Places Layout › G1: Map renders correctly inside transformed container (1.7s)
  ✓  786 [webkit] › tests\e2e\nearby\nearby-layout.spec.ts:111:7 › Nearby Places Layout › G2: Handles zero-height container gracefully (1.5s)
  ✓  787 [webkit] › tests\e2e\nearby\nearby-layout.spec.ts:146:7 › Nearby Places Layout › G3: Sticky header does not overlap map controls (2.0s)
  ✓  788 [webkit] › tests\e2e\nearby\nearby-layout.spec.ts:189:7 › Nearby Places Layout › G4: Map popup appears above other overlays (1.4s)
  ✓  789 [webkit] › tests\e2e\nearby\nearby-layout.spec.ts:226:7 › Nearby Places Layout › G5: Pointer events allow map interaction (1.4s)
  ✘  778 [webkit] › tests\e2e\journeys\11-nearby-places.spec.ts:198:9 › Nearby Places Feature › Category Search › category chip click loads results (32.3s)
  ✓  790 [webkit] › tests\e2e\nearby\nearby-layout.spec.ts:259:7 › Nearby Places Layout › G6: Panel scrolling is contained (1.5s)
[dotenv@17.2.3] injecting env (0) from .env.local -- tip: ⚙️  load multiple .env files with { path: ['.env.local', '.env'] }
[dotenv@17.2.3] injecting env (0) from .env -- tip: ⚙️  load multiple .env files with { path: ['.env.local', '.env'] }
  ✓  791 [webkit] › tests\e2e\nearby\nearby-layout.spec.ts:294:7 › Nearby Places Layout › G7: Touch zoom handling on Safari (1.7s)
  ✘  780 [webkit] › tests\e2e\nearby\nearby-attribution.spec.ts:66:7 › Nearby Places Attribution Compliance › J1: Radar attribution is visible on mobile viewport (retry #1) (26.7s)
  ✘  784 [webkit] › tests\e2e\journeys\11-nearby-places.spec.ts:338:9 › Nearby Places Feature › Map Markers › map markers appear for search results (16.0s)
  ✓  793 [webkit] › tests\e2e\nearby\nearby-layout.spec.ts:326:7 › Nearby Places Layout › G8: Map updates after viewport rotation/resize (1.7s)
[dotenv@17.2.3] injecting env (0) from .env.local -- tip: 🔐 prevent building .env in docker: https://dotenvx.com/prebuild
[dotenv@17.2.3] injecting env (0) from .env -- tip: 🛠️  run anywhere with `dotenvx run -- yourcommand`
[dotenv@17.2.3] injecting env (0) from .env.local -- tip: 🔄 add secrets lifecycle management: https://dotenvx.com/ops
[dotenv@17.2.3] injecting env (0) from .env -- tip: ⚙️  specify custom .env file path with { path: '/custom/path/.env' }
  ✓  794 [webkit] › tests\e2e\nearby\nearby-layout.spec.ts:363:7 › Nearby Places Layout › G9: Markers render sharply on high-DPI displays (1.8s)
  ✓  797 [webkit] › tests\e2e\nearby\nearby-layout.spec.ts:441:7 › Nearby Places Mobile Layout › Layout adapts to mobile viewport (2.0s)
  ✓  795 [webkit] › tests\e2e\nearby\nearby-attribution.spec.ts:102:7 › Nearby Places Attribution Compliance › J2: Dark mode attribution has sufficient contrast (1.9s)
  ✓  798 [webkit] › tests\e2e\nearby\nearby-layout.spec.ts:480:7 › Nearby Places Mobile Layout › Map/list toggle works on mobile (1.6s)
[dotenv@17.2.3] injecting env (0) from .env.local -- tip: 🔐 prevent building .env in docker: https://dotenvx.com/prebuild
[dotenv@17.2.3] injecting env (0) from .env -- tip: 🛠️  run anywhere with `dotenvx run -- yourcommand`
  ✓  799 [webkit] › tests\e2e\nearby\nearby-layout.spec.ts:511:7 › Nearby Places Mobile Layout › Search input is accessible on mobile keyboard (1.7s)
[dotenv@17.2.3] injecting env (0) from .env.local -- tip: ⚙️  specify custom .env file path with { path: '/custom/path/.env' }
[dotenv@17.2.3] injecting env (0) from .env -- tip: 📡 add observability to secrets: https://dotenvx.com/ops
  ✓  801 [Mobile Chrome] › tests\e2e\journeys\01-discovery-search.spec.ts:62:9 › Discovery & Search Journeys › J001: Anonymous user browses home page › @anon - Empty state when no featured listings (3.3s)
  ✓  800 [Mobile Chrome] › tests\e2e\journeys\01-discovery-search.spec.ts:16:9 › Discovery & Search Journeys › J001: Anonymous user browses home page › @anon @mobile @a11y - Home page discovery flow (6.4s)
  ✓  803 [Mobile Chrome] › tests\e2e\journeys\01-discovery-search.spec.ts:116:9 › Discovery & Search Journeys › J002: Search with multiple filters › @anon - Zero results shows suggestions (1.6s)
  ✓  802 [Mobile Chrome] › tests\e2e\journeys\01-discovery-search.spec.ts:87:9 › Discovery & Search Journeys › J002: Search with multiple filters › @anon @mobile - Filter search results (4.4s)
  ✓  804 [Mobile Chrome] › tests\e2e\journeys\01-discovery-search.spec.ts:133:9 › Discovery & Search Journeys › J003: Listing detail with image gallery › @anon @a11y - View listing details and gallery (3.5s)
  ✘  796 [webkit] › tests\e2e\journeys\11-nearby-places.spec.ts:338:9 › Nearby Places Feature › Map Markers › map markers appear for search results (retry #1) (16.4s)
[dotenv@17.2.3] injecting env (0) from .env.local -- tip: ⚙️  override existing env vars with { override: true }
[dotenv@17.2.3] injecting env (0) from .env -- tip: 🔐 prevent committing .env to code: https://dotenvx.com/precommit
  ✓  805 [Mobile Chrome] › tests\e2e\journeys\01-discovery-search.spec.ts:176:9 › Discovery & Search Journeys › J003: Listing detail with image gallery › @anon - 404 for non-existent listing (7.4s)
  ✓  808 [Mobile Chrome] › tests\e2e\journeys\01-discovery-search.spec.ts:225:9 › Discovery & Search Journeys › J005: Sort search results › @anon - Sort by price and date (1.6s)
  ✘  806 [Mobile Chrome] › tests\e2e\journeys\01-discovery-search.spec.ts:187:9 › Discovery & Search Journeys › J004: Map view with pan and zoom › @anon @slow - Map interaction (7.8s)
  ✓  809 [Mobile Chrome] › tests\e2e\journeys\01-discovery-search.spec.ts:251:9 › Discovery & Search Journeys › J006: Pagination through results › @anon @mobile - Navigate through pages (1.2s)
[dotenv@17.2.3] injecting env (0) from .env.local -- tip: ⚙️  load multiple .env files with { path: ['.env.local', '.env'] }
[dotenv@17.2.3] injecting env (0) from .env -- tip: 🛠️  run anywhere with `dotenvx run -- yourcommand`
  ✓  810 [Mobile Chrome] › tests\e2e\journeys\01-discovery-search.spec.ts:284:9 › Discovery & Search Journeys › J007-J010: Accessibility checks for search › @a11y - Search page accessibility (2.0s)
  ✘  792 [webkit] › tests\e2e\journeys\11-nearby-places.spec.ts:198:9 › Nearby Places Feature › Category Search › category chip click loads results (retry #1) (31.8s)
[dotenv@17.2.3] injecting env (0) from .env.local -- tip: 🛠️  run anywhere with `dotenvx run -- yourcommand`
[dotenv@17.2.3] injecting env (0) from .env -- tip: 📡 add observability to secrets: https://dotenvx.com/ops
  ✘  811 [Mobile Chrome] › tests\e2e\journeys\01-discovery-search.spec.ts:187:9 › Discovery & Search Journeys › J004: Map view with pan and zoom › @anon @slow - Map interaction (retry #1) (6.3s)
[dotenv@17.2.3] injecting env (0) from .env.local -- tip: 🔄 add secrets lifecycle management: https://dotenvx.com/ops
[dotenv@17.2.3] injecting env (0) from .env -- tip: ⚙️  suppress all logs with { quiet: true }
  ✓  814 [Mobile Chrome] › tests\e2e\journeys\02-auth.spec.ts:70:9 › Authentication Journeys › J007: User signup with email › @auth - Signup with existing email shows error (1.2s)
  ✘  807 [webkit] › tests\e2e\journeys\11-nearby-places.spec.ts:359:9 › Nearby Places Feature › Map Markers › hover on list item highlights marker (16.3s)
  ✓  815 [Mobile Chrome] › tests\e2e\journeys\02-auth.spec.ts:103:9 › Authentication Journeys › J007: User signup with email › @auth - Weak password validation (765ms)
  ✘  812 [Mobile Chrome] › tests\e2e\journeys\02-auth.spec.ts:16:9 › Authentication Journeys › J007: User signup with email › @auth @a11y - Complete signup flow (10.9s)
[dotenv@17.2.3] injecting env (0) from .env.local -- tip: 🔑 add access controls to secrets: https://dotenvx.com/ops
[dotenv@17.2.3] injecting env (0) from .env -- tip: 🔑 add access controls to secrets: https://dotenvx.com/ops
[dotenv@17.2.3] injecting env (0) from .env.local -- tip: ⚙️  enable debug logging with { debug: true }
[dotenv@17.2.3] injecting env (0) from .env -- tip: ⚙️  enable debug logging with { debug: true }
  ✘  813 [webkit] › tests\e2e\journeys\11-nearby-places.spec.ts:216:9 › Nearby Places Feature › Category Search › results display with distance badges (16.0s)
  ✘  816 [Mobile Chrome] › tests\e2e\journeys\02-auth.spec.ts:130:9 › Authentication Journeys › J008: User login › @auth - Successful login flow (10.6s)
[dotenv@17.2.3] injecting env (0) from .env.local -- tip: 🔐 prevent building .env in docker: https://dotenvx.com/prebuild
[dotenv@17.2.3] injecting env (0) from .env -- tip: 🗂️ backup and recover secrets: https://dotenvx.com/ops
[dotenv@17.2.3] injecting env (0) from .env.local -- tip: 🛠️  run anywhere with `dotenvx run -- yourcommand`
[dotenv@17.2.3] injecting env (0) from .env -- tip: ⚙️  override existing env vars with { override: true }
  ✘  818 [Mobile Chrome] › tests\e2e\journeys\02-auth.spec.ts:16:9 › Authentication Journeys › J007: User signup with email › @auth @a11y - Complete signup flow (retry #1) (11.8s)
[dotenv@17.2.3] injecting env (0) from .env.local -- tip: 👥 sync secrets across teammates & machines: https://dotenvx.com/ops
[dotenv@17.2.3] injecting env (0) from .env -- tip: 🗂️ backup and recover secrets: https://dotenvx.com/ops
  ✘  821 [Mobile Chrome] › tests\e2e\journeys\02-auth.spec.ts:157:9 › Authentication Journeys › J008: User login › @auth - Invalid credentials show error (1.0s)
  ✘  817 [webkit] › tests\e2e\journeys\11-nearby-places.spec.ts:359:9 › Nearby Places Feature › Map Markers › hover on list item highlights marker (retry #1) (16.6s)
[dotenv@17.2.3] injecting env (0) from .env.local -- tip: ⚙️  write to custom object with { processEnv: myObject }
[dotenv@17.2.3] injecting env (0) from .env -- tip: ⚙️  specify custom .env file path with { path: '/custom/path/.env' }
[dotenv@17.2.3] injecting env (0) from .env.local -- tip: 🛠️  run anywhere with `dotenvx run -- yourcommand`
[dotenv@17.2.3] injecting env (0) from .env -- tip: ⚙️  specify custom .env file path with { path: '/custom/path/.env' }
  ✘  823 [Mobile Chrome] › tests\e2e\journeys\02-auth.spec.ts:176:9 › Authentication Journeys › J009: User logout › @auth - Logout clears session (1.6s)
  ✘  822 [Mobile Chrome] › tests\e2e\journeys\02-auth.spec.ts:157:9 › Authentication Journeys › J008: User login › @auth - Invalid credentials show error (retry #1) (1.6s)
  ✘  820 [Mobile Chrome] › tests\e2e\journeys\02-auth.spec.ts:130:9 › Authentication Journeys › J008: User login › @auth - Successful login flow (retry #1) (11.9s)
[dotenv@17.2.3] injecting env (0) from .env.local -- tip: 🔄 add secrets lifecycle management: https://dotenvx.com/ops
[dotenv@17.2.3] injecting env (0) from .env -- tip: 🔐 prevent building .env in docker: https://dotenvx.com/prebuild
[dotenv@17.2.3] injecting env (0) from .env.local -- tip: 👥 sync secrets across teammates & machines: https://dotenvx.com/ops
[dotenv@17.2.3] injecting env (0) from .env -- tip: ⚙️  enable debug logging with { debug: true }
[dotenv@17.2.3] injecting env (0) from .env.local -- tip: 👥 sync secrets across teammates & machines: https://dotenvx.com/ops
[dotenv@17.2.3] injecting env (0) from .env -- tip: 🛠️  run anywhere with `dotenvx run -- yourcommand`
  ✘  824 [Mobile Chrome] › tests\e2e\journeys\02-auth.spec.ts:176:9 › Authentication Journeys › J009: User logout › @auth - Logout clears session (retry #1) (2.7s)
  ✘  819 [webkit] › tests\e2e\journeys\11-nearby-places.spec.ts:216:9 › Nearby Places Feature › Category Search › results display with distance badges (retry #1) (17.8s)
  ✘  826 [Mobile Chrome] › tests\e2e\journeys\02-auth.spec.ts:226:9 › Authentication Journeys › J011-J012: Protected route access › @auth - Unauthenticated user redirected from protected routes (3.9s)
[dotenv@17.2.3] injecting env (0) from .env.local -- tip: ⚙️  load multiple .env files with { path: ['.env.local', '.env'] }
[dotenv@17.2.3] injecting env (0) from .env -- tip: ⚙️  enable debug logging with { debug: true }
[dotenv@17.2.3] injecting env (0) from .env.local -- tip: 📡 add observability to secrets: https://dotenvx.com/ops
[dotenv@17.2.3] injecting env (0) from .env -- tip: ⚙️  enable debug logging with { debug: true }
[dotenv@17.2.3] injecting env (0) from .env.local -- tip: ⚙️  suppress all logs with { quiet: true }
[dotenv@17.2.3] injecting env (0) from .env -- tip: ⚙️  write to custom object with { processEnv: myObject }
  ✘  828 [Mobile Chrome] › tests\e2e\journeys\02-auth.spec.ts:262:9 › Authentication Journeys › J013-J014: Session management › @auth - Session persists across tabs (2.6s)
  ✘  825 [Mobile Chrome] › tests\e2e\journeys\02-auth.spec.ts:196:9 › Authentication Journeys › J010: Password reset › @auth @flaky - Request password reset (17.3s)
[dotenv@17.2.3] injecting env (0) from .env.local -- tip: ⚙️  write to custom object with { processEnv: myObject }
[dotenv@17.2.3] injecting env (0) from .env -- tip: 🔐 prevent committing .env to code: https://dotenvx.com/precommit
  ✘  827 [Mobile Chrome] › tests\e2e\journeys\02-auth.spec.ts:243:9 › Authentication Journeys › J011-J012: Protected route access › @auth - Callback URL preserved after login (11.4s)
  ✘  829 [Mobile Chrome] › tests\e2e\journeys\02-auth.spec.ts:226:9 › Authentication Journeys › J011-J012: Protected route access › @auth - Unauthenticated user redirected from protected routes (retry #1) (8.6s)
[dotenv@17.2.3] injecting env (0) from .env.local -- tip: ⚙️  load multiple .env files with { path: ['.env.local', '.env'] }
[dotenv@17.2.3] injecting env (0) from .env -- tip: ⚙️  load multiple .env files with { path: ['.env.local', '.env'] }
  ✘  830 [Mobile Chrome] › tests\e2e\journeys\02-auth.spec.ts:262:9 › Authentication Journeys › J013-J014: Session management › @auth - Session persists across tabs (retry #1) (5.0s)
[dotenv@17.2.3] injecting env (0) from .env.local -- tip: ⚙️  write to custom object with { processEnv: myObject }
[dotenv@17.2.3] injecting env (0) from .env -- tip: ⚙️  specify custom .env file path with { path: '/custom/path/.env' }
[dotenv@17.2.3] injecting env (0) from .env.local -- tip: ✅ audit secrets and track compliance: https://dotenvx.com/ops
[dotenv@17.2.3] injecting env (0) from .env -- tip: 🔐 prevent committing .env to code: https://dotenvx.com/precommit
[dotenv@17.2.3] injecting env (0) from .env.local -- tip: ⚙️  load multiple .env files with { path: ['.env.local', '.env'] }
[dotenv@17.2.3] injecting env (0) from .env -- tip: ⚙️  write to custom object with { processEnv: myObject }
  ✘  833 [Mobile Chrome] › tests\e2e\journeys\02-auth.spec.ts:282:9 › Authentication Journeys › J015-J016: Rate limiting on auth › @auth @flaky - Rate limit on failed logins (7.7s)
  ✓  831 [Mobile Chrome] › tests\e2e\journeys\02-auth.spec.ts:196:9 › Authentication Journeys › J010: Password reset › @auth @flaky - Request password reset (retry #1) (10.5s)
[dotenv@17.2.3] injecting env (0) from .env.local -- tip: 🗂️ backup and recover secrets: https://dotenvx.com/ops
[dotenv@17.2.3] injecting env (0) from .env -- tip: 🛠️  run anywhere with `dotenvx run -- yourcommand`
  ✘  832 [Mobile Chrome] › tests\e2e\journeys\02-auth.spec.ts:243:9 › Authentication Journeys › J011-J012: Protected route access › @auth - Callback URL preserved after login (retry #1) (17.8s)
  ✘  834 [Mobile Chrome] › tests\e2e\journeys\03-listing-management.spec.ts:16:9 › Listing Management Journeys › J017: Create new listing › @auth @mobile - Complete listing creation flow (16.3s)
  ✘  836 [Mobile Chrome] › tests\e2e\journeys\02-auth.spec.ts:282:9 › Authentication Journeys › J015-J016: Rate limiting on auth › @auth @flaky - Rate limit on failed logins (retry #1) (4.7s)
[dotenv@17.2.3] injecting env (0) from .env.local -- tip: 🔐 prevent building .env in docker: https://dotenvx.com/prebuild
[dotenv@17.2.3] injecting env (0) from .env -- tip: ⚙️  suppress all logs with { quiet: true }
  ✘  835 [Mobile Chrome] › tests\e2e\journeys\03-listing-management.spec.ts:82:9 › Listing Management Journeys › J017: Create new listing › @auth - Validation errors for missing required fields (20.1s)
[dotenv@17.2.3] injecting env (0) from .env.local -- tip: 📡 add observability to secrets: https://dotenvx.com/ops
[dotenv@17.2.3] injecting env (0) from .env -- tip: ⚙️  specify custom .env file path with { path: '/custom/path/.env' }
[dotenv@17.2.3] injecting env (0) from .env.local -- tip: 🛠️  run anywhere with `dotenvx run -- yourcommand`
[dotenv@17.2.3] injecting env (0) from .env -- tip: 🔄 add secrets lifecycle management: https://dotenvx.com/ops
[dotenv@17.2.3] injecting env (0) from .env.local -- tip: ✅ audit secrets and track compliance: https://dotenvx.com/ops
[dotenv@17.2.3] injecting env (0) from .env -- tip: 🛠️  run anywhere with `dotenvx run -- yourcommand`
  ✓  839 [Mobile Chrome] › tests\e2e\journeys\03-listing-management.spec.ts:142:9 › Listing Management Journeys › J019: Delete listing › @auth - Delete listing with confirmation (10.6s)
  ✘  837 [Mobile Chrome] › tests\e2e\journeys\03-listing-management.spec.ts:102:9 › Listing Management Journeys › J018: Edit existing listing › @auth - Edit listing details (27.1s)
  ✓  841 [Mobile Chrome] › tests\e2e\journeys\03-listing-management.spec.ts:169:9 › Listing Management Journeys › J019: Delete listing › @auth - Cancel delete confirmation (10.8s)
  ✘  838 [Mobile Chrome] › tests\e2e\journeys\03-listing-management.spec.ts:16:9 › Listing Management Journeys › J017: Create new listing › @auth @mobile - Complete listing creation flow (retry #1) (22.6s)
[dotenv@17.2.3] injecting env (0) from .env.local -- tip: 🔑 add access controls to secrets: https://dotenvx.com/ops
[dotenv@17.2.3] injecting env (0) from .env -- tip: 👥 sync secrets across teammates & machines: https://dotenvx.com/ops
  ✓  842 [Mobile Chrome] › tests\e2e\journeys\03-listing-management.spec.ts:193:9 › Listing Management Journeys › J020: Pause and reactivate listing › @auth - Toggle listing status (8.5s)
  ✘  840 [Mobile Chrome] › tests\e2e\journeys\03-listing-management.spec.ts:82:9 › Listing Management Journeys › J017: Create new listing › @auth - Validation errors for missing required fields (retry #1) (25.9s)
[dotenv@17.2.3] injecting env (0) from .env.local -- tip: 🔑 add access controls to secrets: https://dotenvx.com/ops
[dotenv@17.2.3] injecting env (0) from .env -- tip: 🔄 add secrets lifecycle management: https://dotenvx.com/ops
  ✓  845 [Mobile Chrome] › tests\e2e\journeys\03-listing-management.spec.ts:222:9 › Listing Management Journeys › J021-J022: Image upload › @auth @slow - Upload images to listing (4.1s)
[dotenv@17.2.3] injecting env (0) from .env.local -- tip: 👥 sync secrets across teammates & machines: https://dotenvx.com/ops
[dotenv@17.2.3] injecting env (0) from .env -- tip: 🛠️  run anywhere with `dotenvx run -- yourcommand`
  ✘  844 [Mobile Chrome] › tests\e2e\journeys\03-listing-management.spec.ts:245:9 › Listing Management Journeys › J023-J024: Listing from profile access › @auth - Access listing management from profile (7.9s)
[dotenv@17.2.3] injecting env (0) from .env.local -- tip: 🔄 add secrets lifecycle management: https://dotenvx.com/ops
[dotenv@17.2.3] injecting env (0) from .env -- tip: ⚙️  enable debug logging with { debug: true }
  ✓  846 [Mobile Chrome] › tests\e2e\journeys\03-listing-management.spec.ts:288:9 › Listing Management Journeys › J025-J026: Listing creation edge cases › @auth - Draft persistence (9.0s)
  ✘  848 [Mobile Chrome] › tests\e2e\journeys\03-listing-management.spec.ts:245:9 › Listing Management Journeys › J023-J024: Listing from profile access › @auth - Access listing management from profile (retry #1) (5.6s)
  ✓  849 [Mobile Chrome] › tests\e2e\journeys\04-favorites-saved-searches.spec.ts:15:9 › Favorites & Saved Searches Journeys › J027: Save and unsave listing › @auth @mobile - Toggle favorite on listing (5.4s)
[dotenv@17.2.3] injecting env (0) from .env.local -- tip: 🔑 add access controls to secrets: https://dotenvx.com/ops
[dotenv@17.2.3] injecting env (0) from .env -- tip: 👥 sync secrets across teammates & machines: https://dotenvx.com/ops
  ✘  843 [Mobile Chrome] › tests\e2e\journeys\03-listing-management.spec.ts:102:9 › Listing Management Journeys › J018: Edit existing listing › @auth - Edit listing details (retry #1) (23.7s)
  ✓  850 [Mobile Chrome] › tests\e2e\journeys\04-favorites-saved-searches.spec.ts:66:9 › Favorites & Saved Searches Journeys › J028: Manage saved listings › @auth - Remove from saved page (3.1s)
  ✘  851 [Mobile Chrome] › tests\e2e\journeys\04-favorites-saved-searches.spec.ts:46:9 › Favorites & Saved Searches Journeys › J027: Save and unsave listing › @auth - View saved listings page (2.8s)
  ✓  852 [Mobile Chrome] › tests\e2e\journeys\04-favorites-saved-searches.spec.ts:129:9 › Favorites & Saved Searches Journeys › J029-J030: Create saved search › @auth - View saved searches (1.6s)
  ✘  847 [Mobile Chrome] › tests\e2e\journeys\03-listing-management.spec.ts:264:9 › Listing Management Journeys › J025-J026: Listing creation edge cases › @auth - Address geocoding validation (18.8s)
[dotenv@17.2.3] injecting env (0) from .env.local -- tip: 🔐 encrypt with Dotenvx: https://dotenvx.com
[dotenv@17.2.3] injecting env (0) from .env -- tip: ⚙️  load multiple .env files with { path: ['.env.local', '.env'] }
  ✓  853 [Mobile Chrome] › tests\e2e\journeys\04-favorites-saved-searches.spec.ts:145:9 › Favorites & Saved Searches Journeys › J031-J032: Manage saved searches › @auth - Delete saved search (1.3s)
[dotenv@17.2.3] injecting env (0) from .env.local -- tip: 🛠️  run anywhere with `dotenvx run -- yourcommand`
[dotenv@17.2.3] injecting env (0) from .env -- tip: 🔑 add access controls to secrets: https://dotenvx.com/ops
  ✓  855 [Mobile Chrome] › tests\e2e\journeys\04-favorites-saved-searches.spec.ts:170:9 › Favorites & Saved Searches Journeys › J031-J032: Manage saved searches › @auth - Run saved search (2.0s)
[dotenv@17.2.3] injecting env (0) from .env.local -- tip: 🛠️  run anywhere with `dotenvx run -- yourcommand`
[dotenv@17.2.3] injecting env (0) from .env -- tip: 👥 sync secrets across teammates & machines: https://dotenvx.com/ops
  ✓  854 [Mobile Chrome] › tests\e2e\journeys\04-favorites-saved-searches.spec.ts:93:9 › Favorites & Saved Searches Journeys › J029-J030: Create saved search › @auth - Save search with filters (2.7s)
  ✓  857 [Mobile Chrome] › tests\e2e\journeys\04-favorites-saved-searches.spec.ts:192:9 › Favorites & Saved Searches Journeys › J033-J034: Alert configuration › @auth - Toggle search alerts (2.3s)
  ✘  856 [Mobile Chrome] › tests\e2e\journeys\04-favorites-saved-searches.spec.ts:46:9 › Favorites & Saved Searches Journeys › J027: Save and unsave listing › @auth - View saved listings page (retry #1) (3.0s)
[dotenv@17.2.3] injecting env (0) from .env.local -- tip: 🔐 prevent building .env in docker: https://dotenvx.com/prebuild
[dotenv@17.2.3] injecting env (0) from .env -- tip: 🔄 add secrets lifecycle management: https://dotenvx.com/ops
  ✓  859 [Mobile Chrome] › tests\e2e\journeys\04-favorites-saved-searches.spec.ts:209:9 › Favorites & Saved Searches Journeys › J035-J036: Recently viewed › @auth - View recently viewed listings (6.5s)
  ✓  860 [Mobile Chrome] › tests\e2e\journeys\05-booking.spec.ts:15:9 › Booking Journeys › J037: Submit booking request › @auth - Request to book a listing (5.6s)
  ✓  862 [Mobile Chrome] › tests\e2e\journeys\05-booking.spec.ts:79:9 › Booking Journeys › J038: View booking requests › @auth - View pending bookings (2.1s)
  ✓  863 [Mobile Chrome] › tests\e2e\journeys\05-booking.spec.ts:100:9 › Booking Journeys › J039-J040: Accept/Reject booking › @auth - Accept a booking request (1.6s)
  ✓  861 [Mobile Chrome] › tests\e2e\journeys\05-booking.spec.ts:55:9 › Booking Journeys › J037: Submit booking request › @auth - Cannot book own listing (4.3s)
  ✓  864 [Mobile Chrome] › tests\e2e\journeys\05-booking.spec.ts:123:9 › Booking Journeys › J039-J040: Accept/Reject booking › @auth - Reject a booking request (3.0s)
  ✓  865 [Mobile Chrome] › tests\e2e\journeys\05-booking.spec.ts:151:9 › Booking Journeys › J041-J042: Cancel booking › @auth - Cancel own booking request (2.8s)
  ✘  866 [Mobile Chrome] › tests\e2e\journeys\05-booking.spec.ts:177:9 › Booking Journeys › J043-J044: Booking calendar › @auth - View booking calendar on listing (3.8s)
  ✘  868 [Mobile Chrome] › tests\e2e\journeys\05-booking.spec.ts:222:9 › Booking Journeys › J045-J046: Booking notifications › @auth - View booking in notifications (2.9s)
  ✓  867 [Mobile Chrome] › tests\e2e\journeys\05-booking.spec.ts:197:9 › Booking Journeys › J043-J044: Booking calendar › @auth - Date picker validation (4.6s)
  ✓  869 [Mobile Chrome] › tests\e2e\journeys\05-booking.spec.ts:235:9 › Booking Journeys › J045-J046: Booking notifications › @auth - Booking status in email (mock check) (1.7s)
[dotenv@17.2.3] injecting env (0) from .env.local -- tip: 🔐 encrypt with Dotenvx: https://dotenvx.com
[dotenv@17.2.3] injecting env (0) from .env -- tip: 🔐 encrypt with Dotenvx: https://dotenvx.com
[dotenv@17.2.3] injecting env (0) from .env.local -- tip: ⚙️  suppress all logs with { quiet: true }
[dotenv@17.2.3] injecting env (0) from .env -- tip: 🛠️  run anywhere with `dotenvx run -- yourcommand`
  ✘  858 [Mobile Chrome] › tests\e2e\journeys\03-listing-management.spec.ts:264:9 › Listing Management Journeys › J025-J026: Listing creation edge cases › @auth - Address geocoding validation (retry #1) (20.3s)
  ✓  870 [Mobile Chrome] › tests\e2e\journeys\06-messaging.spec.ts:15:9 › Messaging Journeys › J047: Start new conversation › @auth - Contact host from listing (5.9s)
[dotenv@17.2.3] injecting env (0) from .env.local -- tip: 🔐 prevent building .env in docker: https://dotenvx.com/prebuild
[dotenv@17.2.3] injecting env (0) from .env -- tip: ✅ audit secrets and track compliance: https://dotenvx.com/ops
  ✘  872 [Mobile Chrome] › tests\e2e\journeys\05-booking.spec.ts:222:9 › Booking Journeys › J045-J046: Booking notifications › @auth - View booking in notifications (retry #1) (4.5s)
  ✓  873 [Mobile Chrome] › tests\e2e\journeys\06-messaging.spec.ts:66:9 › Messaging Journeys › J048: View conversations › @auth - Click conversation to view messages (3.3s)
  ✘  874 [Mobile Chrome] › tests\e2e\journeys\06-messaging.spec.ts:49:9 › Messaging Journeys › J048: View conversations › @auth - View messages inbox (2.8s)
[dotenv@17.2.3] injecting env (0) from .env.local -- tip: 📡 add observability to secrets: https://dotenvx.com/ops
[dotenv@17.2.3] injecting env (0) from .env -- tip: 👥 sync secrets across teammates & machines: https://dotenvx.com/ops
  ✘  871 [Mobile Chrome] › tests\e2e\journeys\05-booking.spec.ts:177:9 › Booking Journeys › J043-J044: Booking calendar › @auth - View booking calendar on listing (retry #1) (8.3s)
  ✓  875 [Mobile Chrome] › tests\e2e\journeys\06-messaging.spec.ts:120:9 › Messaging Journeys › J050: Real-time message updates › @auth @slow - Message polling check (1.4s)
  ✓  876 [Mobile Chrome] › tests\e2e\journeys\06-messaging.spec.ts:88:9 › Messaging Journeys › J049: Send message in conversation › @auth - Send and receive message (2.0s)
  ✓  877 [Mobile Chrome] › tests\e2e\journeys\06-messaging.spec.ts:158:9 › Messaging Journeys › J051-J052: Unread message indicators › @auth - Mark conversation as read (1.8s)
[dotenv@17.2.3] injecting env (0) from .env.local -- tip: 🔐 prevent committing .env to code: https://dotenvx.com/precommit
[dotenv@17.2.3] injecting env (0) from .env -- tip: ✅ audit secrets and track compliance: https://dotenvx.com/ops
[dotenv@17.2.3] injecting env (0) from .env.local -- tip: 🔄 add secrets lifecycle management: https://dotenvx.com/ops
[dotenv@17.2.3] injecting env (0) from .env -- tip: 🔑 add access controls to secrets: https://dotenvx.com/ops
  ✓  878 [Mobile Chrome] › tests\e2e\journeys\06-messaging.spec.ts:179:9 › Messaging Journeys › J053-J054: Block user in messaging › @auth - Block user from conversation (2.0s)
  ✓  879 [Mobile Chrome] › tests\e2e\journeys\06-messaging.spec.ts:218:9 › Messaging Journeys › J055-J056: Message edge cases › @auth - Empty message not sent (2.1s)
  ✓  882 [Mobile Chrome] › tests\e2e\journeys\06-messaging.spec.ts:239:9 › Messaging Journeys › J055-J056: Message edge cases › @auth @offline - Message queue on network error (3.6s)
  ✘  881 [Mobile Chrome] › tests\e2e\journeys\06-messaging.spec.ts:142:9 › Messaging Journeys › J051-J052: Unread message indicators › @auth - Unread badge in navigation (4.0s)
  ✘  880 [Mobile Chrome] › tests\e2e\journeys\06-messaging.spec.ts:49:9 › Messaging Journeys › J048: View conversations › @auth - View messages inbox (retry #1) (4.0s)
  ✓  883 [Mobile Chrome] › tests\e2e\journeys\07-reviews.spec.ts:15:9 › Reviews Journeys › J057: View listing reviews › undefined - Display reviews on listing page (5.4s)
[dotenv@17.2.3] injecting env (0) from .env.local -- tip: 🔐 prevent building .env in docker: https://dotenvx.com/prebuild
[dotenv@17.2.3] injecting env (0) from .env -- tip: ⚙️  load multiple .env files with { path: ['.env.local', '.env'] }
[dotenv@17.2.3] injecting env (0) from .env.local -- tip: ⚙️  load multiple .env files with { path: ['.env.local', '.env'] }
[dotenv@17.2.3] injecting env (0) from .env -- tip: ⚙️  load multiple .env files with { path: ['.env.local', '.env'] }
  ✓  885 [Mobile Chrome] › tests\e2e\journeys\07-reviews.spec.ts:107:9 › Reviews Journeys › J058: Write a review › @auth - Star rating interaction (2.0s)
  ✓  884 [Mobile Chrome] › tests\e2e\journeys\07-reviews.spec.ts:41:9 › Reviews Journeys › J057: View listing reviews › undefined - Review pagination (5.5s)
  ✓  888 [Mobile Chrome] › tests\e2e\journeys\07-reviews.spec.ts:66:9 › Reviews Journeys › J058: Write a review › @auth - Submit review for completed booking (8.2s)
  ✓  889 [Mobile Chrome] › tests\e2e\journeys\07-reviews.spec.ts:165:9 › Reviews Journeys › J060: Delete review › @auth - Delete own review (8.3s)
  ✘  886 [Mobile Chrome] › tests\e2e\journeys\06-messaging.spec.ts:142:9 › Messaging Journeys › J051-J052: Unread message indicators › @auth - Unread badge in navigation (retry #1) (10.8s)
  ✓  890 [Mobile Chrome] › tests\e2e\journeys\07-reviews.spec.ts:195:9 › Reviews Journeys › J061-J062: Review responses › @auth - Host responds to review (9.7s)
[dotenv@17.2.3] injecting env (0) from .env.local -- tip: ⚙️  load multiple .env files with { path: ['.env.local', '.env'] }
[dotenv@17.2.3] injecting env (0) from .env -- tip: ⚙️  enable debug logging with { debug: true }
  ✘  887 [Mobile Chrome] › tests\e2e\journeys\07-reviews.spec.ts:131:9 › Reviews Journeys › J059: Edit review › @auth - Edit own review (18.5s)
  ✓  891 [Mobile Chrome] › tests\e2e\journeys\07-reviews.spec.ts:218:9 › Reviews Journeys › J061-J062: Review responses › undefined - View host response on review (12.8s)
[dotenv@17.2.3] injecting env (0) from .env.local -- tip: ✅ audit secrets and track compliance: https://dotenvx.com/ops
[dotenv@17.2.3] injecting env (0) from .env -- tip: ⚙️  specify custom .env file path with { path: '/custom/path/.env' }
  ✓  894 [Mobile Chrome] › tests\e2e\journeys\07-reviews.spec.ts:265:9 › Reviews Journeys › J065-J066: Review validation and edge cases › @auth - Review character limit (6.3s)
  ✓  892 [Mobile Chrome] › tests\e2e\journeys\07-reviews.spec.ts:250:9 › Reviews Journeys › J063-J064: Review filtering and sorting › undefined - Sort reviews by date (18.0s)
  ✓  893 [Mobile Chrome] › tests\e2e\journeys\07-reviews.spec.ts:234:9 › Reviews Journeys › J063-J064: Review filtering and sorting › undefined - Filter reviews by rating (17.5s)
  ✘  897 [Mobile Chrome] › tests\e2e\journeys\08-profile-settings.spec.ts:15:9 › Profile & Settings Journeys › J067: View user profile › @auth - View own profile (10.7s)
  ✘  898 [Mobile Chrome] › tests\e2e\journeys\08-profile-settings.spec.ts:39:9 › Profile & Settings Journeys › J067: View user profile › undefined - View other user's public profile (8.6s)
  ✓  896 [Mobile Chrome] › tests\e2e\journeys\07-reviews.spec.ts:289:9 › Reviews Journeys › J065-J066: Review validation and edge cases › @auth - Cannot review without completed booking (20.3s)
[dotenv@17.2.3] injecting env (0) from .env.local -- tip: ⚙️  write to custom object with { processEnv: myObject }
[dotenv@17.2.3] injecting env (0) from .env -- tip: ⚙️  write to custom object with { processEnv: myObject }
[dotenv@17.2.3] injecting env (0) from .env.local -- tip: 🔑 add access controls to secrets: https://dotenvx.com/ops
[dotenv@17.2.3] injecting env (0) from .env -- tip: ⚙️  load multiple .env files with { path: ['.env.local', '.env'] }
  ✘  895 [Mobile Chrome] › tests\e2e\journeys\07-reviews.spec.ts:131:9 › Reviews Journeys › J059: Edit review › @auth - Edit own review (retry #1) (33.7s)
  ✘  899 [Mobile Chrome] › tests\e2e\journeys\08-profile-settings.spec.ts:55:9 › Profile & Settings Journeys › J068: Edit profile information › @auth - Update profile name and bio (24.6s)
  ✘  900 [Mobile Chrome] › tests\e2e\journeys\08-profile-settings.spec.ts:39:9 › Profile & Settings Journeys › J067: View user profile › undefined - View other user's public profile (retry #1) (17.5s)
  ✘  901 [Mobile Chrome] › tests\e2e\journeys\08-profile-settings.spec.ts:15:9 › Profile & Settings Journeys › J067: View user profile › @auth - View own profile (retry #1) (19.5s)
[dotenv@17.2.3] injecting env (0) from .env.local -- tip: 🔄 add secrets lifecycle management: https://dotenvx.com/ops
[dotenv@17.2.3] injecting env (0) from .env -- tip: 🔄 add secrets lifecycle management: https://dotenvx.com/ops
[dotenv@17.2.3] injecting env (0) from .env.local -- tip: 🗂️ backup and recover secrets: https://dotenvx.com/ops
[dotenv@17.2.3] injecting env (0) from .env -- tip: ⚙️  suppress all logs with { quiet: true }
[dotenv@17.2.3] injecting env (0) from .env.local -- tip: 🔑 add access controls to secrets: https://dotenvx.com/ops
[dotenv@17.2.3] injecting env (0) from .env -- tip: ⚙️  specify custom .env file path with { path: '/custom/path/.env' }
[dotenv@17.2.3] injecting env (0) from .env.local -- tip: ⚙️  suppress all logs with { quiet: true }
[dotenv@17.2.3] injecting env (0) from .env -- tip: ✅ audit secrets and track compliance: https://dotenvx.com/ops
  ✓  902 [Mobile Chrome] › tests\e2e\journeys\08-profile-settings.spec.ts:93:9 › Profile & Settings Journeys › J068: Edit profile information › @auth - Upload profile picture (15.6s)
  ✓  904 [Mobile Chrome] › tests\e2e\journeys\08-profile-settings.spec.ts:114:9 › Profile & Settings Journeys › J069: Notification settings › @auth - Toggle email notifications (13.9s)
  ✓  905 [Mobile Chrome] › tests\e2e\journeys\08-profile-settings.spec.ts:143:9 › Profile & Settings Journeys › J069: Notification settings › @auth - Configure notification preferences (12.6s)
  ✓  906 [Mobile Chrome] › tests\e2e\journeys\08-profile-settings.spec.ts:167:9 › Profile & Settings Journeys › J070: Privacy settings › @auth - Toggle profile visibility (24.5s)
  ✘  907 [Mobile Chrome] › tests\e2e\journeys\08-profile-settings.spec.ts:187:9 › Profile & Settings Journeys › J071: Change password › @auth - Change password flow (24.9s)
  ✓  908 [Mobile Chrome] › tests\e2e\journeys\08-profile-settings.spec.ts:222:9 › Profile & Settings Journeys › J071: Change password › @auth - Password strength validation (26.0s)
  ✘  903 [Mobile Chrome] › tests\e2e\journeys\08-profile-settings.spec.ts:55:9 › Profile & Settings Journeys › J068: Edit profile information › @auth - Update profile name and bio (retry #1) (41.4s)
  ✓  909 [Mobile Chrome] › tests\e2e\journeys\08-profile-settings.spec.ts:247:9 › Profile & Settings Journeys › J072: Connected accounts › @auth - View connected OAuth providers (9.9s)
  ✓  910 [Mobile Chrome] › tests\e2e\journeys\08-profile-settings.spec.ts:262:9 › Profile & Settings Journeys › J073-J074: Account management › @auth - Deactivate account option (7.0s)
  ✓  911 [Mobile Chrome] › tests\e2e\journeys\08-profile-settings.spec.ts:314:9 › Profile & Settings Journeys › J075-J076: Theme and preferences › @auth - Toggle dark mode (5.2s)
[dotenv@17.2.3] injecting env (0) from .env.local -- tip: ⚙️  write to custom object with { processEnv: myObject }
[dotenv@17.2.3] injecting env (0) from .env -- tip: 📡 add observability to secrets: https://dotenvx.com/ops
  ✓  912 [Mobile Chrome] › tests\e2e\journeys\08-profile-settings.spec.ts:337:9 › Profile & Settings Journeys › J075-J076: Theme and preferences › @auth - Language preference (6.2s)
[dotenv@17.2.3] injecting env (0) from .env.local -- tip: ⚙️  override existing env vars with { override: true }
[dotenv@17.2.3] injecting env (0) from .env -- tip: ⚙️  load multiple .env files with { path: ['.env.local', '.env'] }
  ✘  913 [Mobile Chrome] › tests\e2e\journeys\09-verification-admin.spec.ts:15:9 › Verification Journeys › J077: Identity verification submission › @auth - Start verification process (5.0s)
  ✓  915 [Mobile Chrome] › tests\e2e\journeys\09-verification-admin.spec.ts:35:9 › Verification Journeys › J077: Identity verification submission › @auth @slow - Upload verification documents (6.5s)
  ✓  916 [Mobile Chrome] › tests\e2e\journeys\08-profile-settings.spec.ts:288:9 › Profile & Settings Journeys › J073-J074: Account management › @auth - Delete account warning (8.4s)
  ✘  914 [Mobile Chrome] › tests\e2e\journeys\08-profile-settings.spec.ts:187:9 › Profile & Settings Journeys › J071: Change password › @auth - Change password flow (retry #1) (11.2s)
[dotenv@17.2.3] injecting env (0) from .env.local -- tip: ✅ audit secrets and track compliance: https://dotenvx.com/ops
[dotenv@17.2.3] injecting env (0) from .env -- tip: 🔑 add access controls to secrets: https://dotenvx.com/ops
  ✓  918 [Mobile Chrome] › tests\e2e\journeys\09-verification-admin.spec.ts:73:9 › Verification Journeys › J078: Verification status tracking › @auth - Cancel pending verification (10.6s)
[dotenv@17.2.3] injecting env (0) from .env.local -- tip: 🔐 encrypt with Dotenvx: https://dotenvx.com
[dotenv@17.2.3] injecting env (0) from .env -- tip: 🔐 prevent committing .env to code: https://dotenvx.com/precommit
  ✘  919 [Mobile Chrome] › tests\e2e\journeys\09-verification-admin.spec.ts:15:9 › Verification Journeys › J077: Identity verification submission › @auth - Start verification process (retry #1) (12.6s)
  ✓  921 [Mobile Chrome] › tests\e2e\journeys\09-verification-admin.spec.ts:98:9 › Verification Journeys › J079: Verified badge display › undefined - Verified badge on profile (7.6s)
